ok  	github.com/rackerlabs/opencenter-cli/internal/ansible	0.786s	coverage: 90.6% of statements
ok  	github.com/rackerlabs/opencenter-cli/internal/barbican	0.806s	coverage: 47.6% of statements
ok  	github.com/rackerlabs/opencenter-cli/internal/benchmarks	0.682s	coverage: [no statements] [no tests to run]
ok  	github.com/rackerlabs/opencenter-cli/internal/cloud/openstack	0.679s	coverage: 100.0% of statements
# github.com/rackerlabs/opencenter-cli/internal/config/flags [github.com/rackerlabs/opencenter-cli/internal/config/flags.test]
internal/config/flags/parser.go:162:35: undefined: ArrayFlagHandler
DEPRECATION WARNING: config.Save() is deprecated and will be removed in v2.0.0.
  Please use internal/core/config.ConfigManager.Save() instead.
  Set OPENCENTER_DISABLE_DEPRECATION_WARNINGS=true to suppress this warning.
DEPRECATION WARNING: config.ConfigPath() is deprecated and will be removed in v2.0.0.
  Please use internal/core/paths.PathResolver.ResolveClusterPaths() instead.
  Set OPENCENTER_DISABLE_DEPRECATION_WARNINGS=true to suppress this warning.
DEPRECATION WARNING: config.ValidateClusterName() is deprecated and will be removed in v2.0.0.
  Please use internal/core/validation.ValidationEngine with "cluster-name" validator instead.
  Set OPENCENTER_DISABLE_DEPRECATION_WARNINGS=true to suppress this warning.
DEPRECATION WARNING: config.ResolveConfigDir() is deprecated and will be removed in v2.0.0.
  Please use internal/core/paths.PathResolver instead.
  Set OPENCENTER_DISABLE_DEPRECATION_WARNINGS=true to suppress this warning.
DEPRECATION WARNING: config.ExpandPath() is deprecated and will be removed in v2.0.0.
  Please use internal/core/paths.PathResolver.ExpandPath() instead.
  Set OPENCENTER_DISABLE_DEPRECATION_WARNINGS=true to suppress this warning.
DEPRECATION WARNING: config.Load() is deprecated and will be removed in v2.0.0.
  Please use internal/core/config.ConfigManager instead.
  Set OPENCENTER_DISABLE_DEPRECATION_WARNINGS=true to suppress this warning.
--- FAIL: TestInitService_Initialize (0.02s)
    --- FAIL: TestInitService_Initialize/successful_initialization (0.00s)
        init_service_test.go:96: Initialize() error = cluster directory already exists at /var/folders/k9/wqjjrplx5675lbp_vlr4_k880000gp/T/TestInitService_Initialize2925167693/001/test-org/infrastructure/clusters/test-cluster, use --force to overwrite, wantErr false
    --- FAIL: TestInitService_Initialize/invalid_cluster_name (0.01s)
        init_service_test.go:96: Initialize() error = <nil>, wantErr true
--- FAIL: TestInitService_Initialize_WithKeyGeneration (0.02s)
    init_service_test.go:428: Initialize() error = cluster directory already exists at /var/folders/k9/wqjjrplx5675lbp_vlr4_k880000gp/T/TestInitService_Initialize_WithKeyGeneration1302520167/001/test-org/infrastructure/clusters/test-cluster, use --force to overwrite
--- FAIL: TestInitService_Initialize_WithGitInit (0.02s)
    init_service_test.go:471: Initialize() error = cluster directory already exists at /var/folders/k9/wqjjrplx5675lbp_vlr4_k880000gp/T/TestInitService_Initialize_WithGitInit2263573150/001/test-org/infrastructure/clusters/test-cluster, use --force to overwrite
--- FAIL: TestInitService_Initialize_DifferentProviders (0.02s)
    --- FAIL: TestInitService_Initialize_DifferentProviders/openstack (0.00s)
        init_service_test.go:516: Initialize() error = cluster directory already exists at /var/folders/k9/wqjjrplx5675lbp_vlr4_k880000gp/T/TestInitService_Initialize_DifferentProviders885307123/001/test-org/infrastructure/clusters/test-cluster-openstack, use --force to overwrite
    --- FAIL: TestInitService_Initialize_DifferentProviders/aws (0.00s)
        init_service_test.go:516: Initialize() error = cluster directory already exists at /var/folders/k9/wqjjrplx5675lbp_vlr4_k880000gp/T/TestInitService_Initialize_DifferentProviders885307123/001/test-org/infrastructure/clusters/test-cluster-aws, use --force to overwrite
    --- FAIL: TestInitService_Initialize_DifferentProviders/kind (0.00s)
        init_service_test.go:516: Initialize() error = cluster directory already exists at /var/folders/k9/wqjjrplx5675lbp_vlr4_k880000gp/T/TestInitService_Initialize_DifferentProviders885307123/001/test-org/infrastructure/clusters/test-cluster-kind, use --force to overwrite
    --- FAIL: TestInitService_Initialize_DifferentProviders/vsphere (0.00s)
        init_service_test.go:516: Initialize() error = cluster directory already exists at /var/folders/k9/wqjjrplx5675lbp_vlr4_k880000gp/T/TestInitService_Initialize_DifferentProviders885307123/001/test-org/infrastructure/clusters/test-cluster-vsphere, use --force to overwrite
FAIL
coverage: 49.1% of statements
FAIL	github.com/rackerlabs/opencenter-cli/internal/cluster	1.484s
DEPRECATION WARNING: config.ResolveConfigDir() is deprecated and will be removed in v2.0.0.
  Please use internal/core/paths.PathResolver instead.
  Set OPENCENTER_DISABLE_DEPRECATION_WARNINGS=true to suppress this warning.
DEPRECATION WARNING: config.ExpandPath() is deprecated and will be removed in v2.0.0.
  Please use internal/core/paths.PathResolver.ExpandPath() instead.
  Set OPENCENTER_DISABLE_DEPRECATION_WARNINGS=true to suppress this warning.
+ builder methods support chaining: OK, passed 100 tests.
+ builder instances are independent: OK, passed 100 tests.
+ validation is deterministic: OK, passed 100 tests.
+ clearing required fields produces errors: OK, passed 100 tests.
+ invalid node counts produce errors: OK, passed 100 tests.
+ provider-specific validation is enforced: OK, passed 100 tests.
+ valid configurations build successfully: OK, passed 100 tests.
+ metadata timestamps are set on build: OK, passed 100 tests.
+ tags and annotations are stored correctly: OK, passed 100 tests.
+ service configuration is applied correctly: OK, passed 100 tests.
+ overrides are stored correctly: OK, passed 100 tests.
time="2026-02-01T16:09:14.675-06:00" level=info msg="Test message for format: text"
{"level":"info","msg":"Test message for format: json","time":"2026-02-01T16:09:14.675-06:00"}
timestamp: 2026-02-01T16:09:14.675-06:00
level: info
message: "Test message for format: yaml"
---
time="2026-02-01T16:09:14.676-06:00" level=debug msg="Debug message"
time="2026-02-01T16:09:14.676-06:00" level=debug msg="Debug message with format: test"
time="2026-02-01T16:09:14.676-06:00" level=info msg="Info message"
time="2026-02-01T16:09:14.676-06:00" level=info msg="Info message with format: 42"
time="2026-02-01T16:09:14.676-06:00" level=warning msg="Warning message"
time="2026-02-01T16:09:14.676-06:00" level=warning msg="Warning message with format: true"
time="2026-02-01T16:09:14.676-06:00" level=error msg="Error message"
time="2026-02-01T16:09:14.676-06:00" level=error msg="Error message with format: error"
time="2026-02-01T16:09:14.676-06:00" level=info msg="Message with field" key=value
time="2026-02-01T16:09:14.676-06:00" level=info msg="Message with fields" key1=value1 key2=42
DEPRECATION WARNING: config.Save() is deprecated and will be removed in v2.0.0.
  Please use internal/core/config.ConfigManager.Save() instead.
  Set OPENCENTER_DISABLE_DEPRECATION_WARNINGS=true to suppress this warning.
DEPRECATION WARNING: config.ConfigPath() is deprecated and will be removed in v2.0.0.
  Please use internal/core/paths.PathResolver.ResolveClusterPaths() instead.
  Set OPENCENTER_DISABLE_DEPRECATION_WARNINGS=true to suppress this warning.
DEPRECATION WARNING: config.ValidateClusterName() is deprecated and will be removed in v2.0.0.
  Please use internal/core/validation.ValidationEngine with "cluster-name" validator instead.
  Set OPENCENTER_DISABLE_DEPRECATION_WARNINGS=true to suppress this warning.
DEPRECATION WARNING: config.List() is deprecated and will be removed in v2.0.0.
  Please use internal/core/paths.PathResolver instead.
  Set OPENCENTER_DISABLE_DEPRECATION_WARNINGS=true to suppress this warning.
DEPRECATION WARNING: config.SetActive() is deprecated and will be removed in v2.0.0.
  Please use internal/core/config.ConfigManager instead.
  Set OPENCENTER_DISABLE_DEPRECATION_WARNINGS=true to suppress this warning.
DEPRECATION WARNING: config.GetActive() is deprecated and will be removed in v2.0.0.
  Please use internal/core/config.ConfigManager instead.
  Set OPENCENTER_DISABLE_DEPRECATION_WARNINGS=true to suppress this warning.
DEPRECATION WARNING: config.Load() is deprecated and will be removed in v2.0.0.
  Please use internal/core/config.ConfigManager instead.
  Set OPENCENTER_DISABLE_DEPRECATION_WARNINGS=true to suppress this warning.
DEPRECATION WARNING: config.SaveDebugConfig() is deprecated and will be removed in v2.0.0.
  Please use internal/core/config.ConfigManager instead.
  Set OPENCENTER_DISABLE_DEPRECATION_WARNINGS=true to suppress this warning.
DEPRECATION WARNING: config.GenerateCompleteConfigYAML() is deprecated and will be removed in v2.0.0.
  Please use internal/core/config.ConfigManager.Load() with yaml.Marshal() instead.
  Set OPENCENTER_DISABLE_DEPRECATION_WARNINGS=true to suppress this warning.
DEPRECATION WARNING: config.GenerateCompleteConfig() is deprecated and will be removed in v2.0.0.
  Please use internal/core/config.ConfigManager.Load() with merge options instead.
  Set OPENCENTER_DISABLE_DEPRECATION_WARNINGS=true to suppress this warning.
DEPRECATION WARNING: config.NewConfigLoader() is deprecated and will be removed in v2.0.0.
  Please use internal/core/config.NewConfigManager() instead.
  Set OPENCENTER_DISABLE_DEPRECATION_WARNINGS=true to suppress this warning.
--- FAIL: TestConfigLoadingCPUProfile (3.55s)
    --- FAIL: TestConfigLoadingCPUProfile/LoadFromBytes (0.07s)
        loader_profile_test.go:83: LoadFromBytes failed: failed to detect schema version: unsupported schema version: 1.0.0 (supported: 1.0, 2.0)
        loader_profile_test.go:83: LoadFromBytes failed: failed to detect schema version: unsupported schema version: 1.0.0 (supported: 1.0, 2.0)
        loader_profile_test.go:83: LoadFromBytes failed: failed to detect schema version: unsupported schema version: 1.0.0 (supported: 1.0, 2.0)
        loader_profile_test.go:83: LoadFromBytes failed: failed to detect schema version: unsupported schema version: 1.0.0 (supported: 1.0, 2.0)
        loader_profile_test.go:83: LoadFromBytes failed: failed to detect schema version: unsupported schema version: 1.0.0 (supported: 1.0, 2.0)
        loader_profile_test.go:83: LoadFromBytes failed: failed to detect schema version: unsupported schema version: 1.0.0 (supported: 1.0, 2.0)
        loader_profile_test.go:83: LoadFromBytes failed: failed to detect schema version: unsupported schema version: 1.0.0 (supported: 1.0, 2.0)
        loader_profile_test.go:83: LoadFromBytes failed: failed to detect schema version: unsupported schema version: 1.0.0 (supported: 1.0, 2.0)
        loader_profile_test.go:83: LoadFromBytes failed: failed to detect schema version: unsupported schema version: 1.0.0 (supported: 1.0, 2.0)
        loader_profile_test.go:83: LoadFromBytes failed: failed to detect schema version: unsupported schema version: 1.0.0 (supported: 1.0, 2.0)
        loader_profile_test.go:83: LoadFromBytes failed: failed to detect schema version: unsupported schema version: 1.0.0 (supported: 1.0, 2.0)
        loader_profile_test.go:83: LoadFromBytes failed: failed to detect schema version: unsupported schema version: 1.0.0 (supported: 1.0, 2.0)
        loader_profile_test.go:83: LoadFromBytes failed: failed to detect schema version: unsupported schema version: 1.0.0 (supported: 1.0, 2.0)
        loader_profile_test.go:83: LoadFromBytes failed: failed to detect schema version: unsupported schema version: 1.0.0 (supported: 1.0, 2.0)
        loader_profile_test.go:83: LoadFromBytes failed: failed to detect schema version: unsupported schema version: 1.0.0 (supported: 1.0, 2.0)
        loader_profile_test.go:83: LoadFromBytes failed: failed to detect schema version: unsupported schema version: 1.0.0 (supported: 1.0, 2.0)
        loader_profile_test.go:83: LoadFromBytes failed: failed to detect schema version: unsupported schema version: 1.0.0 (supported: 1.0, 2.0)
        loader_profile_test.go:83: LoadFromBytes failed: failed to detect schema version: unsupported schema version: 1.0.0 (supported: 1.0, 2.0)
        loader_profile_test.go:83: LoadFromBytes failed: failed to detect schema version: unsupported schema version: 1.0.0 (supported: 1.0, 2.0)
        loader_profile_test.go:83: LoadFromBytes failed: failed to detect schema version: unsupported schema version: 1.0.0 (supported: 1.0, 2.0)
        loader_profile_test.go:83: LoadFromBytes failed: failed to detect schema version: unsupported schema version: 1.0.0 (supported: 1.0, 2.0)
        loader_profile_test.go:83: LoadFromBytes failed: failed to detect schema version: unsupported schema version: 1.0.0 (supported: 1.0, 2.0)
        loader_profile_test.go:83: LoadFromBytes failed: failed to detect schema version: unsupported schema version: 1.0.0 (supported: 1.0, 2.0)
        loader_profile_test.go:83: LoadFromBytes failed: failed to detect schema version: unsupported schema version: 1.0.0 (supported: 1.0, 2.0)
        loader_profile_test.go:83: LoadFromBytes failed: failed to detect schema version: unsupported schema version: 1.0.0 (supported: 1.0, 2.0)
        loader_profile_test.go:83: LoadFromBytes failed: failed to detect schema version: unsupported schema version: 1.0.0 (supported: 1.0, 2.0)
        loader_profile_test.go:83: LoadFromBytes failed: failed to detect schema version: unsupported schema version: 1.0.0 (supported: 1.0, 2.0)
        loader_profile_test.go:83: LoadFromBytes failed: failed to detect schema version: unsupported schema version: 1.0.0 (supported: 1.0, 2.0)
        loader_profile_test.go:83: LoadFromBytes failed: failed to detect schema version: unsupported schema version: 1.0.0 (supported: 1.0, 2.0)
        loader_profile_test.go:83: LoadFromBytes failed: failed to detect schema version: unsupported schema version: 1.0.0 (supported: 1.0, 2.0)
        loader_profile_test.go:83: LoadFromBytes failed: failed to detect schema version: unsupported schema version: 1.0.0 (supported: 1.0, 2.0)
        loader_profile_test.go:83: LoadFromBytes failed: failed to detect schema version: unsupported schema version: 1.0.0 (supported: 1.0, 2.0)
        loader_profile_test.go:83: LoadFromBytes failed: failed to detect schema version: unsupported schema version: 1.0.0 (supported: 1.0, 2.0)
        loader_profile_test.go:83: LoadFromBytes failed: failed to detect schema version: unsupported schema version: 1.0.0 (supported: 1.0, 2.0)
        loader_profile_test.go:83: LoadFromBytes failed: failed to detect schema version: unsupported schema version: 1.0.0 (supported: 1.0, 2.0)
        loader_profile_test.go:83: LoadFromBytes failed: failed to detect schema version: unsupported schema version: 1.0.0 (supported: 1.0, 2.0)
        loader_profile_test.go:83: LoadFromBytes failed: failed to detect schema version: unsupported schema version: 1.0.0 (supported: 1.0, 2.0)
        loader_profile_test.go:83: LoadFromBytes failed: failed to detect schema version: unsupported schema version: 1.0.0 (supported: 1.0, 2.0)
        loader_profile_test.go:83: LoadFromBytes failed: failed to detect schema version: unsupported schema version: 1.0.0 (supported: 1.0, 2.0)
        loader_profile_test.go:83: LoadFromBytes failed: failed to detect schema version: unsupported schema version: 1.0.0 (supported: 1.0, 2.0)
        loader_profile_test.go:83: LoadFromBytes failed: failed to detect schema version: unsupported schema version: 1.0.0 (supported: 1.0, 2.0)
        loader_profile_test.go:83: LoadFromBytes failed: failed to detect schema version: unsupported schema version: 1.0.0 (supported: 1.0, 2.0)
        loader_profile_test.go:83: LoadFromBytes failed: failed to detect schema version: unsupported schema version: 1.0.0 (supported: 1.0, 2.0)
        loader_profile_test.go:83: LoadFromBytes failed: failed to detect schema version: unsupported schema version: 1.0.0 (supported: 1.0, 2.0)
        loader_profile_test.go:83: LoadFromBytes failed: failed to detect schema version: unsupported schema version: 1.0.0 (supported: 1.0, 2.0)
        loader_profile_test.go:83: LoadFromBytes failed: failed to detect schema version: unsupported schema version: 1.0.0 (supported: 1.0, 2.0)
        loader_profile_test.go:83: LoadFromBytes failed: failed to detect schema version: unsupported schema version: 1.0.0 (supported: 1.0, 2.0)
        loader_profile_test.go:83: LoadFromBytes failed: failed to detect schema version: unsupported schema version: 1.0.0 (supported: 1.0, 2.0)
        loader_profile_test.go:83: LoadFromBytes failed: failed to detect schema version: unsupported schema version: 1.0.0 (supported: 1.0, 2.0)
        loader_profile_test.go:83: LoadFromBytes failed: failed to detect schema version: unsupported schema version: 1.0.0 (supported: 1.0, 2.0)
        loader_profile_test.go:83: LoadFromBytes failed: failed to detect schema version: unsupported schema version: 1.0.0 (supported: 1.0, 2.0)
        loader_profile_test.go:83: LoadFromBytes failed: failed to detect schema version: unsupported schema version: 1.0.0 (supported: 1.0, 2.0)
        loader_profile_test.go:83: LoadFromBytes failed: failed to detect schema version: unsupported schema version: 1.0.0 (supported: 1.0, 2.0)
        loader_profile_test.go:83: LoadFromBytes failed: failed to detect schema version: unsupported schema version: 1.0.0 (supported: 1.0, 2.0)
        loader_profile_test.go:83: LoadFromBytes failed: failed to detect schema version: unsupported schema version: 1.0.0 (supported: 1.0, 2.0)
        loader_profile_test.go:83: LoadFromBytes failed: failed to detect schema version: unsupported schema version: 1.0.0 (supported: 1.0, 2.0)
        loader_profile_test.go:83: LoadFromBytes failed: failed to detect schema version: unsupported schema version: 1.0.0 (supported: 1.0, 2.0)
        loader_profile_test.go:83: LoadFromBytes failed: failed to detect schema version: unsupported schema version: 1.0.0 (supported: 1.0, 2.0)
        loader_profile_test.go:83: LoadFromBytes failed: failed to detect schema version: unsupported schema version: 1.0.0 (supported: 1.0, 2.0)
        loader_profile_test.go:83: LoadFromBytes failed: failed to detect schema version: unsupported schema version: 1.0.0 (supported: 1.0, 2.0)
        loader_profile_test.go:83: LoadFromBytes failed: failed to detect schema version: unsupported schema version: 1.0.0 (supported: 1.0, 2.0)
        loader_profile_test.go:83: LoadFromBytes failed: failed to detect schema version: unsupported schema version: 1.0.0 (supported: 1.0, 2.0)
        loader_profile_test.go:83: LoadFromBytes failed: failed to detect schema version: unsupported schema version: 1.0.0 (supported: 1.0, 2.0)
        loader_profile_test.go:83: LoadFromBytes failed: failed to detect schema version: unsupported schema version: 1.0.0 (supported: 1.0, 2.0)
        loader_profile_test.go:83: LoadFromBytes failed: failed to detect schema version: unsupported schema version: 1.0.0 (supported: 1.0, 2.0)
        loader_profile_test.go:83: LoadFromBytes failed: failed to detect schema version: unsupported schema version: 1.0.0 (supported: 1.0, 2.0)
        loader_profile_test.go:83: LoadFromBytes failed: failed to detect schema version: unsupported schema version: 1.0.0 (supported: 1.0, 2.0)
        loader_profile_test.go:83: LoadFromBytes failed: failed to detect schema version: unsupported schema version: 1.0.0 (supported: 1.0, 2.0)
        loader_profile_test.go:83: LoadFromBytes failed: failed to detect schema version: unsupported schema version: 1.0.0 (supported: 1.0, 2.0)
        loader_profile_test.go:83: LoadFromBytes failed: failed to detect schema version: unsupported schema version: 1.0.0 (supported: 1.0, 2.0)
        loader_profile_test.go:83: LoadFromBytes failed: failed to detect schema version: unsupported schema version: 1.0.0 (supported: 1.0, 2.0)
        loader_profile_test.go:83: LoadFromBytes failed: failed to detect schema version: unsupported schema version: 1.0.0 (supported: 1.0, 2.0)
        loader_profile_test.go:83: LoadFromBytes failed: failed to detect schema version: unsupported schema version: 1.0.0 (supported: 1.0, 2.0)
        loader_profile_test.go:83: LoadFromBytes failed: failed to detect schema version: unsupported schema version: 1.0.0 (supported: 1.0, 2.0)
        loader_profile_test.go:83: LoadFromBytes failed: failed to detect schema version: unsupported schema version: 1.0.0 (supported: 1.0, 2.0)
        loader_profile_test.go:83: LoadFromBytes failed: failed to detect schema version: unsupported schema version: 1.0.0 (supported: 1.0, 2.0)
        loader_profile_test.go:83: LoadFromBytes failed: failed to detect schema version: unsupported schema version: 1.0.0 (supported: 1.0, 2.0)
        loader_profile_test.go:83: LoadFromBytes failed: failed to detect schema version: unsupported schema version: 1.0.0 (supported: 1.0, 2.0)
        loader_profile_test.go:83: LoadFromBytes failed: failed to detect schema version: unsupported schema version: 1.0.0 (supported: 1.0, 2.0)
        loader_profile_test.go:83: LoadFromBytes failed: failed to detect schema version: unsupported schema version: 1.0.0 (supported: 1.0, 2.0)
        loader_profile_test.go:83: LoadFromBytes failed: failed to detect schema version: unsupported schema version: 1.0.0 (supported: 1.0, 2.0)
        loader_profile_test.go:83: LoadFromBytes failed: failed to detect schema version: unsupported schema version: 1.0.0 (supported: 1.0, 2.0)
        loader_profile_test.go:83: LoadFromBytes failed: failed to detect schema version: unsupported schema version: 1.0.0 (supported: 1.0, 2.0)
        loader_profile_test.go:83: LoadFromBytes failed: failed to detect schema version: unsupported schema version: 1.0.0 (supported: 1.0, 2.0)
        loader_profile_test.go:83: LoadFromBytes failed: failed to detect schema version: unsupported schema version: 1.0.0 (supported: 1.0, 2.0)
        loader_profile_test.go:83: LoadFromBytes failed: failed to detect schema version: unsupported schema version: 1.0.0 (supported: 1.0, 2.0)
        loader_profile_test.go:83: LoadFromBytes failed: failed to detect schema version: unsupported schema version: 1.0.0 (supported: 1.0, 2.0)
        loader_profile_test.go:83: LoadFromBytes failed: failed to detect schema version: unsupported schema version: 1.0.0 (supported: 1.0, 2.0)
        loader_profile_test.go:83: LoadFromBytes failed: failed to detect schema version: unsupported schema version: 1.0.0 (supported: 1.0, 2.0)
        loader_profile_test.go:83: LoadFromBytes failed: failed to detect schema version: unsupported schema version: 1.0.0 (supported: 1.0, 2.0)
        loader_profile_test.go:83: LoadFromBytes failed: failed to detect schema version: unsupported schema version: 1.0.0 (supported: 1.0, 2.0)
        loader_profile_test.go:83: LoadFromBytes failed: failed to detect schema version: unsupported schema version: 1.0.0 (supported: 1.0, 2.0)
        loader_profile_test.go:83: LoadFromBytes failed: failed to detect schema version: unsupported schema version: 1.0.0 (supported: 1.0, 2.0)
        loader_profile_test.go:83: LoadFromBytes failed: failed to detect schema version: unsupported schema version: 1.0.0 (supported: 1.0, 2.0)
        loader_profile_test.go:83: LoadFromBytes failed: failed to detect schema version: unsupported schema version: 1.0.0 (supported: 1.0, 2.0)
        loader_profile_test.go:83: LoadFromBytes failed: failed to detect schema version: unsupported schema version: 1.0.0 (supported: 1.0, 2.0)
        loader_profile_test.go:83: LoadFromBytes failed: failed to detect schema version: unsupported schema version: 1.0.0 (supported: 1.0, 2.0)
        loader_profile_test.go:83: LoadFromBytes failed: failed to detect schema version: unsupported schema version: 1.0.0 (supported: 1.0, 2.0)
        loader_profile_test.go:83: LoadFromBytes failed: failed to detect schema version: unsupported schema version: 1.0.0 (supported: 1.0, 2.0)
        loader_profile_test.go:83: LoadFromBytes failed: failed to detect schema version: unsupported schema version: 1.0.0 (supported: 1.0, 2.0)
    --- FAIL: TestConfigLoadingCPUProfile/LoadFromFile (0.08s)
        loader_profile_test.go:107: LoadFromFile failed: failed to detect schema version: unsupported schema version: 1.0.0 (supported: 1.0, 2.0)
        loader_profile_test.go:107: LoadFromFile failed: failed to detect schema version: unsupported schema version: 1.0.0 (supported: 1.0, 2.0)
        loader_profile_test.go:107: LoadFromFile failed: failed to detect schema version: unsupported schema version: 1.0.0 (supported: 1.0, 2.0)
        loader_profile_test.go:107: LoadFromFile failed: failed to detect schema version: unsupported schema version: 1.0.0 (supported: 1.0, 2.0)
        loader_profile_test.go:107: LoadFromFile failed: failed to detect schema version: unsupported schema version: 1.0.0 (supported: 1.0, 2.0)
        loader_profile_test.go:107: LoadFromFile failed: failed to detect schema version: unsupported schema version: 1.0.0 (supported: 1.0, 2.0)
        loader_profile_test.go:107: LoadFromFile failed: failed to detect schema version: unsupported schema version: 1.0.0 (supported: 1.0, 2.0)
        loader_profile_test.go:107: LoadFromFile failed: failed to detect schema version: unsupported schema version: 1.0.0 (supported: 1.0, 2.0)
        loader_profile_test.go:107: LoadFromFile failed: failed to detect schema version: unsupported schema version: 1.0.0 (supported: 1.0, 2.0)
        loader_profile_test.go:107: LoadFromFile failed: failed to detect schema version: unsupported schema version: 1.0.0 (supported: 1.0, 2.0)
        loader_profile_test.go:107: LoadFromFile failed: failed to detect schema version: unsupported schema version: 1.0.0 (supported: 1.0, 2.0)
        loader_profile_test.go:107: LoadFromFile failed: failed to detect schema version: unsupported schema version: 1.0.0 (supported: 1.0, 2.0)
        loader_profile_test.go:107: LoadFromFile failed: failed to detect schema version: unsupported schema version: 1.0.0 (supported: 1.0, 2.0)
        loader_profile_test.go:107: LoadFromFile failed: failed to detect schema version: unsupported schema version: 1.0.0 (supported: 1.0, 2.0)
        loader_profile_test.go:107: LoadFromFile failed: failed to detect schema version: unsupported schema version: 1.0.0 (supported: 1.0, 2.0)
        loader_profile_test.go:107: LoadFromFile failed: failed to detect schema version: unsupported schema version: 1.0.0 (supported: 1.0, 2.0)
        loader_profile_test.go:107: LoadFromFile failed: failed to detect schema version: unsupported schema version: 1.0.0 (supported: 1.0, 2.0)
        loader_profile_test.go:107: LoadFromFile failed: failed to detect schema version: unsupported schema version: 1.0.0 (supported: 1.0, 2.0)
        loader_profile_test.go:107: LoadFromFile failed: failed to detect schema version: unsupported schema version: 1.0.0 (supported: 1.0, 2.0)
        loader_profile_test.go:107: LoadFromFile failed: failed to detect schema version: unsupported schema version: 1.0.0 (supported: 1.0, 2.0)
        loader_profile_test.go:107: LoadFromFile failed: failed to detect schema version: unsupported schema version: 1.0.0 (supported: 1.0, 2.0)
        loader_profile_test.go:107: LoadFromFile failed: failed to detect schema version: unsupported schema version: 1.0.0 (supported: 1.0, 2.0)
        loader_profile_test.go:107: LoadFromFile failed: failed to detect schema version: unsupported schema version: 1.0.0 (supported: 1.0, 2.0)
        loader_profile_test.go:107: LoadFromFile failed: failed to detect schema version: unsupported schema version: 1.0.0 (supported: 1.0, 2.0)
        loader_profile_test.go:107: LoadFromFile failed: failed to detect schema version: unsupported schema version: 1.0.0 (supported: 1.0, 2.0)
        loader_profile_test.go:107: LoadFromFile failed: failed to detect schema version: unsupported schema version: 1.0.0 (supported: 1.0, 2.0)
        loader_profile_test.go:107: LoadFromFile failed: failed to detect schema version: unsupported schema version: 1.0.0 (supported: 1.0, 2.0)
        loader_profile_test.go:107: LoadFromFile failed: failed to detect schema version: unsupported schema version: 1.0.0 (supported: 1.0, 2.0)
        loader_profile_test.go:107: LoadFromFile failed: failed to detect schema version: unsupported schema version: 1.0.0 (supported: 1.0, 2.0)
        loader_profile_test.go:107: LoadFromFile failed: failed to detect schema version: unsupported schema version: 1.0.0 (supported: 1.0, 2.0)
        loader_profile_test.go:107: LoadFromFile failed: failed to detect schema version: unsupported schema version: 1.0.0 (supported: 1.0, 2.0)
        loader_profile_test.go:107: LoadFromFile failed: failed to detect schema version: unsupported schema version: 1.0.0 (supported: 1.0, 2.0)
        loader_profile_test.go:107: LoadFromFile failed: failed to detect schema version: unsupported schema version: 1.0.0 (supported: 1.0, 2.0)
        loader_profile_test.go:107: LoadFromFile failed: failed to detect schema version: unsupported schema version: 1.0.0 (supported: 1.0, 2.0)
        loader_profile_test.go:107: LoadFromFile failed: failed to detect schema version: unsupported schema version: 1.0.0 (supported: 1.0, 2.0)
        loader_profile_test.go:107: LoadFromFile failed: failed to detect schema version: unsupported schema version: 1.0.0 (supported: 1.0, 2.0)
        loader_profile_test.go:107: LoadFromFile failed: failed to detect schema version: unsupported schema version: 1.0.0 (supported: 1.0, 2.0)
        loader_profile_test.go:107: LoadFromFile failed: failed to detect schema version: unsupported schema version: 1.0.0 (supported: 1.0, 2.0)
        loader_profile_test.go:107: LoadFromFile failed: failed to detect schema version: unsupported schema version: 1.0.0 (supported: 1.0, 2.0)
        loader_profile_test.go:107: LoadFromFile failed: failed to detect schema version: unsupported schema version: 1.0.0 (supported: 1.0, 2.0)
        loader_profile_test.go:107: LoadFromFile failed: failed to detect schema version: unsupported schema version: 1.0.0 (supported: 1.0, 2.0)
        loader_profile_test.go:107: LoadFromFile failed: failed to detect schema version: unsupported schema version: 1.0.0 (supported: 1.0, 2.0)
        loader_profile_test.go:107: LoadFromFile failed: failed to detect schema version: unsupported schema version: 1.0.0 (supported: 1.0, 2.0)
        loader_profile_test.go:107: LoadFromFile failed: failed to detect schema version: unsupported schema version: 1.0.0 (supported: 1.0, 2.0)
        loader_profile_test.go:107: LoadFromFile failed: failed to detect schema version: unsupported schema version: 1.0.0 (supported: 1.0, 2.0)
        loader_profile_test.go:107: LoadFromFile failed: failed to detect schema version: unsupported schema version: 1.0.0 (supported: 1.0, 2.0)
        loader_profile_test.go:107: LoadFromFile failed: failed to detect schema version: unsupported schema version: 1.0.0 (supported: 1.0, 2.0)
        loader_profile_test.go:107: LoadFromFile failed: failed to detect schema version: unsupported schema version: 1.0.0 (supported: 1.0, 2.0)
        loader_profile_test.go:107: LoadFromFile failed: failed to detect schema version: unsupported schema version: 1.0.0 (supported: 1.0, 2.0)
        loader_profile_test.go:107: LoadFromFile failed: failed to detect schema version: unsupported schema version: 1.0.0 (supported: 1.0, 2.0)
        loader_profile_test.go:107: LoadFromFile failed: failed to detect schema version: unsupported schema version: 1.0.0 (supported: 1.0, 2.0)
        loader_profile_test.go:107: LoadFromFile failed: failed to detect schema version: unsupported schema version: 1.0.0 (supported: 1.0, 2.0)
        loader_profile_test.go:107: LoadFromFile failed: failed to detect schema version: unsupported schema version: 1.0.0 (supported: 1.0, 2.0)
        loader_profile_test.go:107: LoadFromFile failed: failed to detect schema version: unsupported schema version: 1.0.0 (supported: 1.0, 2.0)
        loader_profile_test.go:107: LoadFromFile failed: failed to detect schema version: unsupported schema version: 1.0.0 (supported: 1.0, 2.0)
        loader_profile_test.go:107: LoadFromFile failed: failed to detect schema version: unsupported schema version: 1.0.0 (supported: 1.0, 2.0)
        loader_profile_test.go:107: LoadFromFile failed: failed to detect schema version: unsupported schema version: 1.0.0 (supported: 1.0, 2.0)
        loader_profile_test.go:107: LoadFromFile failed: failed to detect schema version: unsupported schema version: 1.0.0 (supported: 1.0, 2.0)
        loader_profile_test.go:107: LoadFromFile failed: failed to detect schema version: unsupported schema version: 1.0.0 (supported: 1.0, 2.0)
        loader_profile_test.go:107: LoadFromFile failed: failed to detect schema version: unsupported schema version: 1.0.0 (supported: 1.0, 2.0)
        loader_profile_test.go:107: LoadFromFile failed: failed to detect schema version: unsupported schema version: 1.0.0 (supported: 1.0, 2.0)
        loader_profile_test.go:107: LoadFromFile failed: failed to detect schema version: unsupported schema version: 1.0.0 (supported: 1.0, 2.0)
        loader_profile_test.go:107: LoadFromFile failed: failed to detect schema version: unsupported schema version: 1.0.0 (supported: 1.0, 2.0)
        loader_profile_test.go:107: LoadFromFile failed: failed to detect schema version: unsupported schema version: 1.0.0 (supported: 1.0, 2.0)
        loader_profile_test.go:107: LoadFromFile failed: failed to detect schema version: unsupported schema version: 1.0.0 (supported: 1.0, 2.0)
        loader_profile_test.go:107: LoadFromFile failed: failed to detect schema version: unsupported schema version: 1.0.0 (supported: 1.0, 2.0)
        loader_profile_test.go:107: LoadFromFile failed: failed to detect schema version: unsupported schema version: 1.0.0 (supported: 1.0, 2.0)
        loader_profile_test.go:107: LoadFromFile failed: failed to detect schema version: unsupported schema version: 1.0.0 (supported: 1.0, 2.0)
        loader_profile_test.go:107: LoadFromFile failed: failed to detect schema version: unsupported schema version: 1.0.0 (supported: 1.0, 2.0)
        loader_profile_test.go:107: LoadFromFile failed: failed to detect schema version: unsupported schema version: 1.0.0 (supported: 1.0, 2.0)
        loader_profile_test.go:107: LoadFromFile failed: failed to detect schema version: unsupported schema version: 1.0.0 (supported: 1.0, 2.0)
        loader_profile_test.go:107: LoadFromFile failed: failed to detect schema version: unsupported schema version: 1.0.0 (supported: 1.0, 2.0)
        loader_profile_test.go:107: LoadFromFile failed: failed to detect schema version: unsupported schema version: 1.0.0 (supported: 1.0, 2.0)
        loader_profile_test.go:107: LoadFromFile failed: failed to detect schema version: unsupported schema version: 1.0.0 (supported: 1.0, 2.0)
        loader_profile_test.go:107: LoadFromFile failed: failed to detect schema version: unsupported schema version: 1.0.0 (supported: 1.0, 2.0)
        loader_profile_test.go:107: LoadFromFile failed: failed to detect schema version: unsupported schema version: 1.0.0 (supported: 1.0, 2.0)
        loader_profile_test.go:107: LoadFromFile failed: failed to detect schema version: unsupported schema version: 1.0.0 (supported: 1.0, 2.0)
        loader_profile_test.go:107: LoadFromFile failed: failed to detect schema version: unsupported schema version: 1.0.0 (supported: 1.0, 2.0)
        loader_profile_test.go:107: LoadFromFile failed: failed to detect schema version: unsupported schema version: 1.0.0 (supported: 1.0, 2.0)
        loader_profile_test.go:107: LoadFromFile failed: failed to detect schema version: unsupported schema version: 1.0.0 (supported: 1.0, 2.0)
        loader_profile_test.go:107: LoadFromFile failed: failed to detect schema version: unsupported schema version: 1.0.0 (supported: 1.0, 2.0)
        loader_profile_test.go:107: LoadFromFile failed: failed to detect schema version: unsupported schema version: 1.0.0 (supported: 1.0, 2.0)
        loader_profile_test.go:107: LoadFromFile failed: failed to detect schema version: unsupported schema version: 1.0.0 (supported: 1.0, 2.0)
        loader_profile_test.go:107: LoadFromFile failed: failed to detect schema version: unsupported schema version: 1.0.0 (supported: 1.0, 2.0)
        loader_profile_test.go:107: LoadFromFile failed: failed to detect schema version: unsupported schema version: 1.0.0 (supported: 1.0, 2.0)
        loader_profile_test.go:107: LoadFromFile failed: failed to detect schema version: unsupported schema version: 1.0.0 (supported: 1.0, 2.0)
        loader_profile_test.go:107: LoadFromFile failed: failed to detect schema version: unsupported schema version: 1.0.0 (supported: 1.0, 2.0)
        loader_profile_test.go:107: LoadFromFile failed: failed to detect schema version: unsupported schema version: 1.0.0 (supported: 1.0, 2.0)
        loader_profile_test.go:107: LoadFromFile failed: failed to detect schema version: unsupported schema version: 1.0.0 (supported: 1.0, 2.0)
        loader_profile_test.go:107: LoadFromFile failed: failed to detect schema version: unsupported schema version: 1.0.0 (supported: 1.0, 2.0)
        loader_profile_test.go:107: LoadFromFile failed: failed to detect schema version: unsupported schema version: 1.0.0 (supported: 1.0, 2.0)
        loader_profile_test.go:107: LoadFromFile failed: failed to detect schema version: unsupported schema version: 1.0.0 (supported: 1.0, 2.0)
        loader_profile_test.go:107: LoadFromFile failed: failed to detect schema version: unsupported schema version: 1.0.0 (supported: 1.0, 2.0)
        loader_profile_test.go:107: LoadFromFile failed: failed to detect schema version: unsupported schema version: 1.0.0 (supported: 1.0, 2.0)
        loader_profile_test.go:107: LoadFromFile failed: failed to detect schema version: unsupported schema version: 1.0.0 (supported: 1.0, 2.0)
        loader_profile_test.go:107: LoadFromFile failed: failed to detect schema version: unsupported schema version: 1.0.0 (supported: 1.0, 2.0)
        loader_profile_test.go:107: LoadFromFile failed: failed to detect schema version: unsupported schema version: 1.0.0 (supported: 1.0, 2.0)
        loader_profile_test.go:107: LoadFromFile failed: failed to detect schema version: unsupported schema version: 1.0.0 (supported: 1.0, 2.0)
        loader_profile_test.go:107: LoadFromFile failed: failed to detect schema version: unsupported schema version: 1.0.0 (supported: 1.0, 2.0)
        loader_profile_test.go:107: LoadFromFile failed: failed to detect schema version: unsupported schema version: 1.0.0 (supported: 1.0, 2.0)
    loader_profile_test.go:112: CPU profile written to: config_loading_cpu.prof
    loader_profile_test.go:113: Analyze with: go tool pprof config_loading_cpu.prof
--- FAIL: TestConfigLoadingMemoryProfile (16.04s)
    --- FAIL: TestConfigLoadingMemoryProfile/LoadFromBytes (0.43s)
        loader_profile_test.go:166: LoadFromBytes failed: failed to detect schema version: unsupported schema version: 1.0.0 (supported: 1.0, 2.0)
        loader_profile_test.go:166: LoadFromBytes failed: failed to detect schema version: unsupported schema version: 1.0.0 (supported: 1.0, 2.0)
        loader_profile_test.go:166: LoadFromBytes failed: failed to detect schema version: unsupported schema version: 1.0.0 (supported: 1.0, 2.0)
        loader_profile_test.go:166: LoadFromBytes failed: failed to detect schema version: unsupported schema version: 1.0.0 (supported: 1.0, 2.0)
        loader_profile_test.go:166: LoadFromBytes failed: failed to detect schema version: unsupported schema version: 1.0.0 (supported: 1.0, 2.0)
        loader_profile_test.go:166: LoadFromBytes failed: failed to detect schema version: unsupported schema version: 1.0.0 (supported: 1.0, 2.0)
        loader_profile_test.go:166: LoadFromBytes failed: failed to detect schema version: unsupported schema version: 1.0.0 (supported: 1.0, 2.0)
        loader_profile_test.go:166: LoadFromBytes failed: failed to detect schema version: unsupported schema version: 1.0.0 (supported: 1.0, 2.0)
        loader_profile_test.go:166: LoadFromBytes failed: failed to detect schema version: unsupported schema version: 1.0.0 (supported: 1.0, 2.0)
        loader_profile_test.go:166: LoadFromBytes failed: failed to detect schema version: unsupported schema version: 1.0.0 (supported: 1.0, 2.0)
        loader_profile_test.go:166: LoadFromBytes failed: failed to detect schema version: unsupported schema version: 1.0.0 (supported: 1.0, 2.0)
        loader_profile_test.go:166: LoadFromBytes failed: failed to detect schema version: unsupported schema version: 1.0.0 (supported: 1.0, 2.0)
        loader_profile_test.go:166: LoadFromBytes failed: failed to detect schema version: unsupported schema version: 1.0.0 (supported: 1.0, 2.0)
        loader_profile_test.go:166: LoadFromBytes failed: failed to detect schema version: unsupported schema version: 1.0.0 (supported: 1.0, 2.0)
        loader_profile_test.go:166: LoadFromBytes failed: failed to detect schema version: unsupported schema version: 1.0.0 (supported: 1.0, 2.0)
        loader_profile_test.go:166: LoadFromBytes failed: failed to detect schema version: unsupported schema version: 1.0.0 (supported: 1.0, 2.0)
        loader_profile_test.go:166: LoadFromBytes failed: failed to detect schema version: unsupported schema version: 1.0.0 (supported: 1.0, 2.0)
        loader_profile_test.go:166: LoadFromBytes failed: failed to detect schema version: unsupported schema version: 1.0.0 (supported: 1.0, 2.0)
        loader_profile_test.go:166: LoadFromBytes failed: failed to detect schema version: unsupported schema version: 1.0.0 (supported: 1.0, 2.0)
        loader_profile_test.go:166: LoadFromBytes failed: failed to detect schema version: unsupported schema version: 1.0.0 (supported: 1.0, 2.0)
        loader_profile_test.go:166: LoadFromBytes failed: failed to detect schema version: unsupported schema version: 1.0.0 (supported: 1.0, 2.0)
        loader_profile_test.go:166: LoadFromBytes failed: failed to detect schema version: unsupported schema version: 1.0.0 (supported: 1.0, 2.0)
        loader_profile_test.go:166: LoadFromBytes failed: failed to detect schema version: unsupported schema version: 1.0.0 (supported: 1.0, 2.0)
        loader_profile_test.go:166: LoadFromBytes failed: failed to detect schema version: unsupported schema version: 1.0.0 (supported: 1.0, 2.0)
        loader_profile_test.go:166: LoadFromBytes failed: failed to detect schema version: unsupported schema version: 1.0.0 (supported: 1.0, 2.0)
        loader_profile_test.go:166: LoadFromBytes failed: failed to detect schema version: unsupported schema version: 1.0.0 (supported: 1.0, 2.0)
        loader_profile_test.go:166: LoadFromBytes failed: failed to detect schema version: unsupported schema version: 1.0.0 (supported: 1.0, 2.0)
        loader_profile_test.go:166: LoadFromBytes failed: failed to detect schema version: unsupported schema version: 1.0.0 (supported: 1.0, 2.0)
        loader_profile_test.go:166: LoadFromBytes failed: failed to detect schema version: unsupported schema version: 1.0.0 (supported: 1.0, 2.0)
        loader_profile_test.go:166: LoadFromBytes failed: failed to detect schema version: unsupported schema version: 1.0.0 (supported: 1.0, 2.0)
        loader_profile_test.go:166: LoadFromBytes failed: failed to detect schema version: unsupported schema version: 1.0.0 (supported: 1.0, 2.0)
        loader_profile_test.go:166: LoadFromBytes failed: failed to detect schema version: unsupported schema version: 1.0.0 (supported: 1.0, 2.0)
        loader_profile_test.go:166: LoadFromBytes failed: failed to detect schema version: unsupported schema version: 1.0.0 (supported: 1.0, 2.0)
        loader_profile_test.go:166: LoadFromBytes failed: failed to detect schema version: unsupported schema version: 1.0.0 (supported: 1.0, 2.0)
        loader_profile_test.go:166: LoadFromBytes failed: failed to detect schema version: unsupported schema version: 1.0.0 (supported: 1.0, 2.0)
        loader_profile_test.go:166: LoadFromBytes failed: failed to detect schema version: unsupported schema version: 1.0.0 (supported: 1.0, 2.0)
        loader_profile_test.go:166: LoadFromBytes failed: failed to detect schema version: unsupported schema version: 1.0.0 (supported: 1.0, 2.0)
        loader_profile_test.go:166: LoadFromBytes failed: failed to detect schema version: unsupported schema version: 1.0.0 (supported: 1.0, 2.0)
        loader_profile_test.go:166: LoadFromBytes failed: failed to detect schema version: unsupported schema version: 1.0.0 (supported: 1.0, 2.0)
        loader_profile_test.go:166: LoadFromBytes failed: failed to detect schema version: unsupported schema version: 1.0.0 (supported: 1.0, 2.0)
        loader_profile_test.go:166: LoadFromBytes failed: failed to detect schema version: unsupported schema version: 1.0.0 (supported: 1.0, 2.0)
        loader_profile_test.go:166: LoadFromBytes failed: failed to detect schema version: unsupported schema version: 1.0.0 (supported: 1.0, 2.0)
        loader_profile_test.go:166: LoadFromBytes failed: failed to detect schema version: unsupported schema version: 1.0.0 (supported: 1.0, 2.0)
        loader_profile_test.go:166: LoadFromBytes failed: failed to detect schema version: unsupported schema version: 1.0.0 (supported: 1.0, 2.0)
        loader_profile_test.go:166: LoadFromBytes failed: failed to detect schema version: unsupported schema version: 1.0.0 (supported: 1.0, 2.0)
        loader_profile_test.go:166: LoadFromBytes failed: failed to detect schema version: unsupported schema version: 1.0.0 (supported: 1.0, 2.0)
        loader_profile_test.go:166: LoadFromBytes failed: failed to detect schema version: unsupported schema version: 1.0.0 (supported: 1.0, 2.0)
        loader_profile_test.go:166: LoadFromBytes failed: failed to detect schema version: unsupported schema version: 1.0.0 (supported: 1.0, 2.0)
        loader_profile_test.go:166: LoadFromBytes failed: failed to detect schema version: unsupported schema version: 1.0.0 (supported: 1.0, 2.0)
        loader_profile_test.go:166: LoadFromBytes failed: failed to detect schema version: unsupported schema version: 1.0.0 (supported: 1.0, 2.0)
        loader_profile_test.go:166: LoadFromBytes failed: failed to detect schema version: unsupported schema version: 1.0.0 (supported: 1.0, 2.0)
        loader_profile_test.go:166: LoadFromBytes failed: failed to detect schema version: unsupported schema version: 1.0.0 (supported: 1.0, 2.0)
        loader_profile_test.go:166: LoadFromBytes failed: failed to detect schema version: unsupported schema version: 1.0.0 (supported: 1.0, 2.0)
        loader_profile_test.go:166: LoadFromBytes failed: failed to detect schema version: unsupported schema version: 1.0.0 (supported: 1.0, 2.0)
        loader_profile_test.go:166: LoadFromBytes failed: failed to detect schema version: unsupported schema version: 1.0.0 (supported: 1.0, 2.0)
        loader_profile_test.go:166: LoadFromBytes failed: failed to detect schema version: unsupported schema version: 1.0.0 (supported: 1.0, 2.0)
        loader_profile_test.go:166: LoadFromBytes failed: failed to detect schema version: unsupported schema version: 1.0.0 (supported: 1.0, 2.0)
        loader_profile_test.go:166: LoadFromBytes failed: failed to detect schema version: unsupported schema version: 1.0.0 (supported: 1.0, 2.0)
        loader_profile_test.go:166: LoadFromBytes failed: failed to detect schema version: unsupported schema version: 1.0.0 (supported: 1.0, 2.0)
        loader_profile_test.go:166: LoadFromBytes failed: failed to detect schema version: unsupported schema version: 1.0.0 (supported: 1.0, 2.0)
        loader_profile_test.go:166: LoadFromBytes failed: failed to detect schema version: unsupported schema version: 1.0.0 (supported: 1.0, 2.0)
        loader_profile_test.go:166: LoadFromBytes failed: failed to detect schema version: unsupported schema version: 1.0.0 (supported: 1.0, 2.0)
        loader_profile_test.go:166: LoadFromBytes failed: failed to detect schema version: unsupported schema version: 1.0.0 (supported: 1.0, 2.0)
        loader_profile_test.go:166: LoadFromBytes failed: failed to detect schema version: unsupported schema version: 1.0.0 (supported: 1.0, 2.0)
        loader_profile_test.go:166: LoadFromBytes failed: failed to detect schema version: unsupported schema version: 1.0.0 (supported: 1.0, 2.0)
        loader_profile_test.go:166: LoadFromBytes failed: failed to detect schema version: unsupported schema version: 1.0.0 (supported: 1.0, 2.0)
        loader_profile_test.go:166: LoadFromBytes failed: failed to detect schema version: unsupported schema version: 1.0.0 (supported: 1.0, 2.0)
        loader_profile_test.go:166: LoadFromBytes failed: failed to detect schema version: unsupported schema version: 1.0.0 (supported: 1.0, 2.0)
        loader_profile_test.go:166: LoadFromBytes failed: failed to detect schema version: unsupported schema version: 1.0.0 (supported: 1.0, 2.0)
        loader_profile_test.go:166: LoadFromBytes failed: failed to detect schema version: unsupported schema version: 1.0.0 (supported: 1.0, 2.0)
        loader_profile_test.go:166: LoadFromBytes failed: failed to detect schema version: unsupported schema version: 1.0.0 (supported: 1.0, 2.0)
        loader_profile_test.go:166: LoadFromBytes failed: failed to detect schema version: unsupported schema version: 1.0.0 (supported: 1.0, 2.0)
        loader_profile_test.go:166: LoadFromBytes failed: failed to detect schema version: unsupported schema version: 1.0.0 (supported: 1.0, 2.0)
        loader_profile_test.go:166: LoadFromBytes failed: failed to detect schema version: unsupported schema version: 1.0.0 (supported: 1.0, 2.0)
        loader_profile_test.go:166: LoadFromBytes failed: failed to detect schema version: unsupported schema version: 1.0.0 (supported: 1.0, 2.0)
        loader_profile_test.go:166: LoadFromBytes failed: failed to detect schema version: unsupported schema version: 1.0.0 (supported: 1.0, 2.0)
        loader_profile_test.go:166: LoadFromBytes failed: failed to detect schema version: unsupported schema version: 1.0.0 (supported: 1.0, 2.0)
        loader_profile_test.go:166: LoadFromBytes failed: failed to detect schema version: unsupported schema version: 1.0.0 (supported: 1.0, 2.0)
        loader_profile_test.go:166: LoadFromBytes failed: failed to detect schema version: unsupported schema version: 1.0.0 (supported: 1.0, 2.0)
        loader_profile_test.go:166: LoadFromBytes failed: failed to detect schema version: unsupported schema version: 1.0.0 (supported: 1.0, 2.0)
        loader_profile_test.go:166: LoadFromBytes failed: failed to detect schema version: unsupported schema version: 1.0.0 (supported: 1.0, 2.0)
        loader_profile_test.go:166: LoadFromBytes failed: failed to detect schema version: unsupported schema version: 1.0.0 (supported: 1.0, 2.0)
        loader_profile_test.go:166: LoadFromBytes failed: failed to detect schema version: unsupported schema version: 1.0.0 (supported: 1.0, 2.0)
        loader_profile_test.go:166: LoadFromBytes failed: failed to detect schema version: unsupported schema version: 1.0.0 (supported: 1.0, 2.0)
        loader_profile_test.go:166: LoadFromBytes failed: failed to detect schema version: unsupported schema version: 1.0.0 (supported: 1.0, 2.0)
        loader_profile_test.go:166: LoadFromBytes failed: failed to detect schema version: unsupported schema version: 1.0.0 (supported: 1.0, 2.0)
        loader_profile_test.go:166: LoadFromBytes failed: failed to detect schema version: unsupported schema version: 1.0.0 (supported: 1.0, 2.0)
        loader_profile_test.go:166: LoadFromBytes failed: failed to detect schema version: unsupported schema version: 1.0.0 (supported: 1.0, 2.0)
        loader_profile_test.go:166: LoadFromBytes failed: failed to detect schema version: unsupported schema version: 1.0.0 (supported: 1.0, 2.0)
        loader_profile_test.go:166: LoadFromBytes failed: failed to detect schema version: unsupported schema version: 1.0.0 (supported: 1.0, 2.0)
        loader_profile_test.go:166: LoadFromBytes failed: failed to detect schema version: unsupported schema version: 1.0.0 (supported: 1.0, 2.0)
        loader_profile_test.go:166: LoadFromBytes failed: failed to detect schema version: unsupported schema version: 1.0.0 (supported: 1.0, 2.0)
        loader_profile_test.go:166: LoadFromBytes failed: failed to detect schema version: unsupported schema version: 1.0.0 (supported: 1.0, 2.0)
        loader_profile_test.go:166: LoadFromBytes failed: failed to detect schema version: unsupported schema version: 1.0.0 (supported: 1.0, 2.0)
        loader_profile_test.go:166: LoadFromBytes failed: failed to detect schema version: unsupported schema version: 1.0.0 (supported: 1.0, 2.0)
        loader_profile_test.go:166: LoadFromBytes failed: failed to detect schema version: unsupported schema version: 1.0.0 (supported: 1.0, 2.0)
        loader_profile_test.go:166: LoadFromBytes failed: failed to detect schema version: unsupported schema version: 1.0.0 (supported: 1.0, 2.0)
        loader_profile_test.go:166: LoadFromBytes failed: failed to detect schema version: unsupported schema version: 1.0.0 (supported: 1.0, 2.0)
        loader_profile_test.go:166: LoadFromBytes failed: failed to detect schema version: unsupported schema version: 1.0.0 (supported: 1.0, 2.0)
        loader_profile_test.go:166: LoadFromBytes failed: failed to detect schema version: unsupported schema version: 1.0.0 (supported: 1.0, 2.0)
        loader_profile_test.go:166: LoadFromBytes failed: failed to detect schema version: unsupported schema version: 1.0.0 (supported: 1.0, 2.0)
        loader_profile_test.go:166: LoadFromBytes failed: failed to detect schema version: unsupported schema version: 1.0.0 (supported: 1.0, 2.0)
        loader_profile_test.go:166: LoadFromBytes failed: failed to detect schema version: unsupported schema version: 1.0.0 (supported: 1.0, 2.0)
        loader_profile_test.go:166: LoadFromBytes failed: failed to detect schema version: unsupported schema version: 1.0.0 (supported: 1.0, 2.0)
        loader_profile_test.go:166: LoadFromBytes failed: failed to detect schema version: unsupported schema version: 1.0.0 (supported: 1.0, 2.0)
        loader_profile_test.go:166: LoadFromBytes failed: failed to detect schema version: unsupported schema version: 1.0.0 (supported: 1.0, 2.0)
        loader_profile_test.go:166: LoadFromBytes failed: failed to detect schema version: unsupported schema version: 1.0.0 (supported: 1.0, 2.0)
        loader_profile_test.go:166: LoadFromBytes failed: failed to detect schema version: unsupported schema version: 1.0.0 (supported: 1.0, 2.0)
        loader_profile_test.go:166: LoadFromBytes failed: failed to detect schema version: unsupported schema version: 1.0.0 (supported: 1.0, 2.0)
        loader_profile_test.go:166: LoadFromBytes failed: failed to detect schema version: unsupported schema version: 1.0.0 (supported: 1.0, 2.0)
        loader_profile_test.go:166: LoadFromBytes failed: failed to detect schema version: unsupported schema version: 1.0.0 (supported: 1.0, 2.0)
        loader_profile_test.go:166: LoadFromBytes failed: failed to detect schema version: unsupported schema version: 1.0.0 (supported: 1.0, 2.0)
        loader_profile_test.go:166: LoadFromBytes failed: failed to detect schema version: unsupported schema version: 1.0.0 (supported: 1.0, 2.0)
        loader_profile_test.go:166: LoadFromBytes failed: failed to detect schema version: unsupported schema version: 1.0.0 (supported: 1.0, 2.0)
        loader_profile_test.go:166: LoadFromBytes failed: failed to detect schema version: unsupported schema version: 1.0.0 (supported: 1.0, 2.0)
        loader_profile_test.go:166: LoadFromBytes failed: failed to detect schema version: unsupported schema version: 1.0.0 (supported: 1.0, 2.0)
        loader_profile_test.go:166: LoadFromBytes failed: failed to detect schema version: unsupported schema version: 1.0.0 (supported: 1.0, 2.0)
        loader_profile_test.go:166: LoadFromBytes failed: failed to detect schema version: unsupported schema version: 1.0.0 (supported: 1.0, 2.0)
        loader_profile_test.go:166: LoadFromBytes failed: failed to detect schema version: unsupported schema version: 1.0.0 (supported: 1.0, 2.0)
        loader_profile_test.go:166: LoadFromBytes failed: failed to detect schema version: unsupported schema version: 1.0.0 (supported: 1.0, 2.0)
        loader_profile_test.go:166: LoadFromBytes failed: failed to detect schema version: unsupported schema version: 1.0.0 (supported: 1.0, 2.0)
        loader_profile_test.go:166: LoadFromBytes failed: failed to detect schema version: unsupported schema version: 1.0.0 (supported: 1.0, 2.0)
        loader_profile_test.go:166: LoadFromBytes failed: failed to detect schema version: unsupported schema version: 1.0.0 (supported: 1.0, 2.0)
        loader_profile_test.go:166: LoadFromBytes failed: failed to detect schema version: unsupported schema version: 1.0.0 (supported: 1.0, 2.0)
        loader_profile_test.go:166: LoadFromBytes failed: failed to detect schema version: unsupported schema version: 1.0.0 (supported: 1.0, 2.0)
        loader_profile_test.go:166: LoadFromBytes failed: failed to detect schema version: unsupported schema version: 1.0.0 (supported: 1.0, 2.0)
        loader_profile_test.go:166: LoadFromBytes failed: failed to detect schema version: unsupported schema version: 1.0.0 (supported: 1.0, 2.0)
        loader_profile_test.go:166: LoadFromBytes failed: failed to detect schema version: unsupported schema version: 1.0.0 (supported: 1.0, 2.0)
        loader_profile_test.go:166: LoadFromBytes failed: failed to detect schema version: unsupported schema version: 1.0.0 (supported: 1.0, 2.0)
        loader_profile_test.go:166: LoadFromBytes failed: failed to detect schema version: unsupported schema version: 1.0.0 (supported: 1.0, 2.0)
        loader_profile_test.go:166: LoadFromBytes failed: failed to detect schema version: unsupported schema version: 1.0.0 (supported: 1.0, 2.0)
        loader_profile_test.go:166: LoadFromBytes failed: failed to detect schema version: unsupported schema version: 1.0.0 (supported: 1.0, 2.0)
        loader_profile_test.go:166: LoadFromBytes failed: failed to detect schema version: unsupported schema version: 1.0.0 (supported: 1.0, 2.0)
        loader_profile_test.go:166: LoadFromBytes failed: failed to detect schema version: unsupported schema version: 1.0.0 (supported: 1.0, 2.0)
        loader_profile_test.go:166: LoadFromBytes failed: failed to detect schema version: unsupported schema version: 1.0.0 (supported: 1.0, 2.0)
        loader_profile_test.go:166: LoadFromBytes failed: failed to detect schema version: unsupported schema version: 1.0.0 (supported: 1.0, 2.0)
        loader_profile_test.go:166: LoadFromBytes failed: failed to detect schema version: unsupported schema version: 1.0.0 (supported: 1.0, 2.0)
        loader_profile_test.go:166: LoadFromBytes failed: failed to detect schema version: unsupported schema version: 1.0.0 (supported: 1.0, 2.0)
        loader_profile_test.go:166: LoadFromBytes failed: failed to detect schema version: unsupported schema version: 1.0.0 (supported: 1.0, 2.0)
        loader_profile_test.go:166: LoadFromBytes failed: failed to detect schema version: unsupported schema version: 1.0.0 (supported: 1.0, 2.0)
        loader_profile_test.go:166: LoadFromBytes failed: failed to detect schema version: unsupported schema version: 1.0.0 (supported: 1.0, 2.0)
        loader_profile_test.go:166: LoadFromBytes failed: failed to detect schema version: unsupported schema version: 1.0.0 (supported: 1.0, 2.0)
        loader_profile_test.go:166: LoadFromBytes failed: failed to detect schema version: unsupported schema version: 1.0.0 (supported: 1.0, 2.0)
        loader_profile_test.go:166: LoadFromBytes failed: failed to detect schema version: unsupported schema version: 1.0.0 (supported: 1.0, 2.0)
        loader_profile_test.go:166: LoadFromBytes failed: failed to detect schema version: unsupported schema version: 1.0.0 (supported: 1.0, 2.0)
        loader_profile_test.go:166: LoadFromBytes failed: failed to detect schema version: unsupported schema version: 1.0.0 (supported: 1.0, 2.0)
        loader_profile_test.go:166: LoadFromBytes failed: failed to detect schema version: unsupported schema version: 1.0.0 (supported: 1.0, 2.0)
        loader_profile_test.go:166: LoadFromBytes failed: failed to detect schema version: unsupported schema version: 1.0.0 (supported: 1.0, 2.0)
        loader_profile_test.go:166: LoadFromBytes failed: failed to detect schema version: unsupported schema version: 1.0.0 (supported: 1.0, 2.0)
        loader_profile_test.go:166: LoadFromBytes failed: failed to detect schema version: unsupported schema version: 1.0.0 (supported: 1.0, 2.0)
        loader_profile_test.go:166: LoadFromBytes failed: failed to detect schema version: unsupported schema version: 1.0.0 (supported: 1.0, 2.0)
        loader_profile_test.go:166: LoadFromBytes failed: failed to detect schema version: unsupported schema version: 1.0.0 (supported: 1.0, 2.0)
        loader_profile_test.go:166: LoadFromBytes failed: failed to detect schema version: unsupported schema version: 1.0.0 (supported: 1.0, 2.0)
        loader_profile_test.go:166: LoadFromBytes failed: failed to detect schema version: unsupported schema version: 1.0.0 (supported: 1.0, 2.0)
        loader_profile_test.go:166: LoadFromBytes failed: failed to detect schema version: unsupported schema version: 1.0.0 (supported: 1.0, 2.0)
        loader_profile_test.go:166: LoadFromBytes failed: failed to detect schema version: unsupported schema version: 1.0.0 (supported: 1.0, 2.0)
        loader_profile_test.go:166: LoadFromBytes failed: failed to detect schema version: unsupported schema version: 1.0.0 (supported: 1.0, 2.0)
        loader_profile_test.go:166: LoadFromBytes failed: failed to detect schema version: unsupported schema version: 1.0.0 (supported: 1.0, 2.0)
        loader_profile_test.go:166: LoadFromBytes failed: failed to detect schema version: unsupported schema version: 1.0.0 (supported: 1.0, 2.0)
        loader_profile_test.go:166: LoadFromBytes failed: failed to detect schema version: unsupported schema version: 1.0.0 (supported: 1.0, 2.0)
        loader_profile_test.go:166: LoadFromBytes failed: failed to detect schema version: unsupported schema version: 1.0.0 (supported: 1.0, 2.0)
        loader_profile_test.go:166: LoadFromBytes failed: failed to detect schema version: unsupported schema version: 1.0.0 (supported: 1.0, 2.0)
        loader_profile_test.go:166: LoadFromBytes failed: failed to detect schema version: unsupported schema version: 1.0.0 (supported: 1.0, 2.0)
        loader_profile_test.go:166: LoadFromBytes failed: failed to detect schema version: unsupported schema version: 1.0.0 (supported: 1.0, 2.0)
        loader_profile_test.go:166: LoadFromBytes failed: failed to detect schema version: unsupported schema version: 1.0.0 (supported: 1.0, 2.0)
        loader_profile_test.go:166: LoadFromBytes failed: failed to detect schema version: unsupported schema version: 1.0.0 (supported: 1.0, 2.0)
        loader_profile_test.go:166: LoadFromBytes failed: failed to detect schema version: unsupported schema version: 1.0.0 (supported: 1.0, 2.0)
        loader_profile_test.go:166: LoadFromBytes failed: failed to detect schema version: unsupported schema version: 1.0.0 (supported: 1.0, 2.0)
        loader_profile_test.go:166: LoadFromBytes failed: failed to detect schema version: unsupported schema version: 1.0.0 (supported: 1.0, 2.0)
        loader_profile_test.go:166: LoadFromBytes failed: failed to detect schema version: unsupported schema version: 1.0.0 (supported: 1.0, 2.0)
        loader_profile_test.go:166: LoadFromBytes failed: failed to detect schema version: unsupported schema version: 1.0.0 (supported: 1.0, 2.0)
        loader_profile_test.go:166: LoadFromBytes failed: failed to detect schema version: unsupported schema version: 1.0.0 (supported: 1.0, 2.0)
        loader_profile_test.go:166: LoadFromBytes failed: failed to detect schema version: unsupported schema version: 1.0.0 (supported: 1.0, 2.0)
        loader_profile_test.go:166: LoadFromBytes failed: failed to detect schema version: unsupported schema version: 1.0.0 (supported: 1.0, 2.0)
        loader_profile_test.go:166: LoadFromBytes failed: failed to detect schema version: unsupported schema version: 1.0.0 (supported: 1.0, 2.0)
        loader_profile_test.go:166: LoadFromBytes failed: failed to detect schema version: unsupported schema version: 1.0.0 (supported: 1.0, 2.0)
        loader_profile_test.go:166: LoadFromBytes failed: failed to detect schema version: unsupported schema version: 1.0.0 (supported: 1.0, 2.0)
        loader_profile_test.go:166: LoadFromBytes failed: failed to detect schema version: unsupported schema version: 1.0.0 (supported: 1.0, 2.0)
        loader_profile_test.go:166: LoadFromBytes failed: failed to detect schema version: unsupported schema version: 1.0.0 (supported: 1.0, 2.0)
        loader_profile_test.go:166: LoadFromBytes failed: failed to detect schema version: unsupported schema version: 1.0.0 (supported: 1.0, 2.0)
        loader_profile_test.go:166: LoadFromBytes failed: failed to detect schema version: unsupported schema version: 1.0.0 (supported: 1.0, 2.0)
        loader_profile_test.go:166: LoadFromBytes failed: failed to detect schema version: unsupported schema version: 1.0.0 (supported: 1.0, 2.0)
        loader_profile_test.go:166: LoadFromBytes failed: failed to detect schema version: unsupported schema version: 1.0.0 (supported: 1.0, 2.0)
        loader_profile_test.go:166: LoadFromBytes failed: failed to detect schema version: unsupported schema version: 1.0.0 (supported: 1.0, 2.0)
        loader_profile_test.go:166: LoadFromBytes failed: failed to detect schema version: unsupported schema version: 1.0.0 (supported: 1.0, 2.0)
        loader_profile_test.go:166: LoadFromBytes failed: failed to detect schema version: unsupported schema version: 1.0.0 (supported: 1.0, 2.0)
        loader_profile_test.go:166: LoadFromBytes failed: failed to detect schema version: unsupported schema version: 1.0.0 (supported: 1.0, 2.0)
        loader_profile_test.go:166: LoadFromBytes failed: failed to detect schema version: unsupported schema version: 1.0.0 (supported: 1.0, 2.0)
        loader_profile_test.go:166: LoadFromBytes failed: failed to detect schema version: unsupported schema version: 1.0.0 (supported: 1.0, 2.0)
        loader_profile_test.go:166: LoadFromBytes failed: failed to detect schema version: unsupported schema version: 1.0.0 (supported: 1.0, 2.0)
        loader_profile_test.go:166: LoadFromBytes failed: failed to detect schema version: unsupported schema version: 1.0.0 (supported: 1.0, 2.0)
        loader_profile_test.go:166: LoadFromBytes failed: failed to detect schema version: unsupported schema version: 1.0.0 (supported: 1.0, 2.0)
        loader_profile_test.go:166: LoadFromBytes failed: failed to detect schema version: unsupported schema version: 1.0.0 (supported: 1.0, 2.0)
        loader_profile_test.go:166: LoadFromBytes failed: failed to detect schema version: unsupported schema version: 1.0.0 (supported: 1.0, 2.0)
        loader_profile_test.go:166: LoadFromBytes failed: failed to detect schema version: unsupported schema version: 1.0.0 (supported: 1.0, 2.0)
        loader_profile_test.go:166: LoadFromBytes failed: failed to detect schema version: unsupported schema version: 1.0.0 (supported: 1.0, 2.0)
        loader_profile_test.go:166: LoadFromBytes failed: failed to detect schema version: unsupported schema version: 1.0.0 (supported: 1.0, 2.0)
        loader_profile_test.go:166: LoadFromBytes failed: failed to detect schema version: unsupported schema version: 1.0.0 (supported: 1.0, 2.0)
        loader_profile_test.go:166: LoadFromBytes failed: failed to detect schema version: unsupported schema version: 1.0.0 (supported: 1.0, 2.0)
        loader_profile_test.go:166: LoadFromBytes failed: failed to detect schema version: unsupported schema version: 1.0.0 (supported: 1.0, 2.0)
        loader_profile_test.go:166: LoadFromBytes failed: failed to detect schema version: unsupported schema version: 1.0.0 (supported: 1.0, 2.0)
        loader_profile_test.go:166: LoadFromBytes failed: failed to detect schema version: unsupported schema version: 1.0.0 (supported: 1.0, 2.0)
        loader_profile_test.go:166: LoadFromBytes failed: failed to detect schema version: unsupported schema version: 1.0.0 (supported: 1.0, 2.0)
        loader_profile_test.go:166: LoadFromBytes failed: failed to detect schema version: unsupported schema version: 1.0.0 (supported: 1.0, 2.0)
        loader_profile_test.go:166: LoadFromBytes failed: failed to detect schema version: unsupported schema version: 1.0.0 (supported: 1.0, 2.0)
        loader_profile_test.go:166: LoadFromBytes failed: failed to detect schema version: unsupported schema version: 1.0.0 (supported: 1.0, 2.0)
        loader_profile_test.go:166: LoadFromBytes failed: failed to detect schema version: unsupported schema version: 1.0.0 (supported: 1.0, 2.0)
        loader_profile_test.go:166: LoadFromBytes failed: failed to detect schema version: unsupported schema version: 1.0.0 (supported: 1.0, 2.0)
        loader_profile_test.go:166: LoadFromBytes failed: failed to detect schema version: unsupported schema version: 1.0.0 (supported: 1.0, 2.0)
        loader_profile_test.go:166: LoadFromBytes failed: failed to detect schema version: unsupported schema version: 1.0.0 (supported: 1.0, 2.0)
        loader_profile_test.go:166: LoadFromBytes failed: failed to detect schema version: unsupported schema version: 1.0.0 (supported: 1.0, 2.0)
        loader_profile_test.go:166: LoadFromBytes failed: failed to detect schema version: unsupported schema version: 1.0.0 (supported: 1.0, 2.0)
        loader_profile_test.go:166: LoadFromBytes failed: failed to detect schema version: unsupported schema version: 1.0.0 (supported: 1.0, 2.0)
        loader_profile_test.go:166: LoadFromBytes failed: failed to detect schema version: unsupported schema version: 1.0.0 (supported: 1.0, 2.0)
        loader_profile_test.go:166: LoadFromBytes failed: failed to detect schema version: unsupported schema version: 1.0.0 (supported: 1.0, 2.0)
        loader_profile_test.go:166: LoadFromBytes failed: failed to detect schema version: unsupported schema version: 1.0.0 (supported: 1.0, 2.0)
        loader_profile_test.go:166: LoadFromBytes failed: failed to detect schema version: unsupported schema version: 1.0.0 (supported: 1.0, 2.0)
        loader_profile_test.go:166: LoadFromBytes failed: failed to detect schema version: unsupported schema version: 1.0.0 (supported: 1.0, 2.0)
        loader_profile_test.go:166: LoadFromBytes failed: failed to detect schema version: unsupported schema version: 1.0.0 (supported: 1.0, 2.0)
        loader_profile_test.go:166: LoadFromBytes failed: failed to detect schema version: unsupported schema version: 1.0.0 (supported: 1.0, 2.0)
        loader_profile_test.go:166: LoadFromBytes failed: failed to detect schema version: unsupported schema version: 1.0.0 (supported: 1.0, 2.0)
        loader_profile_test.go:166: LoadFromBytes failed: failed to detect schema version: unsupported schema version: 1.0.0 (supported: 1.0, 2.0)
        loader_profile_test.go:166: LoadFromBytes failed: failed to detect schema version: unsupported schema version: 1.0.0 (supported: 1.0, 2.0)
        loader_profile_test.go:166: LoadFromBytes failed: failed to detect schema version: unsupported schema version: 1.0.0 (supported: 1.0, 2.0)
        loader_profile_test.go:166: LoadFromBytes failed: failed to detect schema version: unsupported schema version: 1.0.0 (supported: 1.0, 2.0)
        loader_profile_test.go:166: LoadFromBytes failed: failed to detect schema version: unsupported schema version: 1.0.0 (supported: 1.0, 2.0)
        loader_profile_test.go:166: LoadFromBytes failed: failed to detect schema version: unsupported schema version: 1.0.0 (supported: 1.0, 2.0)
        loader_profile_test.go:166: LoadFromBytes failed: failed to detect schema version: unsupported schema version: 1.0.0 (supported: 1.0, 2.0)
        loader_profile_test.go:166: LoadFromBytes failed: failed to detect schema version: unsupported schema version: 1.0.0 (supported: 1.0, 2.0)
        loader_profile_test.go:166: LoadFromBytes failed: failed to detect schema version: unsupported schema version: 1.0.0 (supported: 1.0, 2.0)
        loader_profile_test.go:166: LoadFromBytes failed: failed to detect schema version: unsupported schema version: 1.0.0 (supported: 1.0, 2.0)
        loader_profile_test.go:166: LoadFromBytes failed: failed to detect schema version: unsupported schema version: 1.0.0 (supported: 1.0, 2.0)
        loader_profile_test.go:166: LoadFromBytes failed: failed to detect schema version: unsupported schema version: 1.0.0 (supported: 1.0, 2.0)
        loader_profile_test.go:166: LoadFromBytes failed: failed to detect schema version: unsupported schema version: 1.0.0 (supported: 1.0, 2.0)
        loader_profile_test.go:166: LoadFromBytes failed: failed to detect schema version: unsupported schema version: 1.0.0 (supported: 1.0, 2.0)
        loader_profile_test.go:166: LoadFromBytes failed: failed to detect schema version: unsupported schema version: 1.0.0 (supported: 1.0, 2.0)
        loader_profile_test.go:166: LoadFromBytes failed: failed to detect schema version: unsupported schema version: 1.0.0 (supported: 1.0, 2.0)
        loader_profile_test.go:166: LoadFromBytes failed: failed to detect schema version: unsupported schema version: 1.0.0 (supported: 1.0, 2.0)
        loader_profile_test.go:166: LoadFromBytes failed: failed to detect schema version: unsupported schema version: 1.0.0 (supported: 1.0, 2.0)
        loader_profile_test.go:166: LoadFromBytes failed: failed to detect schema version: unsupported schema version: 1.0.0 (supported: 1.0, 2.0)
        loader_profile_test.go:166: LoadFromBytes failed: failed to detect schema version: unsupported schema version: 1.0.0 (supported: 1.0, 2.0)
        loader_profile_test.go:166: LoadFromBytes failed: failed to detect schema version: unsupported schema version: 1.0.0 (supported: 1.0, 2.0)
        loader_profile_test.go:166: LoadFromBytes failed: failed to detect schema version: unsupported schema version: 1.0.0 (supported: 1.0, 2.0)
        loader_profile_test.go:166: LoadFromBytes failed: failed to detect schema version: unsupported schema version: 1.0.0 (supported: 1.0, 2.0)
        loader_profile_test.go:166: LoadFromBytes failed: failed to detect schema version: unsupported schema version: 1.0.0 (supported: 1.0, 2.0)
        loader_profile_test.go:166: LoadFromBytes failed: failed to detect schema version: unsupported schema version: 1.0.0 (supported: 1.0, 2.0)
        loader_profile_test.go:166: LoadFromBytes failed: failed to detect schema version: unsupported schema version: 1.0.0 (supported: 1.0, 2.0)
        loader_profile_test.go:166: LoadFromBytes failed: failed to detect schema version: unsupported schema version: 1.0.0 (supported: 1.0, 2.0)
        loader_profile_test.go:166: LoadFromBytes failed: failed to detect schema version: unsupported schema version: 1.0.0 (supported: 1.0, 2.0)
        loader_profile_test.go:166: LoadFromBytes failed: failed to detect schema version: unsupported schema version: 1.0.0 (supported: 1.0, 2.0)
        loader_profile_test.go:166: LoadFromBytes failed: failed to detect schema version: unsupported schema version: 1.0.0 (supported: 1.0, 2.0)
        loader_profile_test.go:166: LoadFromBytes failed: failed to detect schema version: unsupported schema version: 1.0.0 (supported: 1.0, 2.0)
        loader_profile_test.go:166: LoadFromBytes failed: failed to detect schema version: unsupported schema version: 1.0.0 (supported: 1.0, 2.0)
        loader_profile_test.go:166: LoadFromBytes failed: failed to detect schema version: unsupported schema version: 1.0.0 (supported: 1.0, 2.0)
        loader_profile_test.go:166: LoadFromBytes failed: failed to detect schema version: unsupported schema version: 1.0.0 (supported: 1.0, 2.0)
        loader_profile_test.go:166: LoadFromBytes failed: failed to detect schema version: unsupported schema version: 1.0.0 (supported: 1.0, 2.0)
        loader_profile_test.go:166: LoadFromBytes failed: failed to detect schema version: unsupported schema version: 1.0.0 (supported: 1.0, 2.0)
        loader_profile_test.go:166: LoadFromBytes failed: failed to detect schema version: unsupported schema version: 1.0.0 (supported: 1.0, 2.0)
        loader_profile_test.go:166: LoadFromBytes failed: failed to detect schema version: unsupported schema version: 1.0.0 (supported: 1.0, 2.0)
        loader_profile_test.go:166: LoadFromBytes failed: failed to detect schema version: unsupported schema version: 1.0.0 (supported: 1.0, 2.0)
        loader_profile_test.go:166: LoadFromBytes failed: failed to detect schema version: unsupported schema version: 1.0.0 (supported: 1.0, 2.0)
        loader_profile_test.go:166: LoadFromBytes failed: failed to detect schema version: unsupported schema version: 1.0.0 (supported: 1.0, 2.0)
        loader_profile_test.go:166: LoadFromBytes failed: failed to detect schema version: unsupported schema version: 1.0.0 (supported: 1.0, 2.0)
        loader_profile_test.go:166: LoadFromBytes failed: failed to detect schema version: unsupported schema version: 1.0.0 (supported: 1.0, 2.0)
        loader_profile_test.go:166: LoadFromBytes failed: failed to detect schema version: unsupported schema version: 1.0.0 (supported: 1.0, 2.0)
        loader_profile_test.go:166: LoadFromBytes failed: failed to detect schema version: unsupported schema version: 1.0.0 (supported: 1.0, 2.0)
        loader_profile_test.go:166: LoadFromBytes failed: failed to detect schema version: unsupported schema version: 1.0.0 (supported: 1.0, 2.0)
        loader_profile_test.go:166: LoadFromBytes failed: failed to detect schema version: unsupported schema version: 1.0.0 (supported: 1.0, 2.0)
        loader_profile_test.go:166: LoadFromBytes failed: failed to detect schema version: unsupported schema version: 1.0.0 (supported: 1.0, 2.0)
        loader_profile_test.go:166: LoadFromBytes failed: failed to detect schema version: unsupported schema version: 1.0.0 (supported: 1.0, 2.0)
        loader_profile_test.go:166: LoadFromBytes failed: failed to detect schema version: unsupported schema version: 1.0.0 (supported: 1.0, 2.0)
        loader_profile_test.go:166: LoadFromBytes failed: failed to detect schema version: unsupported schema version: 1.0.0 (supported: 1.0, 2.0)
        loader_profile_test.go:166: LoadFromBytes failed: failed to detect schema version: unsupported schema version: 1.0.0 (supported: 1.0, 2.0)
        loader_profile_test.go:166: LoadFromBytes failed: failed to detect schema version: unsupported schema version: 1.0.0 (supported: 1.0, 2.0)
        loader_profile_test.go:166: LoadFromBytes failed: failed to detect schema version: unsupported schema version: 1.0.0 (supported: 1.0, 2.0)
        loader_profile_test.go:166: LoadFromBytes failed: failed to detect schema version: unsupported schema version: 1.0.0 (supported: 1.0, 2.0)
        loader_profile_test.go:166: LoadFromBytes failed: failed to detect schema version: unsupported schema version: 1.0.0 (supported: 1.0, 2.0)
        loader_profile_test.go:166: LoadFromBytes failed: failed to detect schema version: unsupported schema version: 1.0.0 (supported: 1.0, 2.0)
        loader_profile_test.go:166: LoadFromBytes failed: failed to detect schema version: unsupported schema version: 1.0.0 (supported: 1.0, 2.0)
        loader_profile_test.go:166: LoadFromBytes failed: failed to detect schema version: unsupported schema version: 1.0.0 (supported: 1.0, 2.0)
        loader_profile_test.go:166: LoadFromBytes failed: failed to detect schema version: unsupported schema version: 1.0.0 (supported: 1.0, 2.0)
        loader_profile_test.go:166: LoadFromBytes failed: failed to detect schema version: unsupported schema version: 1.0.0 (supported: 1.0, 2.0)
        loader_profile_test.go:166: LoadFromBytes failed: failed to detect schema version: unsupported schema version: 1.0.0 (supported: 1.0, 2.0)
        loader_profile_test.go:166: LoadFromBytes failed: failed to detect schema version: unsupported schema version: 1.0.0 (supported: 1.0, 2.0)
        loader_profile_test.go:166: LoadFromBytes failed: failed to detect schema version: unsupported schema version: 1.0.0 (supported: 1.0, 2.0)
        loader_profile_test.go:166: LoadFromBytes failed: failed to detect schema version: unsupported schema version: 1.0.0 (supported: 1.0, 2.0)
        loader_profile_test.go:166: LoadFromBytes failed: failed to detect schema version: unsupported schema version: 1.0.0 (supported: 1.0, 2.0)
        loader_profile_test.go:166: LoadFromBytes failed: failed to detect schema version: unsupported schema version: 1.0.0 (supported: 1.0, 2.0)
        loader_profile_test.go:166: LoadFromBytes failed: failed to detect schema version: unsupported schema version: 1.0.0 (supported: 1.0, 2.0)
        loader_profile_test.go:166: LoadFromBytes failed: failed to detect schema version: unsupported schema version: 1.0.0 (supported: 1.0, 2.0)
        loader_profile_test.go:166: LoadFromBytes failed: failed to detect schema version: unsupported schema version: 1.0.0 (supported: 1.0, 2.0)
        loader_profile_test.go:166: LoadFromBytes failed: failed to detect schema version: unsupported schema version: 1.0.0 (supported: 1.0, 2.0)
        loader_profile_test.go:166: LoadFromBytes failed: failed to detect schema version: unsupported schema version: 1.0.0 (supported: 1.0, 2.0)
        loader_profile_test.go:166: LoadFromBytes failed: failed to detect schema version: unsupported schema version: 1.0.0 (supported: 1.0, 2.0)
        loader_profile_test.go:166: LoadFromBytes failed: failed to detect schema version: unsupported schema version: 1.0.0 (supported: 1.0, 2.0)
        loader_profile_test.go:166: LoadFromBytes failed: failed to detect schema version: unsupported schema version: 1.0.0 (supported: 1.0, 2.0)
        loader_profile_test.go:166: LoadFromBytes failed: failed to detect schema version: unsupported schema version: 1.0.0 (supported: 1.0, 2.0)
        loader_profile_test.go:166: LoadFromBytes failed: failed to detect schema version: unsupported schema version: 1.0.0 (supported: 1.0, 2.0)
        loader_profile_test.go:166: LoadFromBytes failed: failed to detect schema version: unsupported schema version: 1.0.0 (supported: 1.0, 2.0)
        loader_profile_test.go:166: LoadFromBytes failed: failed to detect schema version: unsupported schema version: 1.0.0 (supported: 1.0, 2.0)
        loader_profile_test.go:166: LoadFromBytes failed: failed to detect schema version: unsupported schema version: 1.0.0 (supported: 1.0, 2.0)
        loader_profile_test.go:166: LoadFromBytes failed: failed to detect schema version: unsupported schema version: 1.0.0 (supported: 1.0, 2.0)
        loader_profile_test.go:166: LoadFromBytes failed: failed to detect schema version: unsupported schema version: 1.0.0 (supported: 1.0, 2.0)
        loader_profile_test.go:166: LoadFromBytes failed: failed to detect schema version: unsupported schema version: 1.0.0 (supported: 1.0, 2.0)
        loader_profile_test.go:166: LoadFromBytes failed: failed to detect schema version: unsupported schema version: 1.0.0 (supported: 1.0, 2.0)
        loader_profile_test.go:166: LoadFromBytes failed: failed to detect schema version: unsupported schema version: 1.0.0 (supported: 1.0, 2.0)
        loader_profile_test.go:166: LoadFromBytes failed: failed to detect schema version: unsupported schema version: 1.0.0 (supported: 1.0, 2.0)
        loader_profile_test.go:166: LoadFromBytes failed: failed to detect schema version: unsupported schema version: 1.0.0 (supported: 1.0, 2.0)
        loader_profile_test.go:166: LoadFromBytes failed: failed to detect schema version: unsupported schema version: 1.0.0 (supported: 1.0, 2.0)
        loader_profile_test.go:166: LoadFromBytes failed: failed to detect schema version: unsupported schema version: 1.0.0 (supported: 1.0, 2.0)
        loader_profile_test.go:166: LoadFromBytes failed: failed to detect schema version: unsupported schema version: 1.0.0 (supported: 1.0, 2.0)
        loader_profile_test.go:166: LoadFromBytes failed: failed to detect schema version: unsupported schema version: 1.0.0 (supported: 1.0, 2.0)
        loader_profile_test.go:166: LoadFromBytes failed: failed to detect schema version: unsupported schema version: 1.0.0 (supported: 1.0, 2.0)
        loader_profile_test.go:166: LoadFromBytes failed: failed to detect schema version: unsupported schema version: 1.0.0 (supported: 1.0, 2.0)
        loader_profile_test.go:166: LoadFromBytes failed: failed to detect schema version: unsupported schema version: 1.0.0 (supported: 1.0, 2.0)
        loader_profile_test.go:166: LoadFromBytes failed: failed to detect schema version: unsupported schema version: 1.0.0 (supported: 1.0, 2.0)
        loader_profile_test.go:166: LoadFromBytes failed: failed to detect schema version: unsupported schema version: 1.0.0 (supported: 1.0, 2.0)
        loader_profile_test.go:166: LoadFromBytes failed: failed to detect schema version: unsupported schema version: 1.0.0 (supported: 1.0, 2.0)
        loader_profile_test.go:166: LoadFromBytes failed: failed to detect schema version: unsupported schema version: 1.0.0 (supported: 1.0, 2.0)
        loader_profile_test.go:166: LoadFromBytes failed: failed to detect schema version: unsupported schema version: 1.0.0 (supported: 1.0, 2.0)
        loader_profile_test.go:166: LoadFromBytes failed: failed to detect schema version: unsupported schema version: 1.0.0 (supported: 1.0, 2.0)
        loader_profile_test.go:166: LoadFromBytes failed: failed to detect schema version: unsupported schema version: 1.0.0 (supported: 1.0, 2.0)
        loader_profile_test.go:166: LoadFromBytes failed: failed to detect schema version: unsupported schema version: 1.0.0 (supported: 1.0, 2.0)
        loader_profile_test.go:166: LoadFromBytes failed: failed to detect schema version: unsupported schema version: 1.0.0 (supported: 1.0, 2.0)
        loader_profile_test.go:166: LoadFromBytes failed: failed to detect schema version: unsupported schema version: 1.0.0 (supported: 1.0, 2.0)
        loader_profile_test.go:166: LoadFromBytes failed: failed to detect schema version: unsupported schema version: 1.0.0 (supported: 1.0, 2.0)
        loader_profile_test.go:166: LoadFromBytes failed: failed to detect schema version: unsupported schema version: 1.0.0 (supported: 1.0, 2.0)
        loader_profile_test.go:166: LoadFromBytes failed: failed to detect schema version: unsupported schema version: 1.0.0 (supported: 1.0, 2.0)
        loader_profile_test.go:166: LoadFromBytes failed: failed to detect schema version: unsupported schema version: 1.0.0 (supported: 1.0, 2.0)
        loader_profile_test.go:166: LoadFromBytes failed: failed to detect schema version: unsupported schema version: 1.0.0 (supported: 1.0, 2.0)
        loader_profile_test.go:166: LoadFromBytes failed: failed to detect schema version: unsupported schema version: 1.0.0 (supported: 1.0, 2.0)
        loader_profile_test.go:166: LoadFromBytes failed: failed to detect schema version: unsupported schema version: 1.0.0 (supported: 1.0, 2.0)
        loader_profile_test.go:166: LoadFromBytes failed: failed to detect schema version: unsupported schema version: 1.0.0 (supported: 1.0, 2.0)
        loader_profile_test.go:166: LoadFromBytes failed: failed to detect schema version: unsupported schema version: 1.0.0 (supported: 1.0, 2.0)
        loader_profile_test.go:166: LoadFromBytes failed: failed to detect schema version: unsupported schema version: 1.0.0 (supported: 1.0, 2.0)
        loader_profile_test.go:166: LoadFromBytes failed: failed to detect schema version: unsupported schema version: 1.0.0 (supported: 1.0, 2.0)
        loader_profile_test.go:166: LoadFromBytes failed: failed to detect schema version: unsupported schema version: 1.0.0 (supported: 1.0, 2.0)
        loader_profile_test.go:166: LoadFromBytes failed: failed to detect schema version: unsupported schema version: 1.0.0 (supported: 1.0, 2.0)
        loader_profile_test.go:166: LoadFromBytes failed: failed to detect schema version: unsupported schema version: 1.0.0 (supported: 1.0, 2.0)
        loader_profile_test.go:166: LoadFromBytes failed: failed to detect schema version: unsupported schema version: 1.0.0 (supported: 1.0, 2.0)
        loader_profile_test.go:166: LoadFromBytes failed: failed to detect schema version: unsupported schema version: 1.0.0 (supported: 1.0, 2.0)
        loader_profile_test.go:166: LoadFromBytes failed: failed to detect schema version: unsupported schema version: 1.0.0 (supported: 1.0, 2.0)
        loader_profile_test.go:166: LoadFromBytes failed: failed to detect schema version: unsupported schema version: 1.0.0 (supported: 1.0, 2.0)
        loader_profile_test.go:166: LoadFromBytes failed: failed to detect schema version: unsupported schema version: 1.0.0 (supported: 1.0, 2.0)
        loader_profile_test.go:166: LoadFromBytes failed: failed to detect schema version: unsupported schema version: 1.0.0 (supported: 1.0, 2.0)
        loader_profile_test.go:166: LoadFromBytes failed: failed to detect schema version: unsupported schema version: 1.0.0 (supported: 1.0, 2.0)
        loader_profile_test.go:166: LoadFromBytes failed: failed to detect schema version: unsupported schema version: 1.0.0 (supported: 1.0, 2.0)
        loader_profile_test.go:166: LoadFromBytes failed: failed to detect schema version: unsupported schema version: 1.0.0 (supported: 1.0, 2.0)
        loader_profile_test.go:166: LoadFromBytes failed: failed to detect schema version: unsupported schema version: 1.0.0 (supported: 1.0, 2.0)
        loader_profile_test.go:166: LoadFromBytes failed: failed to detect schema version: unsupported schema version: 1.0.0 (supported: 1.0, 2.0)
        loader_profile_test.go:166: LoadFromBytes failed: failed to detect schema version: unsupported schema version: 1.0.0 (supported: 1.0, 2.0)
        loader_profile_test.go:166: LoadFromBytes failed: failed to detect schema version: unsupported schema version: 1.0.0 (supported: 1.0, 2.0)
        loader_profile_test.go:166: LoadFromBytes failed: failed to detect schema version: unsupported schema version: 1.0.0 (supported: 1.0, 2.0)
        loader_profile_test.go:166: LoadFromBytes failed: failed to detect schema version: unsupported schema version: 1.0.0 (supported: 1.0, 2.0)
        loader_profile_test.go:166: LoadFromBytes failed: failed to detect schema version: unsupported schema version: 1.0.0 (supported: 1.0, 2.0)
        loader_profile_test.go:166: LoadFromBytes failed: failed to detect schema version: unsupported schema version: 1.0.0 (supported: 1.0, 2.0)
        loader_profile_test.go:166: LoadFromBytes failed: failed to detect schema version: unsupported schema version: 1.0.0 (supported: 1.0, 2.0)
        loader_profile_test.go:166: LoadFromBytes failed: failed to detect schema version: unsupported schema version: 1.0.0 (supported: 1.0, 2.0)
        loader_profile_test.go:166: LoadFromBytes failed: failed to detect schema version: unsupported schema version: 1.0.0 (supported: 1.0, 2.0)
        loader_profile_test.go:166: LoadFromBytes failed: failed to detect schema version: unsupported schema version: 1.0.0 (supported: 1.0, 2.0)
        loader_profile_test.go:166: LoadFromBytes failed: failed to detect schema version: unsupported schema version: 1.0.0 (supported: 1.0, 2.0)
        loader_profile_test.go:166: LoadFromBytes failed: failed to detect schema version: unsupported schema version: 1.0.0 (supported: 1.0, 2.0)
        loader_profile_test.go:166: LoadFromBytes failed: failed to detect schema version: unsupported schema version: 1.0.0 (supported: 1.0, 2.0)
        loader_profile_test.go:166: LoadFromBytes failed: failed to detect schema version: unsupported schema version: 1.0.0 (supported: 1.0, 2.0)
        loader_profile_test.go:166: LoadFromBytes failed: failed to detect schema version: unsupported schema version: 1.0.0 (supported: 1.0, 2.0)
        loader_profile_test.go:166: LoadFromBytes failed: failed to detect schema version: unsupported schema version: 1.0.0 (supported: 1.0, 2.0)
        loader_profile_test.go:166: LoadFromBytes failed: failed to detect schema version: unsupported schema version: 1.0.0 (supported: 1.0, 2.0)
        loader_profile_test.go:166: LoadFromBytes failed: failed to detect schema version: unsupported schema version: 1.0.0 (supported: 1.0, 2.0)
        loader_profile_test.go:166: LoadFromBytes failed: failed to detect schema version: unsupported schema version: 1.0.0 (supported: 1.0, 2.0)
        loader_profile_test.go:166: LoadFromBytes failed: failed to detect schema version: unsupported schema version: 1.0.0 (supported: 1.0, 2.0)
        loader_profile_test.go:166: LoadFromBytes failed: failed to detect schema version: unsupported schema version: 1.0.0 (supported: 1.0, 2.0)
        loader_profile_test.go:166: LoadFromBytes failed: failed to detect schema version: unsupported schema version: 1.0.0 (supported: 1.0, 2.0)
        loader_profile_test.go:166: LoadFromBytes failed: failed to detect schema version: unsupported schema version: 1.0.0 (supported: 1.0, 2.0)
        loader_profile_test.go:166: LoadFromBytes failed: failed to detect schema version: unsupported schema version: 1.0.0 (supported: 1.0, 2.0)
        loader_profile_test.go:166: LoadFromBytes failed: failed to detect schema version: unsupported schema version: 1.0.0 (supported: 1.0, 2.0)
        loader_profile_test.go:166: LoadFromBytes failed: failed to detect schema version: unsupported schema version: 1.0.0 (supported: 1.0, 2.0)
        loader_profile_test.go:166: LoadFromBytes failed: failed to detect schema version: unsupported schema version: 1.0.0 (supported: 1.0, 2.0)
        loader_profile_test.go:166: LoadFromBytes failed: failed to detect schema version: unsupported schema version: 1.0.0 (supported: 1.0, 2.0)
        loader_profile_test.go:166: LoadFromBytes failed: failed to detect schema version: unsupported schema version: 1.0.0 (supported: 1.0, 2.0)
        loader_profile_test.go:166: LoadFromBytes failed: failed to detect schema version: unsupported schema version: 1.0.0 (supported: 1.0, 2.0)
        loader_profile_test.go:166: LoadFromBytes failed: failed to detect schema version: unsupported schema version: 1.0.0 (supported: 1.0, 2.0)
        loader_profile_test.go:166: LoadFromBytes failed: failed to detect schema version: unsupported schema version: 1.0.0 (supported: 1.0, 2.0)
        loader_profile_test.go:166: LoadFromBytes failed: failed to detect schema version: unsupported schema version: 1.0.0 (supported: 1.0, 2.0)
        loader_profile_test.go:166: LoadFromBytes failed: failed to detect schema version: unsupported schema version: 1.0.0 (supported: 1.0, 2.0)
        loader_profile_test.go:166: LoadFromBytes failed: failed to detect schema version: unsupported schema version: 1.0.0 (supported: 1.0, 2.0)
        loader_profile_test.go:166: LoadFromBytes failed: failed to detect schema version: unsupported schema version: 1.0.0 (supported: 1.0, 2.0)
        loader_profile_test.go:166: LoadFromBytes failed: failed to detect schema version: unsupported schema version: 1.0.0 (supported: 1.0, 2.0)
        loader_profile_test.go:166: LoadFromBytes failed: failed to detect schema version: unsupported schema version: 1.0.0 (supported: 1.0, 2.0)
        loader_profile_test.go:166: LoadFromBytes failed: failed to detect schema version: unsupported schema version: 1.0.0 (supported: 1.0, 2.0)
        loader_profile_test.go:166: LoadFromBytes failed: failed to detect schema version: unsupported schema version: 1.0.0 (supported: 1.0, 2.0)
        loader_profile_test.go:166: LoadFromBytes failed: failed to detect schema version: unsupported schema version: 1.0.0 (supported: 1.0, 2.0)
        loader_profile_test.go:166: LoadFromBytes failed: failed to detect schema version: unsupported schema version: 1.0.0 (supported: 1.0, 2.0)
        loader_profile_test.go:166: LoadFromBytes failed: failed to detect schema version: unsupported schema version: 1.0.0 (supported: 1.0, 2.0)
        loader_profile_test.go:166: LoadFromBytes failed: failed to detect schema version: unsupported schema version: 1.0.0 (supported: 1.0, 2.0)
        loader_profile_test.go:166: LoadFromBytes failed: failed to detect schema version: unsupported schema version: 1.0.0 (supported: 1.0, 2.0)
        loader_profile_test.go:166: LoadFromBytes failed: failed to detect schema version: unsupported schema version: 1.0.0 (supported: 1.0, 2.0)
        loader_profile_test.go:166: LoadFromBytes failed: failed to detect schema version: unsupported schema version: 1.0.0 (supported: 1.0, 2.0)
        loader_profile_test.go:166: LoadFromBytes failed: failed to detect schema version: unsupported schema version: 1.0.0 (supported: 1.0, 2.0)
        loader_profile_test.go:166: LoadFromBytes failed: failed to detect schema version: unsupported schema version: 1.0.0 (supported: 1.0, 2.0)
        loader_profile_test.go:166: LoadFromBytes failed: failed to detect schema version: unsupported schema version: 1.0.0 (supported: 1.0, 2.0)
        loader_profile_test.go:166: LoadFromBytes failed: failed to detect schema version: unsupported schema version: 1.0.0 (supported: 1.0, 2.0)
        loader_profile_test.go:166: LoadFromBytes failed: failed to detect schema version: unsupported schema version: 1.0.0 (supported: 1.0, 2.0)
        loader_profile_test.go:166: LoadFromBytes failed: failed to detect schema version: unsupported schema version: 1.0.0 (supported: 1.0, 2.0)
        loader_profile_test.go:166: LoadFromBytes failed: failed to detect schema version: unsupported schema version: 1.0.0 (supported: 1.0, 2.0)
        loader_profile_test.go:166: LoadFromBytes failed: failed to detect schema version: unsupported schema version: 1.0.0 (supported: 1.0, 2.0)
        loader_profile_test.go:166: LoadFromBytes failed: failed to detect schema version: unsupported schema version: 1.0.0 (supported: 1.0, 2.0)
        loader_profile_test.go:166: LoadFromBytes failed: failed to detect schema version: unsupported schema version: 1.0.0 (supported: 1.0, 2.0)
        loader_profile_test.go:166: LoadFromBytes failed: failed to detect schema version: unsupported schema version: 1.0.0 (supported: 1.0, 2.0)
        loader_profile_test.go:166: LoadFromBytes failed: failed to detect schema version: unsupported schema version: 1.0.0 (supported: 1.0, 2.0)
        loader_profile_test.go:166: LoadFromBytes failed: failed to detect schema version: unsupported schema version: 1.0.0 (supported: 1.0, 2.0)
        loader_profile_test.go:166: LoadFromBytes failed: failed to detect schema version: unsupported schema version: 1.0.0 (supported: 1.0, 2.0)
        loader_profile_test.go:166: LoadFromBytes failed: failed to detect schema version: unsupported schema version: 1.0.0 (supported: 1.0, 2.0)
        loader_profile_test.go:166: LoadFromBytes failed: failed to detect schema version: unsupported schema version: 1.0.0 (supported: 1.0, 2.0)
        loader_profile_test.go:166: LoadFromBytes failed: failed to detect schema version: unsupported schema version: 1.0.0 (supported: 1.0, 2.0)
        loader_profile_test.go:166: LoadFromBytes failed: failed to detect schema version: unsupported schema version: 1.0.0 (supported: 1.0, 2.0)
        loader_profile_test.go:166: LoadFromBytes failed: failed to detect schema version: unsupported schema version: 1.0.0 (supported: 1.0, 2.0)
        loader_profile_test.go:166: LoadFromBytes failed: failed to detect schema version: unsupported schema version: 1.0.0 (supported: 1.0, 2.0)
        loader_profile_test.go:166: LoadFromBytes failed: failed to detect schema version: unsupported schema version: 1.0.0 (supported: 1.0, 2.0)
        loader_profile_test.go:166: LoadFromBytes failed: failed to detect schema version: unsupported schema version: 1.0.0 (supported: 1.0, 2.0)
        loader_profile_test.go:166: LoadFromBytes failed: failed to detect schema version: unsupported schema version: 1.0.0 (supported: 1.0, 2.0)
        loader_profile_test.go:166: LoadFromBytes failed: failed to detect schema version: unsupported schema version: 1.0.0 (supported: 1.0, 2.0)
        loader_profile_test.go:166: LoadFromBytes failed: failed to detect schema version: unsupported schema version: 1.0.0 (supported: 1.0, 2.0)
        loader_profile_test.go:166: LoadFromBytes failed: failed to detect schema version: unsupported schema version: 1.0.0 (supported: 1.0, 2.0)
        loader_profile_test.go:166: LoadFromBytes failed: failed to detect schema version: unsupported schema version: 1.0.0 (supported: 1.0, 2.0)
        loader_profile_test.go:166: LoadFromBytes failed: failed to detect schema version: unsupported schema version: 1.0.0 (supported: 1.0, 2.0)
        loader_profile_test.go:166: LoadFromBytes failed: failed to detect schema version: unsupported schema version: 1.0.0 (supported: 1.0, 2.0)
        loader_profile_test.go:166: LoadFromBytes failed: failed to detect schema version: unsupported schema version: 1.0.0 (supported: 1.0, 2.0)
        loader_profile_test.go:166: LoadFromBytes failed: failed to detect schema version: unsupported schema version: 1.0.0 (supported: 1.0, 2.0)
        loader_profile_test.go:166: LoadFromBytes failed: failed to detect schema version: unsupported schema version: 1.0.0 (supported: 1.0, 2.0)
        loader_profile_test.go:166: LoadFromBytes failed: failed to detect schema version: unsupported schema version: 1.0.0 (supported: 1.0, 2.0)
        loader_profile_test.go:166: LoadFromBytes failed: failed to detect schema version: unsupported schema version: 1.0.0 (supported: 1.0, 2.0)
        loader_profile_test.go:166: LoadFromBytes failed: failed to detect schema version: unsupported schema version: 1.0.0 (supported: 1.0, 2.0)
        loader_profile_test.go:166: LoadFromBytes failed: failed to detect schema version: unsupported schema version: 1.0.0 (supported: 1.0, 2.0)
        loader_profile_test.go:166: LoadFromBytes failed: failed to detect schema version: unsupported schema version: 1.0.0 (supported: 1.0, 2.0)
        loader_profile_test.go:166: LoadFromBytes failed: failed to detect schema version: unsupported schema version: 1.0.0 (supported: 1.0, 2.0)
        loader_profile_test.go:166: LoadFromBytes failed: failed to detect schema version: unsupported schema version: 1.0.0 (supported: 1.0, 2.0)
        loader_profile_test.go:166: LoadFromBytes failed: failed to detect schema version: unsupported schema version: 1.0.0 (supported: 1.0, 2.0)
        loader_profile_test.go:166: LoadFromBytes failed: failed to detect schema version: unsupported schema version: 1.0.0 (supported: 1.0, 2.0)
        loader_profile_test.go:166: LoadFromBytes failed: failed to detect schema version: unsupported schema version: 1.0.0 (supported: 1.0, 2.0)
        loader_profile_test.go:166: LoadFromBytes failed: failed to detect schema version: unsupported schema version: 1.0.0 (supported: 1.0, 2.0)
        loader_profile_test.go:166: LoadFromBytes failed: failed to detect schema version: unsupported schema version: 1.0.0 (supported: 1.0, 2.0)
        loader_profile_test.go:166: LoadFromBytes failed: failed to detect schema version: unsupported schema version: 1.0.0 (supported: 1.0, 2.0)
        loader_profile_test.go:166: LoadFromBytes failed: failed to detect schema version: unsupported schema version: 1.0.0 (supported: 1.0, 2.0)
        loader_profile_test.go:166: LoadFromBytes failed: failed to detect schema version: unsupported schema version: 1.0.0 (supported: 1.0, 2.0)
        loader_profile_test.go:166: LoadFromBytes failed: failed to detect schema version: unsupported schema version: 1.0.0 (supported: 1.0, 2.0)
        loader_profile_test.go:166: LoadFromBytes failed: failed to detect schema version: unsupported schema version: 1.0.0 (supported: 1.0, 2.0)
        loader_profile_test.go:166: LoadFromBytes failed: failed to detect schema version: unsupported schema version: 1.0.0 (supported: 1.0, 2.0)
        loader_profile_test.go:166: LoadFromBytes failed: failed to detect schema version: unsupported schema version: 1.0.0 (supported: 1.0, 2.0)
        loader_profile_test.go:166: LoadFromBytes failed: failed to detect schema version: unsupported schema version: 1.0.0 (supported: 1.0, 2.0)
        loader_profile_test.go:166: LoadFromBytes failed: failed to detect schema version: unsupported schema version: 1.0.0 (supported: 1.0, 2.0)
        loader_profile_test.go:166: LoadFromBytes failed: failed to detect schema version: unsupported schema version: 1.0.0 (supported: 1.0, 2.0)
        loader_profile_test.go:166: LoadFromBytes failed: failed to detect schema version: unsupported schema version: 1.0.0 (supported: 1.0, 2.0)
        loader_profile_test.go:166: LoadFromBytes failed: failed to detect schema version: unsupported schema version: 1.0.0 (supported: 1.0, 2.0)
        loader_profile_test.go:166: LoadFromBytes failed: failed to detect schema version: unsupported schema version: 1.0.0 (supported: 1.0, 2.0)
        loader_profile_test.go:166: LoadFromBytes failed: failed to detect schema version: unsupported schema version: 1.0.0 (supported: 1.0, 2.0)
        loader_profile_test.go:166: LoadFromBytes failed: failed to detect schema version: unsupported schema version: 1.0.0 (supported: 1.0, 2.0)
        loader_profile_test.go:166: LoadFromBytes failed: failed to detect schema version: unsupported schema version: 1.0.0 (supported: 1.0, 2.0)
        loader_profile_test.go:166: LoadFromBytes failed: failed to detect schema version: unsupported schema version: 1.0.0 (supported: 1.0, 2.0)
        loader_profile_test.go:166: LoadFromBytes failed: failed to detect schema version: unsupported schema version: 1.0.0 (supported: 1.0, 2.0)
        loader_profile_test.go:166: LoadFromBytes failed: failed to detect schema version: unsupported schema version: 1.0.0 (supported: 1.0, 2.0)
        loader_profile_test.go:166: LoadFromBytes failed: failed to detect schema version: unsupported schema version: 1.0.0 (supported: 1.0, 2.0)
        loader_profile_test.go:166: LoadFromBytes failed: failed to detect schema version: unsupported schema version: 1.0.0 (supported: 1.0, 2.0)
        loader_profile_test.go:166: LoadFromBytes failed: failed to detect schema version: unsupported schema version: 1.0.0 (supported: 1.0, 2.0)
        loader_profile_test.go:166: LoadFromBytes failed: failed to detect schema version: unsupported schema version: 1.0.0 (supported: 1.0, 2.0)
        loader_profile_test.go:166: LoadFromBytes failed: failed to detect schema version: unsupported schema version: 1.0.0 (supported: 1.0, 2.0)
        loader_profile_test.go:166: LoadFromBytes failed: failed to detect schema version: unsupported schema version: 1.0.0 (supported: 1.0, 2.0)
        loader_profile_test.go:166: LoadFromBytes failed: failed to detect schema version: unsupported schema version: 1.0.0 (supported: 1.0, 2.0)
        loader_profile_test.go:166: LoadFromBytes failed: failed to detect schema version: unsupported schema version: 1.0.0 (supported: 1.0, 2.0)
        loader_profile_test.go:166: LoadFromBytes failed: failed to detect schema version: unsupported schema version: 1.0.0 (supported: 1.0, 2.0)
        loader_profile_test.go:166: LoadFromBytes failed: failed to detect schema version: unsupported schema version: 1.0.0 (supported: 1.0, 2.0)
        loader_profile_test.go:166: LoadFromBytes failed: failed to detect schema version: unsupported schema version: 1.0.0 (supported: 1.0, 2.0)
        loader_profile_test.go:166: LoadFromBytes failed: failed to detect schema version: unsupported schema version: 1.0.0 (supported: 1.0, 2.0)
        loader_profile_test.go:166: LoadFromBytes failed: failed to detect schema version: unsupported schema version: 1.0.0 (supported: 1.0, 2.0)
        loader_profile_test.go:166: LoadFromBytes failed: failed to detect schema version: unsupported schema version: 1.0.0 (supported: 1.0, 2.0)
        loader_profile_test.go:166: LoadFromBytes failed: failed to detect schema version: unsupported schema version: 1.0.0 (supported: 1.0, 2.0)
        loader_profile_test.go:166: LoadFromBytes failed: failed to detect schema version: unsupported schema version: 1.0.0 (supported: 1.0, 2.0)
        loader_profile_test.go:166: LoadFromBytes failed: failed to detect schema version: unsupported schema version: 1.0.0 (supported: 1.0, 2.0)
        loader_profile_test.go:166: LoadFromBytes failed: failed to detect schema version: unsupported schema version: 1.0.0 (supported: 1.0, 2.0)
        loader_profile_test.go:166: LoadFromBytes failed: failed to detect schema version: unsupported schema version: 1.0.0 (supported: 1.0, 2.0)
        loader_profile_test.go:166: LoadFromBytes failed: failed to detect schema version: unsupported schema version: 1.0.0 (supported: 1.0, 2.0)
        loader_profile_test.go:166: LoadFromBytes failed: failed to detect schema version: unsupported schema version: 1.0.0 (supported: 1.0, 2.0)
        loader_profile_test.go:166: LoadFromBytes failed: failed to detect schema version: unsupported schema version: 1.0.0 (supported: 1.0, 2.0)
        loader_profile_test.go:166: LoadFromBytes failed: failed to detect schema version: unsupported schema version: 1.0.0 (supported: 1.0, 2.0)
        loader_profile_test.go:166: LoadFromBytes failed: failed to detect schema version: unsupported schema version: 1.0.0 (supported: 1.0, 2.0)
        loader_profile_test.go:166: LoadFromBytes failed: failed to detect schema version: unsupported schema version: 1.0.0 (supported: 1.0, 2.0)
        loader_profile_test.go:166: LoadFromBytes failed: failed to detect schema version: unsupported schema version: 1.0.0 (supported: 1.0, 2.0)
        loader_profile_test.go:166: LoadFromBytes failed: failed to detect schema version: unsupported schema version: 1.0.0 (supported: 1.0, 2.0)
        loader_profile_test.go:166: LoadFromBytes failed: failed to detect schema version: unsupported schema version: 1.0.0 (supported: 1.0, 2.0)
        loader_profile_test.go:166: LoadFromBytes failed: failed to detect schema version: unsupported schema version: 1.0.0 (supported: 1.0, 2.0)
        loader_profile_test.go:166: LoadFromBytes failed: failed to detect schema version: unsupported schema version: 1.0.0 (supported: 1.0, 2.0)
        loader_profile_test.go:166: LoadFromBytes failed: failed to detect schema version: unsupported schema version: 1.0.0 (supported: 1.0, 2.0)
        loader_profile_test.go:166: LoadFromBytes failed: failed to detect schema version: unsupported schema version: 1.0.0 (supported: 1.0, 2.0)
        loader_profile_test.go:166: LoadFromBytes failed: failed to detect schema version: unsupported schema version: 1.0.0 (supported: 1.0, 2.0)
        loader_profile_test.go:166: LoadFromBytes failed: failed to detect schema version: unsupported schema version: 1.0.0 (supported: 1.0, 2.0)
        loader_profile_test.go:166: LoadFromBytes failed: failed to detect schema version: unsupported schema version: 1.0.0 (supported: 1.0, 2.0)
        loader_profile_test.go:166: LoadFromBytes failed: failed to detect schema version: unsupported schema version: 1.0.0 (supported: 1.0, 2.0)
        loader_profile_test.go:166: LoadFromBytes failed: failed to detect schema version: unsupported schema version: 1.0.0 (supported: 1.0, 2.0)
        loader_profile_test.go:166: LoadFromBytes failed: failed to detect schema version: unsupported schema version: 1.0.0 (supported: 1.0, 2.0)
        loader_profile_test.go:166: LoadFromBytes failed: failed to detect schema version: unsupported schema version: 1.0.0 (supported: 1.0, 2.0)
        loader_profile_test.go:166: LoadFromBytes failed: failed to detect schema version: unsupported schema version: 1.0.0 (supported: 1.0, 2.0)
        loader_profile_test.go:166: LoadFromBytes failed: failed to detect schema version: unsupported schema version: 1.0.0 (supported: 1.0, 2.0)
        loader_profile_test.go:166: LoadFromBytes failed: failed to detect schema version: unsupported schema version: 1.0.0 (supported: 1.0, 2.0)
        loader_profile_test.go:166: LoadFromBytes failed: failed to detect schema version: unsupported schema version: 1.0.0 (supported: 1.0, 2.0)
        loader_profile_test.go:166: LoadFromBytes failed: failed to detect schema version: unsupported schema version: 1.0.0 (supported: 1.0, 2.0)
        loader_profile_test.go:166: LoadFromBytes failed: failed to detect schema version: unsupported schema version: 1.0.0 (supported: 1.0, 2.0)
        loader_profile_test.go:166: LoadFromBytes failed: failed to detect schema version: unsupported schema version: 1.0.0 (supported: 1.0, 2.0)
        loader_profile_test.go:166: LoadFromBytes failed: failed to detect schema version: unsupported schema version: 1.0.0 (supported: 1.0, 2.0)
        loader_profile_test.go:166: LoadFromBytes failed: failed to detect schema version: unsupported schema version: 1.0.0 (supported: 1.0, 2.0)
        loader_profile_test.go:166: LoadFromBytes failed: failed to detect schema version: unsupported schema version: 1.0.0 (supported: 1.0, 2.0)
        loader_profile_test.go:166: LoadFromBytes failed: failed to detect schema version: unsupported schema version: 1.0.0 (supported: 1.0, 2.0)
        loader_profile_test.go:166: LoadFromBytes failed: failed to detect schema version: unsupported schema version: 1.0.0 (supported: 1.0, 2.0)
        loader_profile_test.go:166: LoadFromBytes failed: failed to detect schema version: unsupported schema version: 1.0.0 (supported: 1.0, 2.0)
        loader_profile_test.go:166: LoadFromBytes failed: failed to detect schema version: unsupported schema version: 1.0.0 (supported: 1.0, 2.0)
        loader_profile_test.go:166: LoadFromBytes failed: failed to detect schema version: unsupported schema version: 1.0.0 (supported: 1.0, 2.0)
        loader_profile_test.go:166: LoadFromBytes failed: failed to detect schema version: unsupported schema version: 1.0.0 (supported: 1.0, 2.0)
        loader_profile_test.go:166: LoadFromBytes failed: failed to detect schema version: unsupported schema version: 1.0.0 (supported: 1.0, 2.0)
        loader_profile_test.go:166: LoadFromBytes failed: failed to detect schema version: unsupported schema version: 1.0.0 (supported: 1.0, 2.0)
        loader_profile_test.go:166: LoadFromBytes failed: failed to detect schema version: unsupported schema version: 1.0.0 (supported: 1.0, 2.0)
        loader_profile_test.go:166: LoadFromBytes failed: failed to detect schema version: unsupported schema version: 1.0.0 (supported: 1.0, 2.0)
        loader_profile_test.go:166: LoadFromBytes failed: failed to detect schema version: unsupported schema version: 1.0.0 (supported: 1.0, 2.0)
        loader_profile_test.go:166: LoadFromBytes failed: failed to detect schema version: unsupported schema version: 1.0.0 (supported: 1.0, 2.0)
        loader_profile_test.go:166: LoadFromBytes failed: failed to detect schema version: unsupported schema version: 1.0.0 (supported: 1.0, 2.0)
        loader_profile_test.go:166: LoadFromBytes failed: failed to detect schema version: unsupported schema version: 1.0.0 (supported: 1.0, 2.0)
        loader_profile_test.go:166: LoadFromBytes failed: failed to detect schema version: unsupported schema version: 1.0.0 (supported: 1.0, 2.0)
        loader_profile_test.go:166: LoadFromBytes failed: failed to detect schema version: unsupported schema version: 1.0.0 (supported: 1.0, 2.0)
        loader_profile_test.go:166: LoadFromBytes failed: failed to detect schema version: unsupported schema version: 1.0.0 (supported: 1.0, 2.0)
        loader_profile_test.go:166: LoadFromBytes failed: failed to detect schema version: unsupported schema version: 1.0.0 (supported: 1.0, 2.0)
        loader_profile_test.go:166: LoadFromBytes failed: failed to detect schema version: unsupported schema version: 1.0.0 (supported: 1.0, 2.0)
        loader_profile_test.go:166: LoadFromBytes failed: failed to detect schema version: unsupported schema version: 1.0.0 (supported: 1.0, 2.0)
        loader_profile_test.go:166: LoadFromBytes failed: failed to detect schema version: unsupported schema version: 1.0.0 (supported: 1.0, 2.0)
        loader_profile_test.go:166: LoadFromBytes failed: failed to detect schema version: unsupported schema version: 1.0.0 (supported: 1.0, 2.0)
        loader_profile_test.go:166: LoadFromBytes failed: failed to detect schema version: unsupported schema version: 1.0.0 (supported: 1.0, 2.0)
        loader_profile_test.go:166: LoadFromBytes failed: failed to detect schema version: unsupported schema version: 1.0.0 (supported: 1.0, 2.0)
        loader_profile_test.go:166: LoadFromBytes failed: failed to detect schema version: unsupported schema version: 1.0.0 (supported: 1.0, 2.0)
        loader_profile_test.go:166: LoadFromBytes failed: failed to detect schema version: unsupported schema version: 1.0.0 (supported: 1.0, 2.0)
        loader_profile_test.go:166: LoadFromBytes failed: failed to detect schema version: unsupported schema version: 1.0.0 (supported: 1.0, 2.0)
        loader_profile_test.go:166: LoadFromBytes failed: failed to detect schema version: unsupported schema version: 1.0.0 (supported: 1.0, 2.0)
        loader_profile_test.go:166: LoadFromBytes failed: failed to detect schema version: unsupported schema version: 1.0.0 (supported: 1.0, 2.0)
        loader_profile_test.go:166: LoadFromBytes failed: failed to detect schema version: unsupported schema version: 1.0.0 (supported: 1.0, 2.0)
        loader_profile_test.go:166: LoadFromBytes failed: failed to detect schema version: unsupported schema version: 1.0.0 (supported: 1.0, 2.0)
        loader_profile_test.go:166: LoadFromBytes failed: failed to detect schema version: unsupported schema version: 1.0.0 (supported: 1.0, 2.0)
        loader_profile_test.go:166: LoadFromBytes failed: failed to detect schema version: unsupported schema version: 1.0.0 (supported: 1.0, 2.0)
        loader_profile_test.go:166: LoadFromBytes failed: failed to detect schema version: unsupported schema version: 1.0.0 (supported: 1.0, 2.0)
        loader_profile_test.go:166: LoadFromBytes failed: failed to detect schema version: unsupported schema version: 1.0.0 (supported: 1.0, 2.0)
        loader_profile_test.go:166: LoadFromBytes failed: failed to detect schema version: unsupported schema version: 1.0.0 (supported: 1.0, 2.0)
        loader_profile_test.go:166: LoadFromBytes failed: failed to detect schema version: unsupported schema version: 1.0.0 (supported: 1.0, 2.0)
        loader_profile_test.go:166: LoadFromBytes failed: failed to detect schema version: unsupported schema version: 1.0.0 (supported: 1.0, 2.0)
        loader_profile_test.go:166: LoadFromBytes failed: failed to detect schema version: unsupported schema version: 1.0.0 (supported: 1.0, 2.0)
        loader_profile_test.go:166: LoadFromBytes failed: failed to detect schema version: unsupported schema version: 1.0.0 (supported: 1.0, 2.0)
        loader_profile_test.go:166: LoadFromBytes failed: failed to detect schema version: unsupported schema version: 1.0.0 (supported: 1.0, 2.0)
        loader_profile_test.go:166: LoadFromBytes failed: failed to detect schema version: unsupported schema version: 1.0.0 (supported: 1.0, 2.0)
        loader_profile_test.go:166: LoadFromBytes failed: failed to detect schema version: unsupported schema version: 1.0.0 (supported: 1.0, 2.0)
        loader_profile_test.go:166: LoadFromBytes failed: failed to detect schema version: unsupported schema version: 1.0.0 (supported: 1.0, 2.0)
        loader_profile_test.go:166: LoadFromBytes failed: failed to detect schema version: unsupported schema version: 1.0.0 (supported: 1.0, 2.0)
        loader_profile_test.go:166: LoadFromBytes failed: failed to detect schema version: unsupported schema version: 1.0.0 (supported: 1.0, 2.0)
        loader_profile_test.go:166: LoadFromBytes failed: failed to detect schema version: unsupported schema version: 1.0.0 (supported: 1.0, 2.0)
        loader_profile_test.go:166: LoadFromBytes failed: failed to detect schema version: unsupported schema version: 1.0.0 (supported: 1.0, 2.0)
        loader_profile_test.go:166: LoadFromBytes failed: failed to detect schema version: unsupported schema version: 1.0.0 (supported: 1.0, 2.0)
        loader_profile_test.go:166: LoadFromBytes failed: failed to detect schema version: unsupported schema version: 1.0.0 (supported: 1.0, 2.0)
        loader_profile_test.go:166: LoadFromBytes failed: failed to detect schema version: unsupported schema version: 1.0.0 (supported: 1.0, 2.0)
        loader_profile_test.go:166: LoadFromBytes failed: failed to detect schema version: unsupported schema version: 1.0.0 (supported: 1.0, 2.0)
        loader_profile_test.go:166: LoadFromBytes failed: failed to detect schema version: unsupported schema version: 1.0.0 (supported: 1.0, 2.0)
        loader_profile_test.go:166: LoadFromBytes failed: failed to detect schema version: unsupported schema version: 1.0.0 (supported: 1.0, 2.0)
        loader_profile_test.go:166: LoadFromBytes failed: failed to detect schema version: unsupported schema version: 1.0.0 (supported: 1.0, 2.0)
        loader_profile_test.go:166: LoadFromBytes failed: failed to detect schema version: unsupported schema version: 1.0.0 (supported: 1.0, 2.0)
        loader_profile_test.go:166: LoadFromBytes failed: failed to detect schema version: unsupported schema version: 1.0.0 (supported: 1.0, 2.0)
        loader_profile_test.go:166: LoadFromBytes failed: failed to detect schema version: unsupported schema version: 1.0.0 (supported: 1.0, 2.0)
        loader_profile_test.go:166: LoadFromBytes failed: failed to detect schema version: unsupported schema version: 1.0.0 (supported: 1.0, 2.0)
        loader_profile_test.go:166: LoadFromBytes failed: failed to detect schema version: unsupported schema version: 1.0.0 (supported: 1.0, 2.0)
        loader_profile_test.go:166: LoadFromBytes failed: failed to detect schema version: unsupported schema version: 1.0.0 (supported: 1.0, 2.0)
        loader_profile_test.go:166: LoadFromBytes failed: failed to detect schema version: unsupported schema version: 1.0.0 (supported: 1.0, 2.0)
        loader_profile_test.go:166: LoadFromBytes failed: failed to detect schema version: unsupported schema version: 1.0.0 (supported: 1.0, 2.0)
        loader_profile_test.go:166: LoadFromBytes failed: failed to detect schema version: unsupported schema version: 1.0.0 (supported: 1.0, 2.0)
        loader_profile_test.go:166: LoadFromBytes failed: failed to detect schema version: unsupported schema version: 1.0.0 (supported: 1.0, 2.0)
        loader_profile_test.go:166: LoadFromBytes failed: failed to detect schema version: unsupported schema version: 1.0.0 (supported: 1.0, 2.0)
        loader_profile_test.go:166: LoadFromBytes failed: failed to detect schema version: unsupported schema version: 1.0.0 (supported: 1.0, 2.0)
        loader_profile_test.go:166: LoadFromBytes failed: failed to detect schema version: unsupported schema version: 1.0.0 (supported: 1.0, 2.0)
        loader_profile_test.go:166: LoadFromBytes failed: failed to detect schema version: unsupported schema version: 1.0.0 (supported: 1.0, 2.0)
        loader_profile_test.go:166: LoadFromBytes failed: failed to detect schema version: unsupported schema version: 1.0.0 (supported: 1.0, 2.0)
        loader_profile_test.go:166: LoadFromBytes failed: failed to detect schema version: unsupported schema version: 1.0.0 (supported: 1.0, 2.0)
        loader_profile_test.go:166: LoadFromBytes failed: failed to detect schema version: unsupported schema version: 1.0.0 (supported: 1.0, 2.0)
        loader_profile_test.go:166: LoadFromBytes failed: failed to detect schema version: unsupported schema version: 1.0.0 (supported: 1.0, 2.0)
        loader_profile_test.go:166: LoadFromBytes failed: failed to detect schema version: unsupported schema version: 1.0.0 (supported: 1.0, 2.0)
        loader_profile_test.go:166: LoadFromBytes failed: failed to detect schema version: unsupported schema version: 1.0.0 (supported: 1.0, 2.0)
        loader_profile_test.go:166: LoadFromBytes failed: failed to detect schema version: unsupported schema version: 1.0.0 (supported: 1.0, 2.0)
        loader_profile_test.go:166: LoadFromBytes failed: failed to detect schema version: unsupported schema version: 1.0.0 (supported: 1.0, 2.0)
        loader_profile_test.go:166: LoadFromBytes failed: failed to detect schema version: unsupported schema version: 1.0.0 (supported: 1.0, 2.0)
        loader_profile_test.go:166: LoadFromBytes failed: failed to detect schema version: unsupported schema version: 1.0.0 (supported: 1.0, 2.0)
        loader_profile_test.go:166: LoadFromBytes failed: failed to detect schema version: unsupported schema version: 1.0.0 (supported: 1.0, 2.0)
        loader_profile_test.go:166: LoadFromBytes failed: failed to detect schema version: unsupported schema version: 1.0.0 (supported: 1.0, 2.0)
        loader_profile_test.go:166: LoadFromBytes failed: failed to detect schema version: unsupported schema version: 1.0.0 (supported: 1.0, 2.0)
        loader_profile_test.go:166: LoadFromBytes failed: failed to detect schema version: unsupported schema version: 1.0.0 (supported: 1.0, 2.0)
        loader_profile_test.go:166: LoadFromBytes failed: failed to detect schema version: unsupported schema version: 1.0.0 (supported: 1.0, 2.0)
        loader_profile_test.go:166: LoadFromBytes failed: failed to detect schema version: unsupported schema version: 1.0.0 (supported: 1.0, 2.0)
        loader_profile_test.go:166: LoadFromBytes failed: failed to detect schema version: unsupported schema version: 1.0.0 (supported: 1.0, 2.0)
        loader_profile_test.go:166: LoadFromBytes failed: failed to detect schema version: unsupported schema version: 1.0.0 (supported: 1.0, 2.0)
        loader_profile_test.go:166: LoadFromBytes failed: failed to detect schema version: unsupported schema version: 1.0.0 (supported: 1.0, 2.0)
        loader_profile_test.go:166: LoadFromBytes failed: failed to detect schema version: unsupported schema version: 1.0.0 (supported: 1.0, 2.0)
        loader_profile_test.go:166: LoadFromBytes failed: failed to detect schema version: unsupported schema version: 1.0.0 (supported: 1.0, 2.0)
        loader_profile_test.go:166: LoadFromBytes failed: failed to detect schema version: unsupported schema version: 1.0.0 (supported: 1.0, 2.0)
        loader_profile_test.go:166: LoadFromBytes failed: failed to detect schema version: unsupported schema version: 1.0.0 (supported: 1.0, 2.0)
        loader_profile_test.go:166: LoadFromBytes failed: failed to detect schema version: unsupported schema version: 1.0.0 (supported: 1.0, 2.0)
        loader_profile_test.go:166: LoadFromBytes failed: failed to detect schema version: unsupported schema version: 1.0.0 (supported: 1.0, 2.0)
        loader_profile_test.go:166: LoadFromBytes failed: failed to detect schema version: unsupported schema version: 1.0.0 (supported: 1.0, 2.0)
        loader_profile_test.go:166: LoadFromBytes failed: failed to detect schema version: unsupported schema version: 1.0.0 (supported: 1.0, 2.0)
        loader_profile_test.go:166: LoadFromBytes failed: failed to detect schema version: unsupported schema version: 1.0.0 (supported: 1.0, 2.0)
        loader_profile_test.go:166: LoadFromBytes failed: failed to detect schema version: unsupported schema version: 1.0.0 (supported: 1.0, 2.0)
        loader_profile_test.go:166: LoadFromBytes failed: failed to detect schema version: unsupported schema version: 1.0.0 (supported: 1.0, 2.0)
        loader_profile_test.go:166: LoadFromBytes failed: failed to detect schema version: unsupported schema version: 1.0.0 (supported: 1.0, 2.0)
        loader_profile_test.go:166: LoadFromBytes failed: failed to detect schema version: unsupported schema version: 1.0.0 (supported: 1.0, 2.0)
        loader_profile_test.go:166: LoadFromBytes failed: failed to detect schema version: unsupported schema version: 1.0.0 (supported: 1.0, 2.0)
        loader_profile_test.go:166: LoadFromBytes failed: failed to detect schema version: unsupported schema version: 1.0.0 (supported: 1.0, 2.0)
        loader_profile_test.go:166: LoadFromBytes failed: failed to detect schema version: unsupported schema version: 1.0.0 (supported: 1.0, 2.0)
        loader_profile_test.go:166: LoadFromBytes failed: failed to detect schema version: unsupported schema version: 1.0.0 (supported: 1.0, 2.0)
        loader_profile_test.go:166: LoadFromBytes failed: failed to detect schema version: unsupported schema version: 1.0.0 (supported: 1.0, 2.0)
        loader_profile_test.go:166: LoadFromBytes failed: failed to detect schema version: unsupported schema version: 1.0.0 (supported: 1.0, 2.0)
        loader_profile_test.go:166: LoadFromBytes failed: failed to detect schema version: unsupported schema version: 1.0.0 (supported: 1.0, 2.0)
        loader_profile_test.go:166: LoadFromBytes failed: failed to detect schema version: unsupported schema version: 1.0.0 (supported: 1.0, 2.0)
        loader_profile_test.go:166: LoadFromBytes failed: failed to detect schema version: unsupported schema version: 1.0.0 (supported: 1.0, 2.0)
        loader_profile_test.go:166: LoadFromBytes failed: failed to detect schema version: unsupported schema version: 1.0.0 (supported: 1.0, 2.0)
        loader_profile_test.go:166: LoadFromBytes failed: failed to detect schema version: unsupported schema version: 1.0.0 (supported: 1.0, 2.0)
        loader_profile_test.go:166: LoadFromBytes failed: failed to detect schema version: unsupported schema version: 1.0.0 (supported: 1.0, 2.0)
        loader_profile_test.go:166: LoadFromBytes failed: failed to detect schema version: unsupported schema version: 1.0.0 (supported: 1.0, 2.0)
        loader_profile_test.go:166: LoadFromBytes failed: failed to detect schema version: unsupported schema version: 1.0.0 (supported: 1.0, 2.0)
        loader_profile_test.go:166: LoadFromBytes failed: failed to detect schema version: unsupported schema version: 1.0.0 (supported: 1.0, 2.0)
        loader_profile_test.go:166: LoadFromBytes failed: failed to detect schema version: unsupported schema version: 1.0.0 (supported: 1.0, 2.0)
        loader_profile_test.go:166: LoadFromBytes failed: failed to detect schema version: unsupported schema version: 1.0.0 (supported: 1.0, 2.0)
        loader_profile_test.go:166: LoadFromBytes failed: failed to detect schema version: unsupported schema version: 1.0.0 (supported: 1.0, 2.0)
        loader_profile_test.go:166: LoadFromBytes failed: failed to detect schema version: unsupported schema version: 1.0.0 (supported: 1.0, 2.0)
        loader_profile_test.go:166: LoadFromBytes failed: failed to detect schema version: unsupported schema version: 1.0.0 (supported: 1.0, 2.0)
        loader_profile_test.go:166: LoadFromBytes failed: failed to detect schema version: unsupported schema version: 1.0.0 (supported: 1.0, 2.0)
        loader_profile_test.go:166: LoadFromBytes failed: failed to detect schema version: unsupported schema version: 1.0.0 (supported: 1.0, 2.0)
        loader_profile_test.go:166: LoadFromBytes failed: failed to detect schema version: unsupported schema version: 1.0.0 (supported: 1.0, 2.0)
        loader_profile_test.go:166: LoadFromBytes failed: failed to detect schema version: unsupported schema version: 1.0.0 (supported: 1.0, 2.0)
        loader_profile_test.go:166: LoadFromBytes failed: failed to detect schema version: unsupported schema version: 1.0.0 (supported: 1.0, 2.0)
        loader_profile_test.go:166: LoadFromBytes failed: failed to detect schema version: unsupported schema version: 1.0.0 (supported: 1.0, 2.0)
        loader_profile_test.go:166: LoadFromBytes failed: failed to detect schema version: unsupported schema version: 1.0.0 (supported: 1.0, 2.0)
        loader_profile_test.go:166: LoadFromBytes failed: failed to detect schema version: unsupported schema version: 1.0.0 (supported: 1.0, 2.0)
        loader_profile_test.go:166: LoadFromBytes failed: failed to detect schema version: unsupported schema version: 1.0.0 (supported: 1.0, 2.0)
        loader_profile_test.go:166: LoadFromBytes failed: failed to detect schema version: unsupported schema version: 1.0.0 (supported: 1.0, 2.0)
        loader_profile_test.go:166: LoadFromBytes failed: failed to detect schema version: unsupported schema version: 1.0.0 (supported: 1.0, 2.0)
        loader_profile_test.go:166: LoadFromBytes failed: failed to detect schema version: unsupported schema version: 1.0.0 (supported: 1.0, 2.0)
        loader_profile_test.go:166: LoadFromBytes failed: failed to detect schema version: unsupported schema version: 1.0.0 (supported: 1.0, 2.0)
        loader_profile_test.go:166: LoadFromBytes failed: failed to detect schema version: unsupported schema version: 1.0.0 (supported: 1.0, 2.0)
        loader_profile_test.go:166: LoadFromBytes failed: failed to detect schema version: unsupported schema version: 1.0.0 (supported: 1.0, 2.0)
        loader_profile_test.go:166: LoadFromBytes failed: failed to detect schema version: unsupported schema version: 1.0.0 (supported: 1.0, 2.0)
        loader_profile_test.go:166: LoadFromBytes failed: failed to detect schema version: unsupported schema version: 1.0.0 (supported: 1.0, 2.0)
        loader_profile_test.go:166: LoadFromBytes failed: failed to detect schema version: unsupported schema version: 1.0.0 (supported: 1.0, 2.0)
        loader_profile_test.go:166: LoadFromBytes failed: failed to detect schema version: unsupported schema version: 1.0.0 (supported: 1.0, 2.0)
        loader_profile_test.go:166: LoadFromBytes failed: failed to detect schema version: unsupported schema version: 1.0.0 (supported: 1.0, 2.0)
        loader_profile_test.go:166: LoadFromBytes failed: failed to detect schema version: unsupported schema version: 1.0.0 (supported: 1.0, 2.0)
        loader_profile_test.go:166: LoadFromBytes failed: failed to detect schema version: unsupported schema version: 1.0.0 (supported: 1.0, 2.0)
        loader_profile_test.go:166: LoadFromBytes failed: failed to detect schema version: unsupported schema version: 1.0.0 (supported: 1.0, 2.0)
        loader_profile_test.go:166: LoadFromBytes failed: failed to detect schema version: unsupported schema version: 1.0.0 (supported: 1.0, 2.0)
        loader_profile_test.go:166: LoadFromBytes failed: failed to detect schema version: unsupported schema version: 1.0.0 (supported: 1.0, 2.0)
        loader_profile_test.go:166: LoadFromBytes failed: failed to detect schema version: unsupported schema version: 1.0.0 (supported: 1.0, 2.0)
        loader_profile_test.go:166: LoadFromBytes failed: failed to detect schema version: unsupported schema version: 1.0.0 (supported: 1.0, 2.0)
        loader_profile_test.go:166: LoadFromBytes failed: failed to detect schema version: unsupported schema version: 1.0.0 (supported: 1.0, 2.0)
        loader_profile_test.go:166: LoadFromBytes failed: failed to detect schema version: unsupported schema version: 1.0.0 (supported: 1.0, 2.0)
        loader_profile_test.go:166: LoadFromBytes failed: failed to detect schema version: unsupported schema version: 1.0.0 (supported: 1.0, 2.0)
        loader_profile_test.go:166: LoadFromBytes failed: failed to detect schema version: unsupported schema version: 1.0.0 (supported: 1.0, 2.0)
        loader_profile_test.go:166: LoadFromBytes failed: failed to detect schema version: unsupported schema version: 1.0.0 (supported: 1.0, 2.0)
        loader_profile_test.go:166: LoadFromBytes failed: failed to detect schema version: unsupported schema version: 1.0.0 (supported: 1.0, 2.0)
        loader_profile_test.go:166: LoadFromBytes failed: failed to detect schema version: unsupported schema version: 1.0.0 (supported: 1.0, 2.0)
        loader_profile_test.go:166: LoadFromBytes failed: failed to detect schema version: unsupported schema version: 1.0.0 (supported: 1.0, 2.0)
        loader_profile_test.go:166: LoadFromBytes failed: failed to detect schema version: unsupported schema version: 1.0.0 (supported: 1.0, 2.0)
        loader_profile_test.go:166: LoadFromBytes failed: failed to detect schema version: unsupported schema version: 1.0.0 (supported: 1.0, 2.0)
        loader_profile_test.go:166: LoadFromBytes failed: failed to detect schema version: unsupported schema version: 1.0.0 (supported: 1.0, 2.0)
        loader_profile_test.go:166: LoadFromBytes failed: failed to detect schema version: unsupported schema version: 1.0.0 (supported: 1.0, 2.0)
        loader_profile_test.go:166: LoadFromBytes failed: failed to detect schema version: unsupported schema version: 1.0.0 (supported: 1.0, 2.0)
        loader_profile_test.go:166: LoadFromBytes failed: failed to detect schema version: unsupported schema version: 1.0.0 (supported: 1.0, 2.0)
        loader_profile_test.go:166: LoadFromBytes failed: failed to detect schema version: unsupported schema version: 1.0.0 (supported: 1.0, 2.0)
        loader_profile_test.go:166: LoadFromBytes failed: failed to detect schema version: unsupported schema version: 1.0.0 (supported: 1.0, 2.0)
        loader_profile_test.go:166: LoadFromBytes failed: failed to detect schema version: unsupported schema version: 1.0.0 (supported: 1.0, 2.0)
        loader_profile_test.go:166: LoadFromBytes failed: failed to detect schema version: unsupported schema version: 1.0.0 (supported: 1.0, 2.0)
        loader_profile_test.go:166: LoadFromBytes failed: failed to detect schema version: unsupported schema version: 1.0.0 (supported: 1.0, 2.0)
        loader_profile_test.go:166: LoadFromBytes failed: failed to detect schema version: unsupported schema version: 1.0.0 (supported: 1.0, 2.0)
        loader_profile_test.go:166: LoadFromBytes failed: failed to detect schema version: unsupported schema version: 1.0.0 (supported: 1.0, 2.0)
        loader_profile_test.go:166: LoadFromBytes failed: failed to detect schema version: unsupported schema version: 1.0.0 (supported: 1.0, 2.0)
        loader_profile_test.go:166: LoadFromBytes failed: failed to detect schema version: unsupported schema version: 1.0.0 (supported: 1.0, 2.0)
        loader_profile_test.go:166: LoadFromBytes failed: failed to detect schema version: unsupported schema version: 1.0.0 (supported: 1.0, 2.0)
        loader_profile_test.go:166: LoadFromBytes failed: failed to detect schema version: unsupported schema version: 1.0.0 (supported: 1.0, 2.0)
        loader_profile_test.go:166: LoadFromBytes failed: failed to detect schema version: unsupported schema version: 1.0.0 (supported: 1.0, 2.0)
        loader_profile_test.go:166: LoadFromBytes failed: failed to detect schema version: unsupported schema version: 1.0.0 (supported: 1.0, 2.0)
        loader_profile_test.go:166: LoadFromBytes failed: failed to detect schema version: unsupported schema version: 1.0.0 (supported: 1.0, 2.0)
        loader_profile_test.go:166: LoadFromBytes failed: failed to detect schema version: unsupported schema version: 1.0.0 (supported: 1.0, 2.0)
        loader_profile_test.go:166: LoadFromBytes failed: failed to detect schema version: unsupported schema version: 1.0.0 (supported: 1.0, 2.0)
        loader_profile_test.go:166: LoadFromBytes failed: failed to detect schema version: unsupported schema version: 1.0.0 (supported: 1.0, 2.0)
        loader_profile_test.go:166: LoadFromBytes failed: failed to detect schema version: unsupported schema version: 1.0.0 (supported: 1.0, 2.0)
        loader_profile_test.go:166: LoadFromBytes failed: failed to detect schema version: unsupported schema version: 1.0.0 (supported: 1.0, 2.0)
        loader_profile_test.go:166: LoadFromBytes failed: failed to detect schema version: unsupported schema version: 1.0.0 (supported: 1.0, 2.0)
        loader_profile_test.go:166: LoadFromBytes failed: failed to detect schema version: unsupported schema version: 1.0.0 (supported: 1.0, 2.0)
        loader_profile_test.go:166: LoadFromBytes failed: failed to detect schema version: unsupported schema version: 1.0.0 (supported: 1.0, 2.0)
        loader_profile_test.go:166: LoadFromBytes failed: failed to detect schema version: unsupported schema version: 1.0.0 (supported: 1.0, 2.0)
        loader_profile_test.go:166: LoadFromBytes failed: failed to detect schema version: unsupported schema version: 1.0.0 (supported: 1.0, 2.0)
        loader_profile_test.go:166: LoadFromBytes failed: failed to detect schema version: unsupported schema version: 1.0.0 (supported: 1.0, 2.0)
        loader_profile_test.go:166: LoadFromBytes failed: failed to detect schema version: unsupported schema version: 1.0.0 (supported: 1.0, 2.0)
        loader_profile_test.go:166: LoadFromBytes failed: failed to detect schema version: unsupported schema version: 1.0.0 (supported: 1.0, 2.0)
        loader_profile_test.go:166: LoadFromBytes failed: failed to detect schema version: unsupported schema version: 1.0.0 (supported: 1.0, 2.0)
        loader_profile_test.go:166: LoadFromBytes failed: failed to detect schema version: unsupported schema version: 1.0.0 (supported: 1.0, 2.0)
        loader_profile_test.go:166: LoadFromBytes failed: failed to detect schema version: unsupported schema version: 1.0.0 (supported: 1.0, 2.0)
        loader_profile_test.go:166: LoadFromBytes failed: failed to detect schema version: unsupported schema version: 1.0.0 (supported: 1.0, 2.0)
        loader_profile_test.go:166: LoadFromBytes failed: failed to detect schema version: unsupported schema version: 1.0.0 (supported: 1.0, 2.0)
        loader_profile_test.go:166: LoadFromBytes failed: failed to detect schema version: unsupported schema version: 1.0.0 (supported: 1.0, 2.0)
        loader_profile_test.go:166: LoadFromBytes failed: failed to detect schema version: unsupported schema version: 1.0.0 (supported: 1.0, 2.0)
        loader_profile_test.go:166: LoadFromBytes failed: failed to detect schema version: unsupported schema version: 1.0.0 (supported: 1.0, 2.0)
        loader_profile_test.go:166: LoadFromBytes failed: failed to detect schema version: unsupported schema version: 1.0.0 (supported: 1.0, 2.0)
        loader_profile_test.go:166: LoadFromBytes failed: failed to detect schema version: unsupported schema version: 1.0.0 (supported: 1.0, 2.0)
        loader_profile_test.go:166: LoadFromBytes failed: failed to detect schema version: unsupported schema version: 1.0.0 (supported: 1.0, 2.0)
        loader_profile_test.go:166: LoadFromBytes failed: failed to detect schema version: unsupported schema version: 1.0.0 (supported: 1.0, 2.0)
        loader_profile_test.go:166: LoadFromBytes failed: failed to detect schema version: unsupported schema version: 1.0.0 (supported: 1.0, 2.0)
        loader_profile_test.go:166: LoadFromBytes failed: failed to detect schema version: unsupported schema version: 1.0.0 (supported: 1.0, 2.0)
        loader_profile_test.go:166: LoadFromBytes failed: failed to detect schema version: unsupported schema version: 1.0.0 (supported: 1.0, 2.0)
        loader_profile_test.go:166: LoadFromBytes failed: failed to detect schema version: unsupported schema version: 1.0.0 (supported: 1.0, 2.0)
        loader_profile_test.go:166: LoadFromBytes failed: failed to detect schema version: unsupported schema version: 1.0.0 (supported: 1.0, 2.0)
        loader_profile_test.go:166: LoadFromBytes failed: failed to detect schema version: unsupported schema version: 1.0.0 (supported: 1.0, 2.0)
        loader_profile_test.go:166: LoadFromBytes failed: failed to detect schema version: unsupported schema version: 1.0.0 (supported: 1.0, 2.0)
        loader_profile_test.go:166: LoadFromBytes failed: failed to detect schema version: unsupported schema version: 1.0.0 (supported: 1.0, 2.0)
        loader_profile_test.go:166: LoadFromBytes failed: failed to detect schema version: unsupported schema version: 1.0.0 (supported: 1.0, 2.0)
        loader_profile_test.go:166: LoadFromBytes failed: failed to detect schema version: unsupported schema version: 1.0.0 (supported: 1.0, 2.0)
        loader_profile_test.go:166: LoadFromBytes failed: failed to detect schema version: unsupported schema version: 1.0.0 (supported: 1.0, 2.0)
        loader_profile_test.go:166: LoadFromBytes failed: failed to detect schema version: unsupported schema version: 1.0.0 (supported: 1.0, 2.0)
        loader_profile_test.go:166: LoadFromBytes failed: failed to detect schema version: unsupported schema version: 1.0.0 (supported: 1.0, 2.0)
        loader_profile_test.go:166: LoadFromBytes failed: failed to detect schema version: unsupported schema version: 1.0.0 (supported: 1.0, 2.0)
        loader_profile_test.go:166: LoadFromBytes failed: failed to detect schema version: unsupported schema version: 1.0.0 (supported: 1.0, 2.0)
        loader_profile_test.go:166: LoadFromBytes failed: failed to detect schema version: unsupported schema version: 1.0.0 (supported: 1.0, 2.0)
        loader_profile_test.go:166: LoadFromBytes failed: failed to detect schema version: unsupported schema version: 1.0.0 (supported: 1.0, 2.0)
        loader_profile_test.go:166: LoadFromBytes failed: failed to detect schema version: unsupported schema version: 1.0.0 (supported: 1.0, 2.0)
        loader_profile_test.go:166: LoadFromBytes failed: failed to detect schema version: unsupported schema version: 1.0.0 (supported: 1.0, 2.0)
        loader_profile_test.go:166: LoadFromBytes failed: failed to detect schema version: unsupported schema version: 1.0.0 (supported: 1.0, 2.0)
        loader_profile_test.go:166: LoadFromBytes failed: failed to detect schema version: unsupported schema version: 1.0.0 (supported: 1.0, 2.0)
        loader_profile_test.go:166: LoadFromBytes failed: failed to detect schema version: unsupported schema version: 1.0.0 (supported: 1.0, 2.0)
        loader_profile_test.go:166: LoadFromBytes failed: failed to detect schema version: unsupported schema version: 1.0.0 (supported: 1.0, 2.0)
        loader_profile_test.go:166: LoadFromBytes failed: failed to detect schema version: unsupported schema version: 1.0.0 (supported: 1.0, 2.0)
        loader_profile_test.go:166: LoadFromBytes failed: failed to detect schema version: unsupported schema version: 1.0.0 (supported: 1.0, 2.0)
        loader_profile_test.go:166: LoadFromBytes failed: failed to detect schema version: unsupported schema version: 1.0.0 (supported: 1.0, 2.0)
        loader_profile_test.go:166: LoadFromBytes failed: failed to detect schema version: unsupported schema version: 1.0.0 (supported: 1.0, 2.0)
        loader_profile_test.go:166: LoadFromBytes failed: failed to detect schema version: unsupported schema version: 1.0.0 (supported: 1.0, 2.0)
        loader_profile_test.go:166: LoadFromBytes failed: failed to detect schema version: unsupported schema version: 1.0.0 (supported: 1.0, 2.0)
        loader_profile_test.go:166: LoadFromBytes failed: failed to detect schema version: unsupported schema version: 1.0.0 (supported: 1.0, 2.0)
        loader_profile_test.go:166: LoadFromBytes failed: failed to detect schema version: unsupported schema version: 1.0.0 (supported: 1.0, 2.0)
        loader_profile_test.go:166: LoadFromBytes failed: failed to detect schema version: unsupported schema version: 1.0.0 (supported: 1.0, 2.0)
        loader_profile_test.go:166: LoadFromBytes failed: failed to detect schema version: unsupported schema version: 1.0.0 (supported: 1.0, 2.0)
        loader_profile_test.go:166: LoadFromBytes failed: failed to detect schema version: unsupported schema version: 1.0.0 (supported: 1.0, 2.0)
        loader_profile_test.go:166: LoadFromBytes failed: failed to detect schema version: unsupported schema version: 1.0.0 (supported: 1.0, 2.0)
        loader_profile_test.go:166: LoadFromBytes failed: failed to detect schema version: unsupported schema version: 1.0.0 (supported: 1.0, 2.0)
        loader_profile_test.go:166: LoadFromBytes failed: failed to detect schema version: unsupported schema version: 1.0.0 (supported: 1.0, 2.0)
        loader_profile_test.go:166: LoadFromBytes failed: failed to detect schema version: unsupported schema version: 1.0.0 (supported: 1.0, 2.0)
        loader_profile_test.go:166: LoadFromBytes failed: failed to detect schema version: unsupported schema version: 1.0.0 (supported: 1.0, 2.0)
        loader_profile_test.go:166: LoadFromBytes failed: failed to detect schema version: unsupported schema version: 1.0.0 (supported: 1.0, 2.0)
        loader_profile_test.go:166: LoadFromBytes failed: failed to detect schema version: unsupported schema version: 1.0.0 (supported: 1.0, 2.0)
        loader_profile_test.go:166: LoadFromBytes failed: failed to detect schema version: unsupported schema version: 1.0.0 (supported: 1.0, 2.0)
        loader_profile_test.go:166: LoadFromBytes failed: failed to detect schema version: unsupported schema version: 1.0.0 (supported: 1.0, 2.0)
        loader_profile_test.go:166: LoadFromBytes failed: failed to detect schema version: unsupported schema version: 1.0.0 (supported: 1.0, 2.0)
        loader_profile_test.go:166: LoadFromBytes failed: failed to detect schema version: unsupported schema version: 1.0.0 (supported: 1.0, 2.0)
        loader_profile_test.go:166: LoadFromBytes failed: failed to detect schema version: unsupported schema version: 1.0.0 (supported: 1.0, 2.0)
        loader_profile_test.go:166: LoadFromBytes failed: failed to detect schema version: unsupported schema version: 1.0.0 (supported: 1.0, 2.0)
        loader_profile_test.go:166: LoadFromBytes failed: failed to detect schema version: unsupported schema version: 1.0.0 (supported: 1.0, 2.0)
        loader_profile_test.go:166: LoadFromBytes failed: failed to detect schema version: unsupported schema version: 1.0.0 (supported: 1.0, 2.0)
        loader_profile_test.go:166: LoadFromBytes failed: failed to detect schema version: unsupported schema version: 1.0.0 (supported: 1.0, 2.0)
        loader_profile_test.go:166: LoadFromBytes failed: failed to detect schema version: unsupported schema version: 1.0.0 (supported: 1.0, 2.0)
        loader_profile_test.go:166: LoadFromBytes failed: failed to detect schema version: unsupported schema version: 1.0.0 (supported: 1.0, 2.0)
        loader_profile_test.go:166: LoadFromBytes failed: failed to detect schema version: unsupported schema version: 1.0.0 (supported: 1.0, 2.0)
        loader_profile_test.go:166: LoadFromBytes failed: failed to detect schema version: unsupported schema version: 1.0.0 (supported: 1.0, 2.0)
        loader_profile_test.go:166: LoadFromBytes failed: failed to detect schema version: unsupported schema version: 1.0.0 (supported: 1.0, 2.0)
        loader_profile_test.go:166: LoadFromBytes failed: failed to detect schema version: unsupported schema version: 1.0.0 (supported: 1.0, 2.0)
        loader_profile_test.go:166: LoadFromBytes failed: failed to detect schema version: unsupported schema version: 1.0.0 (supported: 1.0, 2.0)
        loader_profile_test.go:166: LoadFromBytes failed: failed to detect schema version: unsupported schema version: 1.0.0 (supported: 1.0, 2.0)
        loader_profile_test.go:166: LoadFromBytes failed: failed to detect schema version: unsupported schema version: 1.0.0 (supported: 1.0, 2.0)
        loader_profile_test.go:166: LoadFromBytes failed: failed to detect schema version: unsupported schema version: 1.0.0 (supported: 1.0, 2.0)
        loader_profile_test.go:166: LoadFromBytes failed: failed to detect schema version: unsupported schema version: 1.0.0 (supported: 1.0, 2.0)
        loader_profile_test.go:166: LoadFromBytes failed: failed to detect schema version: unsupported schema version: 1.0.0 (supported: 1.0, 2.0)
        loader_profile_test.go:166: LoadFromBytes failed: failed to detect schema version: unsupported schema version: 1.0.0 (supported: 1.0, 2.0)
        loader_profile_test.go:166: LoadFromBytes failed: failed to detect schema version: unsupported schema version: 1.0.0 (supported: 1.0, 2.0)
        loader_profile_test.go:166: LoadFromBytes failed: failed to detect schema version: unsupported schema version: 1.0.0 (supported: 1.0, 2.0)
        loader_profile_test.go:166: LoadFromBytes failed: failed to detect schema version: unsupported schema version: 1.0.0 (supported: 1.0, 2.0)
        loader_profile_test.go:166: LoadFromBytes failed: failed to detect schema version: unsupported schema version: 1.0.0 (supported: 1.0, 2.0)
        loader_profile_test.go:166: LoadFromBytes failed: failed to detect schema version: unsupported schema version: 1.0.0 (supported: 1.0, 2.0)
        loader_profile_test.go:166: LoadFromBytes failed: failed to detect schema version: unsupported schema version: 1.0.0 (supported: 1.0, 2.0)
        loader_profile_test.go:166: LoadFromBytes failed: failed to detect schema version: unsupported schema version: 1.0.0 (supported: 1.0, 2.0)
        loader_profile_test.go:166: LoadFromBytes failed: failed to detect schema version: unsupported schema version: 1.0.0 (supported: 1.0, 2.0)
        loader_profile_test.go:166: LoadFromBytes failed: failed to detect schema version: unsupported schema version: 1.0.0 (supported: 1.0, 2.0)
        loader_profile_test.go:166: LoadFromBytes failed: failed to detect schema version: unsupported schema version: 1.0.0 (supported: 1.0, 2.0)
        loader_profile_test.go:166: LoadFromBytes failed: failed to detect schema version: unsupported schema version: 1.0.0 (supported: 1.0, 2.0)
        loader_profile_test.go:166: LoadFromBytes failed: failed to detect schema version: unsupported schema version: 1.0.0 (supported: 1.0, 2.0)
        loader_profile_test.go:166: LoadFromBytes failed: failed to detect schema version: unsupported schema version: 1.0.0 (supported: 1.0, 2.0)
        loader_profile_test.go:166: LoadFromBytes failed: failed to detect schema version: unsupported schema version: 1.0.0 (supported: 1.0, 2.0)
        loader_profile_test.go:166: LoadFromBytes failed: failed to detect schema version: unsupported schema version: 1.0.0 (supported: 1.0, 2.0)
        loader_profile_test.go:166: LoadFromBytes failed: failed to detect schema version: unsupported schema version: 1.0.0 (supported: 1.0, 2.0)
        loader_profile_test.go:166: LoadFromBytes failed: failed to detect schema version: unsupported schema version: 1.0.0 (supported: 1.0, 2.0)
        loader_profile_test.go:166: LoadFromBytes failed: failed to detect schema version: unsupported schema version: 1.0.0 (supported: 1.0, 2.0)
        loader_profile_test.go:166: LoadFromBytes failed: failed to detect schema version: unsupported schema version: 1.0.0 (supported: 1.0, 2.0)
        loader_profile_test.go:166: LoadFromBytes failed: failed to detect schema version: unsupported schema version: 1.0.0 (supported: 1.0, 2.0)
        loader_profile_test.go:166: LoadFromBytes failed: failed to detect schema version: unsupported schema version: 1.0.0 (supported: 1.0, 2.0)
        loader_profile_test.go:166: LoadFromBytes failed: failed to detect schema version: unsupported schema version: 1.0.0 (supported: 1.0, 2.0)
        loader_profile_test.go:166: LoadFromBytes failed: failed to detect schema version: unsupported schema version: 1.0.0 (supported: 1.0, 2.0)
        loader_profile_test.go:166: LoadFromBytes failed: failed to detect schema version: unsupported schema version: 1.0.0 (supported: 1.0, 2.0)
        loader_profile_test.go:166: LoadFromBytes failed: failed to detect schema version: unsupported schema version: 1.0.0 (supported: 1.0, 2.0)
        loader_profile_test.go:166: LoadFromBytes failed: failed to detect schema version: unsupported schema version: 1.0.0 (supported: 1.0, 2.0)
        loader_profile_test.go:166: LoadFromBytes failed: failed to detect schema version: unsupported schema version: 1.0.0 (supported: 1.0, 2.0)
        loader_profile_test.go:166: LoadFromBytes failed: failed to detect schema version: unsupported schema version: 1.0.0 (supported: 1.0, 2.0)
        loader_profile_test.go:166: LoadFromBytes failed: failed to detect schema version: unsupported schema version: 1.0.0 (supported: 1.0, 2.0)
        loader_profile_test.go:166: LoadFromBytes failed: failed to detect schema version: unsupported schema version: 1.0.0 (supported: 1.0, 2.0)
        loader_profile_test.go:166: LoadFromBytes failed: failed to detect schema version: unsupported schema version: 1.0.0 (supported: 1.0, 2.0)
        loader_profile_test.go:166: LoadFromBytes failed: failed to detect schema version: unsupported schema version: 1.0.0 (supported: 1.0, 2.0)
        loader_profile_test.go:166: LoadFromBytes failed: failed to detect schema version: unsupported schema version: 1.0.0 (supported: 1.0, 2.0)
        loader_profile_test.go:166: LoadFromBytes failed: failed to detect schema version: unsupported schema version: 1.0.0 (supported: 1.0, 2.0)
        loader_profile_test.go:166: LoadFromBytes failed: failed to detect schema version: unsupported schema version: 1.0.0 (supported: 1.0, 2.0)
        loader_profile_test.go:166: LoadFromBytes failed: failed to detect schema version: unsupported schema version: 1.0.0 (supported: 1.0, 2.0)
        loader_profile_test.go:166: LoadFromBytes failed: failed to detect schema version: unsupported schema version: 1.0.0 (supported: 1.0, 2.0)
        loader_profile_test.go:166: LoadFromBytes failed: failed to detect schema version: unsupported schema version: 1.0.0 (supported: 1.0, 2.0)
        loader_profile_test.go:166: LoadFromBytes failed: failed to detect schema version: unsupported schema version: 1.0.0 (supported: 1.0, 2.0)
        loader_profile_test.go:166: LoadFromBytes failed: failed to detect schema version: unsupported schema version: 1.0.0 (supported: 1.0, 2.0)
        loader_profile_test.go:166: LoadFromBytes failed: failed to detect schema version: unsupported schema version: 1.0.0 (supported: 1.0, 2.0)
        loader_profile_test.go:166: LoadFromBytes failed: failed to detect schema version: unsupported schema version: 1.0.0 (supported: 1.0, 2.0)
        loader_profile_test.go:166: LoadFromBytes failed: failed to detect schema version: unsupported schema version: 1.0.0 (supported: 1.0, 2.0)
        loader_profile_test.go:166: LoadFromBytes failed: failed to detect schema version: unsupported schema version: 1.0.0 (supported: 1.0, 2.0)
        loader_profile_test.go:166: LoadFromBytes failed: failed to detect schema version: unsupported schema version: 1.0.0 (supported: 1.0, 2.0)
        loader_profile_test.go:166: LoadFromBytes failed: failed to detect schema version: unsupported schema version: 1.0.0 (supported: 1.0, 2.0)
        loader_profile_test.go:166: LoadFromBytes failed: failed to detect schema version: unsupported schema version: 1.0.0 (supported: 1.0, 2.0)
        loader_profile_test.go:166: LoadFromBytes failed: failed to detect schema version: unsupported schema version: 1.0.0 (supported: 1.0, 2.0)
        loader_profile_test.go:166: LoadFromBytes failed: failed to detect schema version: unsupported schema version: 1.0.0 (supported: 1.0, 2.0)
        loader_profile_test.go:166: LoadFromBytes failed: failed to detect schema version: unsupported schema version: 1.0.0 (supported: 1.0, 2.0)
        loader_profile_test.go:166: LoadFromBytes failed: failed to detect schema version: unsupported schema version: 1.0.0 (supported: 1.0, 2.0)
        loader_profile_test.go:166: LoadFromBytes failed: failed to detect schema version: unsupported schema version: 1.0.0 (supported: 1.0, 2.0)
        loader_profile_test.go:166: LoadFromBytes failed: failed to detect schema version: unsupported schema version: 1.0.0 (supported: 1.0, 2.0)
        loader_profile_test.go:166: LoadFromBytes failed: failed to detect schema version: unsupported schema version: 1.0.0 (supported: 1.0, 2.0)
        loader_profile_test.go:166: LoadFromBytes failed: failed to detect schema version: unsupported schema version: 1.0.0 (supported: 1.0, 2.0)
        loader_profile_test.go:166: LoadFromBytes failed: failed to detect schema version: unsupported schema version: 1.0.0 (supported: 1.0, 2.0)
        loader_profile_test.go:166: LoadFromBytes failed: failed to detect schema version: unsupported schema version: 1.0.0 (supported: 1.0, 2.0)
        loader_profile_test.go:166: LoadFromBytes failed: failed to detect schema version: unsupported schema version: 1.0.0 (supported: 1.0, 2.0)
        loader_profile_test.go:166: LoadFromBytes failed: failed to detect schema version: unsupported schema version: 1.0.0 (supported: 1.0, 2.0)
        loader_profile_test.go:166: LoadFromBytes failed: failed to detect schema version: unsupported schema version: 1.0.0 (supported: 1.0, 2.0)
        loader_profile_test.go:166: LoadFromBytes failed: failed to detect schema version: unsupported schema version: 1.0.0 (supported: 1.0, 2.0)
        loader_profile_test.go:166: LoadFromBytes failed: failed to detect schema version: unsupported schema version: 1.0.0 (supported: 1.0, 2.0)
        loader_profile_test.go:166: LoadFromBytes failed: failed to detect schema version: unsupported schema version: 1.0.0 (supported: 1.0, 2.0)
        loader_profile_test.go:166: LoadFromBytes failed: failed to detect schema version: unsupported schema version: 1.0.0 (supported: 1.0, 2.0)
        loader_profile_test.go:166: LoadFromBytes failed: failed to detect schema version: unsupported schema version: 1.0.0 (supported: 1.0, 2.0)
        loader_profile_test.go:166: LoadFromBytes failed: failed to detect schema version: unsupported schema version: 1.0.0 (supported: 1.0, 2.0)
        loader_profile_test.go:166: LoadFromBytes failed: failed to detect schema version: unsupported schema version: 1.0.0 (supported: 1.0, 2.0)
        loader_profile_test.go:166: LoadFromBytes failed: failed to detect schema version: unsupported schema version: 1.0.0 (supported: 1.0, 2.0)
        loader_profile_test.go:166: LoadFromBytes failed: failed to detect schema version: unsupported schema version: 1.0.0 (supported: 1.0, 2.0)
        loader_profile_test.go:166: LoadFromBytes failed: failed to detect schema version: unsupported schema version: 1.0.0 (supported: 1.0, 2.0)
        loader_profile_test.go:166: LoadFromBytes failed: failed to detect schema version: unsupported schema version: 1.0.0 (supported: 1.0, 2.0)
        loader_profile_test.go:166: LoadFromBytes failed: failed to detect schema version: unsupported schema version: 1.0.0 (supported: 1.0, 2.0)
        loader_profile_test.go:166: LoadFromBytes failed: failed to detect schema version: unsupported schema version: 1.0.0 (supported: 1.0, 2.0)
        loader_profile_test.go:166: LoadFromBytes failed: failed to detect schema version: unsupported schema version: 1.0.0 (supported: 1.0, 2.0)
        loader_profile_test.go:166: LoadFromBytes failed: failed to detect schema version: unsupported schema version: 1.0.0 (supported: 1.0, 2.0)
        loader_profile_test.go:166: LoadFromBytes failed: failed to detect schema version: unsupported schema version: 1.0.0 (supported: 1.0, 2.0)
        loader_profile_test.go:166: LoadFromBytes failed: failed to detect schema version: unsupported schema version: 1.0.0 (supported: 1.0, 2.0)
        loader_profile_test.go:166: LoadFromBytes failed: failed to detect schema version: unsupported schema version: 1.0.0 (supported: 1.0, 2.0)
        loader_profile_test.go:166: LoadFromBytes failed: failed to detect schema version: unsupported schema version: 1.0.0 (supported: 1.0, 2.0)
        loader_profile_test.go:166: LoadFromBytes failed: failed to detect schema version: unsupported schema version: 1.0.0 (supported: 1.0, 2.0)
        loader_profile_test.go:166: LoadFromBytes failed: failed to detect schema version: unsupported schema version: 1.0.0 (supported: 1.0, 2.0)
        loader_profile_test.go:166: LoadFromBytes failed: failed to detect schema version: unsupported schema version: 1.0.0 (supported: 1.0, 2.0)
        loader_profile_test.go:166: LoadFromBytes failed: failed to detect schema version: unsupported schema version: 1.0.0 (supported: 1.0, 2.0)
        loader_profile_test.go:166: LoadFromBytes failed: failed to detect schema version: unsupported schema version: 1.0.0 (supported: 1.0, 2.0)
        loader_profile_test.go:166: LoadFromBytes failed: failed to detect schema version: unsupported schema version: 1.0.0 (supported: 1.0, 2.0)
        loader_profile_test.go:166: LoadFromBytes failed: failed to detect schema version: unsupported schema version: 1.0.0 (supported: 1.0, 2.0)
        loader_profile_test.go:166: LoadFromBytes failed: failed to detect schema version: unsupported schema version: 1.0.0 (supported: 1.0, 2.0)
        loader_profile_test.go:166: LoadFromBytes failed: failed to detect schema version: unsupported schema version: 1.0.0 (supported: 1.0, 2.0)
        loader_profile_test.go:166: LoadFromBytes failed: failed to detect schema version: unsupported schema version: 1.0.0 (supported: 1.0, 2.0)
        loader_profile_test.go:166: LoadFromBytes failed: failed to detect schema version: unsupported schema version: 1.0.0 (supported: 1.0, 2.0)
        loader_profile_test.go:166: LoadFromBytes failed: failed to detect schema version: unsupported schema version: 1.0.0 (supported: 1.0, 2.0)
        loader_profile_test.go:166: LoadFromBytes failed: failed to detect schema version: unsupported schema version: 1.0.0 (supported: 1.0, 2.0)
        loader_profile_test.go:166: LoadFromBytes failed: failed to detect schema version: unsupported schema version: 1.0.0 (supported: 1.0, 2.0)
        loader_profile_test.go:166: LoadFromBytes failed: failed to detect schema version: unsupported schema version: 1.0.0 (supported: 1.0, 2.0)
        loader_profile_test.go:166: LoadFromBytes failed: failed to detect schema version: unsupported schema version: 1.0.0 (supported: 1.0, 2.0)
        loader_profile_test.go:166: LoadFromBytes failed: failed to detect schema version: unsupported schema version: 1.0.0 (supported: 1.0, 2.0)
        loader_profile_test.go:166: LoadFromBytes failed: failed to detect schema version: unsupported schema version: 1.0.0 (supported: 1.0, 2.0)
        loader_profile_test.go:166: LoadFromBytes failed: failed to detect schema version: unsupported schema version: 1.0.0 (supported: 1.0, 2.0)
        loader_profile_test.go:166: LoadFromBytes failed: failed to detect schema version: unsupported schema version: 1.0.0 (supported: 1.0, 2.0)
        loader_profile_test.go:166: LoadFromBytes failed: failed to detect schema version: unsupported schema version: 1.0.0 (supported: 1.0, 2.0)
        loader_profile_test.go:166: LoadFromBytes failed: failed to detect schema version: unsupported schema version: 1.0.0 (supported: 1.0, 2.0)
        loader_profile_test.go:166: LoadFromBytes failed: failed to detect schema version: unsupported schema version: 1.0.0 (supported: 1.0, 2.0)
        loader_profile_test.go:166: LoadFromBytes failed: failed to detect schema version: unsupported schema version: 1.0.0 (supported: 1.0, 2.0)
        loader_profile_test.go:166: LoadFromBytes failed: failed to detect schema version: unsupported schema version: 1.0.0 (supported: 1.0, 2.0)
        loader_profile_test.go:166: LoadFromBytes failed: failed to detect schema version: unsupported schema version: 1.0.0 (supported: 1.0, 2.0)
        loader_profile_test.go:166: LoadFromBytes failed: failed to detect schema version: unsupported schema version: 1.0.0 (supported: 1.0, 2.0)
        loader_profile_test.go:166: LoadFromBytes failed: failed to detect schema version: unsupported schema version: 1.0.0 (supported: 1.0, 2.0)
        loader_profile_test.go:166: LoadFromBytes failed: failed to detect schema version: unsupported schema version: 1.0.0 (supported: 1.0, 2.0)
        loader_profile_test.go:166: LoadFromBytes failed: failed to detect schema version: unsupported schema version: 1.0.0 (supported: 1.0, 2.0)
        loader_profile_test.go:166: LoadFromBytes failed: failed to detect schema version: unsupported schema version: 1.0.0 (supported: 1.0, 2.0)
        loader_profile_test.go:166: LoadFromBytes failed: failed to detect schema version: unsupported schema version: 1.0.0 (supported: 1.0, 2.0)
        loader_profile_test.go:166: LoadFromBytes failed: failed to detect schema version: unsupported schema version: 1.0.0 (supported: 1.0, 2.0)
        loader_profile_test.go:166: LoadFromBytes failed: failed to detect schema version: unsupported schema version: 1.0.0 (supported: 1.0, 2.0)
        loader_profile_test.go:166: LoadFromBytes failed: failed to detect schema version: unsupported schema version: 1.0.0 (supported: 1.0, 2.0)
        loader_profile_test.go:166: LoadFromBytes failed: failed to detect schema version: unsupported schema version: 1.0.0 (supported: 1.0, 2.0)
        loader_profile_test.go:166: LoadFromBytes failed: failed to detect schema version: unsupported schema version: 1.0.0 (supported: 1.0, 2.0)
        loader_profile_test.go:166: LoadFromBytes failed: failed to detect schema version: unsupported schema version: 1.0.0 (supported: 1.0, 2.0)
        loader_profile_test.go:166: LoadFromBytes failed: failed to detect schema version: unsupported schema version: 1.0.0 (supported: 1.0, 2.0)
        loader_profile_test.go:166: LoadFromBytes failed: failed to detect schema version: unsupported schema version: 1.0.0 (supported: 1.0, 2.0)
        loader_profile_test.go:166: LoadFromBytes failed: failed to detect schema version: unsupported schema version: 1.0.0 (supported: 1.0, 2.0)
        loader_profile_test.go:166: LoadFromBytes failed: failed to detect schema version: unsupported schema version: 1.0.0 (supported: 1.0, 2.0)
        loader_profile_test.go:166: LoadFromBytes failed: failed to detect schema version: unsupported schema version: 1.0.0 (supported: 1.0, 2.0)
        loader_profile_test.go:166: LoadFromBytes failed: failed to detect schema version: unsupported schema version: 1.0.0 (supported: 1.0, 2.0)
        loader_profile_test.go:166: LoadFromBytes failed: failed to detect schema version: unsupported schema version: 1.0.0 (supported: 1.0, 2.0)
        loader_profile_test.go:166: LoadFromBytes failed: failed to detect schema version: unsupported schema version: 1.0.0 (supported: 1.0, 2.0)
        loader_profile_test.go:166: LoadFromBytes failed: failed to detect schema version: unsupported schema version: 1.0.0 (supported: 1.0, 2.0)
        loader_profile_test.go:166: LoadFromBytes failed: failed to detect schema version: unsupported schema version: 1.0.0 (supported: 1.0, 2.0)
        loader_profile_test.go:166: LoadFromBytes failed: failed to detect schema version: unsupported schema version: 1.0.0 (supported: 1.0, 2.0)
        loader_profile_test.go:166: LoadFromBytes failed: failed to detect schema version: unsupported schema version: 1.0.0 (supported: 1.0, 2.0)
        loader_profile_test.go:166: LoadFromBytes failed: failed to detect schema version: unsupported schema version: 1.0.0 (supported: 1.0, 2.0)
        loader_profile_test.go:166: LoadFromBytes failed: failed to detect schema version: unsupported schema version: 1.0.0 (supported: 1.0, 2.0)
        loader_profile_test.go:166: LoadFromBytes failed: failed to detect schema version: unsupported schema version: 1.0.0 (supported: 1.0, 2.0)
        loader_profile_test.go:166: LoadFromBytes failed: failed to detect schema version: unsupported schema version: 1.0.0 (supported: 1.0, 2.0)
        loader_profile_test.go:166: LoadFromBytes failed: failed to detect schema version: unsupported schema version: 1.0.0 (supported: 1.0, 2.0)
        loader_profile_test.go:166: LoadFromBytes failed: failed to detect schema version: unsupported schema version: 1.0.0 (supported: 1.0, 2.0)
        loader_profile_test.go:166: LoadFromBytes failed: failed to detect schema version: unsupported schema version: 1.0.0 (supported: 1.0, 2.0)
        loader_profile_test.go:166: LoadFromBytes failed: failed to detect schema version: unsupported schema version: 1.0.0 (supported: 1.0, 2.0)
        loader_profile_test.go:166: LoadFromBytes failed: failed to detect schema version: unsupported schema version: 1.0.0 (supported: 1.0, 2.0)
        loader_profile_test.go:166: LoadFromBytes failed: failed to detect schema version: unsupported schema version: 1.0.0 (supported: 1.0, 2.0)
        loader_profile_test.go:166: LoadFromBytes failed: failed to detect schema version: unsupported schema version: 1.0.0 (supported: 1.0, 2.0)
        loader_profile_test.go:166: LoadFromBytes failed: failed to detect schema version: unsupported schema version: 1.0.0 (supported: 1.0, 2.0)
        loader_profile_test.go:166: LoadFromBytes failed: failed to detect schema version: unsupported schema version: 1.0.0 (supported: 1.0, 2.0)
        loader_profile_test.go:166: LoadFromBytes failed: failed to detect schema version: unsupported schema version: 1.0.0 (supported: 1.0, 2.0)
        loader_profile_test.go:166: LoadFromBytes failed: failed to detect schema version: unsupported schema version: 1.0.0 (supported: 1.0, 2.0)
        loader_profile_test.go:166: LoadFromBytes failed: failed to detect schema version: unsupported schema version: 1.0.0 (supported: 1.0, 2.0)
        loader_profile_test.go:166: LoadFromBytes failed: failed to detect schema version: unsupported schema version: 1.0.0 (supported: 1.0, 2.0)
        loader_profile_test.go:166: LoadFromBytes failed: failed to detect schema version: unsupported schema version: 1.0.0 (supported: 1.0, 2.0)
        loader_profile_test.go:166: LoadFromBytes failed: failed to detect schema version: unsupported schema version: 1.0.0 (supported: 1.0, 2.0)
        loader_profile_test.go:166: LoadFromBytes failed: failed to detect schema version: unsupported schema version: 1.0.0 (supported: 1.0, 2.0)
        loader_profile_test.go:166: LoadFromBytes failed: failed to detect schema version: unsupported schema version: 1.0.0 (supported: 1.0, 2.0)
        loader_profile_test.go:166: LoadFromBytes failed: failed to detect schema version: unsupported schema version: 1.0.0 (supported: 1.0, 2.0)
        loader_profile_test.go:166: LoadFromBytes failed: failed to detect schema version: unsupported schema version: 1.0.0 (supported: 1.0, 2.0)
        loader_profile_test.go:166: LoadFromBytes failed: failed to detect schema version: unsupported schema version: 1.0.0 (supported: 1.0, 2.0)
        loader_profile_test.go:166: LoadFromBytes failed: failed to detect schema version: unsupported schema version: 1.0.0 (supported: 1.0, 2.0)
        loader_profile_test.go:166: LoadFromBytes failed: failed to detect schema version: unsupported schema version: 1.0.0 (supported: 1.0, 2.0)
        loader_profile_test.go:166: LoadFromBytes failed: failed to detect schema version: unsupported schema version: 1.0.0 (supported: 1.0, 2.0)
        loader_profile_test.go:166: LoadFromBytes failed: failed to detect schema version: unsupported schema version: 1.0.0 (supported: 1.0, 2.0)
        loader_profile_test.go:166: LoadFromBytes failed: failed to detect schema version: unsupported schema version: 1.0.0 (supported: 1.0, 2.0)
        loader_profile_test.go:166: LoadFromBytes failed: failed to detect schema version: unsupported schema version: 1.0.0 (supported: 1.0, 2.0)
        loader_profile_test.go:166: LoadFromBytes failed: failed to detect schema version: unsupported schema version: 1.0.0 (supported: 1.0, 2.0)
        loader_profile_test.go:166: LoadFromBytes failed: failed to detect schema version: unsupported schema version: 1.0.0 (supported: 1.0, 2.0)
        loader_profile_test.go:166: LoadFromBytes failed: failed to detect schema version: unsupported schema version: 1.0.0 (supported: 1.0, 2.0)
        loader_profile_test.go:166: LoadFromBytes failed: failed to detect schema version: unsupported schema version: 1.0.0 (supported: 1.0, 2.0)
        loader_profile_test.go:166: LoadFromBytes failed: failed to detect schema version: unsupported schema version: 1.0.0 (supported: 1.0, 2.0)
        loader_profile_test.go:166: LoadFromBytes failed: failed to detect schema version: unsupported schema version: 1.0.0 (supported: 1.0, 2.0)
        loader_profile_test.go:166: LoadFromBytes failed: failed to detect schema version: unsupported schema version: 1.0.0 (supported: 1.0, 2.0)
        loader_profile_test.go:166: LoadFromBytes failed: failed to detect schema version: unsupported schema version: 1.0.0 (supported: 1.0, 2.0)
        loader_profile_test.go:166: LoadFromBytes failed: failed to detect schema version: unsupported schema version: 1.0.0 (supported: 1.0, 2.0)
        loader_profile_test.go:166: LoadFromBytes failed: failed to detect schema version: unsupported schema version: 1.0.0 (supported: 1.0, 2.0)
        loader_profile_test.go:166: LoadFromBytes failed: failed to detect schema version: unsupported schema version: 1.0.0 (supported: 1.0, 2.0)
        loader_profile_test.go:166: LoadFromBytes failed: failed to detect schema version: unsupported schema version: 1.0.0 (supported: 1.0, 2.0)
        loader_profile_test.go:166: LoadFromBytes failed: failed to detect schema version: unsupported schema version: 1.0.0 (supported: 1.0, 2.0)
        loader_profile_test.go:166: LoadFromBytes failed: failed to detect schema version: unsupported schema version: 1.0.0 (supported: 1.0, 2.0)
        loader_profile_test.go:166: LoadFromBytes failed: failed to detect schema version: unsupported schema version: 1.0.0 (supported: 1.0, 2.0)
        loader_profile_test.go:166: LoadFromBytes failed: failed to detect schema version: unsupported schema version: 1.0.0 (supported: 1.0, 2.0)
        loader_profile_test.go:166: LoadFromBytes failed: failed to detect schema version: unsupported schema version: 1.0.0 (supported: 1.0, 2.0)
        loader_profile_test.go:166: LoadFromBytes failed: failed to detect schema version: unsupported schema version: 1.0.0 (supported: 1.0, 2.0)
        loader_profile_test.go:166: LoadFromBytes failed: failed to detect schema version: unsupported schema version: 1.0.0 (supported: 1.0, 2.0)
        loader_profile_test.go:166: LoadFromBytes failed: failed to detect schema version: unsupported schema version: 1.0.0 (supported: 1.0, 2.0)
        loader_profile_test.go:166: LoadFromBytes failed: failed to detect schema version: unsupported schema version: 1.0.0 (supported: 1.0, 2.0)
        loader_profile_test.go:166: LoadFromBytes failed: failed to detect schema version: unsupported schema version: 1.0.0 (supported: 1.0, 2.0)
        loader_profile_test.go:166: LoadFromBytes failed: failed to detect schema version: unsupported schema version: 1.0.0 (supported: 1.0, 2.0)
        loader_profile_test.go:166: LoadFromBytes failed: failed to detect schema version: unsupported schema version: 1.0.0 (supported: 1.0, 2.0)
        loader_profile_test.go:166: LoadFromBytes failed: failed to detect schema version: unsupported schema version: 1.0.0 (supported: 1.0, 2.0)
        loader_profile_test.go:166: LoadFromBytes failed: failed to detect schema version: unsupported schema version: 1.0.0 (supported: 1.0, 2.0)
        loader_profile_test.go:166: LoadFromBytes failed: failed to detect schema version: unsupported schema version: 1.0.0 (supported: 1.0, 2.0)
        loader_profile_test.go:166: LoadFromBytes failed: failed to detect schema version: unsupported schema version: 1.0.0 (supported: 1.0, 2.0)
        loader_profile_test.go:166: LoadFromBytes failed: failed to detect schema version: unsupported schema version: 1.0.0 (supported: 1.0, 2.0)
        loader_profile_test.go:166: LoadFromBytes failed: failed to detect schema version: unsupported schema version: 1.0.0 (supported: 1.0, 2.0)
        loader_profile_test.go:166: LoadFromBytes failed: failed to detect schema version: unsupported schema version: 1.0.0 (supported: 1.0, 2.0)
        loader_profile_test.go:166: LoadFromBytes failed: failed to detect schema version: unsupported schema version: 1.0.0 (supported: 1.0, 2.0)
        loader_profile_test.go:166: LoadFromBytes failed: failed to detect schema version: unsupported schema version: 1.0.0 (supported: 1.0, 2.0)
        loader_profile_test.go:166: LoadFromBytes failed: failed to detect schema version: unsupported schema version: 1.0.0 (supported: 1.0, 2.0)
        loader_profile_test.go:166: LoadFromBytes failed: failed to detect schema version: unsupported schema version: 1.0.0 (supported: 1.0, 2.0)
        loader_profile_test.go:166: LoadFromBytes failed: failed to detect schema version: unsupported schema version: 1.0.0 (supported: 1.0, 2.0)
        loader_profile_test.go:166: LoadFromBytes failed: failed to detect schema version: unsupported schema version: 1.0.0 (supported: 1.0, 2.0)
        loader_profile_test.go:166: LoadFromBytes failed: failed to detect schema version: unsupported schema version: 1.0.0 (supported: 1.0, 2.0)
        loader_profile_test.go:166: LoadFromBytes failed: failed to detect schema version: unsupported schema version: 1.0.0 (supported: 1.0, 2.0)
        loader_profile_test.go:166: LoadFromBytes failed: failed to detect schema version: unsupported schema version: 1.0.0 (supported: 1.0, 2.0)
        loader_profile_test.go:166: LoadFromBytes failed: failed to detect schema version: unsupported schema version: 1.0.0 (supported: 1.0, 2.0)
        loader_profile_test.go:166: LoadFromBytes failed: failed to detect schema version: unsupported schema version: 1.0.0 (supported: 1.0, 2.0)
        loader_profile_test.go:166: LoadFromBytes failed: failed to detect schema version: unsupported schema version: 1.0.0 (supported: 1.0, 2.0)
        loader_profile_test.go:166: LoadFromBytes failed: failed to detect schema version: unsupported schema version: 1.0.0 (supported: 1.0, 2.0)
        loader_profile_test.go:166: LoadFromBytes failed: failed to detect schema version: unsupported schema version: 1.0.0 (supported: 1.0, 2.0)
        loader_profile_test.go:166: LoadFromBytes failed: failed to detect schema version: unsupported schema version: 1.0.0 (supported: 1.0, 2.0)
        loader_profile_test.go:166: LoadFromBytes failed: failed to detect schema version: unsupported schema version: 1.0.0 (supported: 1.0, 2.0)
        loader_profile_test.go:166: LoadFromBytes failed: failed to detect schema version: unsupported schema version: 1.0.0 (supported: 1.0, 2.0)
        loader_profile_test.go:166: LoadFromBytes failed: failed to detect schema version: unsupported schema version: 1.0.0 (supported: 1.0, 2.0)
        loader_profile_test.go:166: LoadFromBytes failed: failed to detect schema version: unsupported schema version: 1.0.0 (supported: 1.0, 2.0)
        loader_profile_test.go:166: LoadFromBytes failed: failed to detect schema version: unsupported schema version: 1.0.0 (supported: 1.0, 2.0)
        loader_profile_test.go:166: LoadFromBytes failed: failed to detect schema version: unsupported schema version: 1.0.0 (supported: 1.0, 2.0)
        loader_profile_test.go:166: LoadFromBytes failed: failed to detect schema version: unsupported schema version: 1.0.0 (supported: 1.0, 2.0)
        loader_profile_test.go:166: LoadFromBytes failed: failed to detect schema version: unsupported schema version: 1.0.0 (supported: 1.0, 2.0)
        loader_profile_test.go:166: LoadFromBytes failed: failed to detect schema version: unsupported schema version: 1.0.0 (supported: 1.0, 2.0)
        loader_profile_test.go:166: LoadFromBytes failed: failed to detect schema version: unsupported schema version: 1.0.0 (supported: 1.0, 2.0)
        loader_profile_test.go:166: LoadFromBytes failed: failed to detect schema version: unsupported schema version: 1.0.0 (supported: 1.0, 2.0)
        loader_profile_test.go:166: LoadFromBytes failed: failed to detect schema version: unsupported schema version: 1.0.0 (supported: 1.0, 2.0)
        loader_profile_test.go:166: LoadFromBytes failed: failed to detect schema version: unsupported schema version: 1.0.0 (supported: 1.0, 2.0)
        loader_profile_test.go:166: LoadFromBytes failed: failed to detect schema version: unsupported schema version: 1.0.0 (supported: 1.0, 2.0)
        loader_profile_test.go:166: LoadFromBytes failed: failed to detect schema version: unsupported schema version: 1.0.0 (supported: 1.0, 2.0)
        loader_profile_test.go:166: LoadFromBytes failed: failed to detect schema version: unsupported schema version: 1.0.0 (supported: 1.0, 2.0)
        loader_profile_test.go:166: LoadFromBytes failed: failed to detect schema version: unsupported schema version: 1.0.0 (supported: 1.0, 2.0)
        loader_profile_test.go:166: LoadFromBytes failed: failed to detect schema version: unsupported schema version: 1.0.0 (supported: 1.0, 2.0)
        loader_profile_test.go:166: LoadFromBytes failed: failed to detect schema version: unsupported schema version: 1.0.0 (supported: 1.0, 2.0)
        loader_profile_test.go:166: LoadFromBytes failed: failed to detect schema version: unsupported schema version: 1.0.0 (supported: 1.0, 2.0)
        loader_profile_test.go:166: LoadFromBytes failed: failed to detect schema version: unsupported schema version: 1.0.0 (supported: 1.0, 2.0)
        loader_profile_test.go:166: LoadFromBytes failed: failed to detect schema version: unsupported schema version: 1.0.0 (supported: 1.0, 2.0)
    loader_profile_test.go:192: Memory profile written to: config_loading_mem.prof
    loader_profile_test.go:193: Analyze with: go tool pprof config_loading_mem.prof
    loader_profile_test.go:194: 
        Memory Statistics:
    loader_profile_test.go:195:   Total allocations: 3581509544 bytes
    loader_profile_test.go:196:   Allocations per operation: 1193836 bytes
    loader_profile_test.go:197:   Heap objects before: 9263
    loader_profile_test.go:198:   Heap objects after: 9375
    loader_profile_test.go:199:   Heap alloc before: 1698072 bytes
    loader_profile_test.go:200:   Heap alloc after: 1849240 bytes
--- FAIL: TestMemoryUsageRegression (0.04s)
    memory_target_test.go:150: Memory Usage Regression Check:
    memory_target_test.go:151:   Baseline peak heap: 1000 KB
    memory_target_test.go:152:   Current peak heap: 1707 KB
    memory_target_test.go:153:   Baseline per operation: 1100 KB
    memory_target_test.go:154:   Current per operation: 1013 KB
    memory_target_test.go:161: Peak heap allocation regressed by 1.71x (70.70% increase)
    memory_target_test.go:172:   ✓ Per-operation allocation is 0.92x baseline (92.09% of baseline)
+ user values preserved across all migration paths: OK, passed 100 tests.
+ complex nested values preserved: OK, passed 100 tests.
+ override values preserved: OK, passed 100 tests.
+ valid migration paths accepted: OK, passed 100 tests.
+ invalid source versions rejected: OK, passed 100 tests.
+ invalid target versions rejected: OK, passed 100 tests.
+ empty versions rejected: OK, passed 100 tests.
+ migration paths are continuous: OK, passed 100 tests.
--- FAIL: TestConfigLoadingPerformanceTarget (0.01s)
    --- FAIL: TestConfigLoadingPerformanceTarget/LoadFromBytes (0.00s)
        performance_target_test.go:76: LoadFromBytes failed: failed to detect schema version: unsupported schema version: 1.0.0 (supported: 1.0, 2.0)
    --- FAIL: TestConfigLoadingPerformanceTarget/LoadFromFile (0.01s)
        performance_target_test.go:110: LoadFromFile failed: failed to detect schema version: unsupported schema version: 1.0.0 (supported: 1.0, 2.0)
--- FAIL: TestConfigLoadingPerformanceRegression (0.01s)
    --- FAIL: TestConfigLoadingPerformanceRegression/LoadFromBytes (0.00s)
        performance_target_test.go:232: LoadFromBytes failed: failed to detect schema version: unsupported schema version: 1.0.0 (supported: 1.0, 2.0)
+ resolving references produces consistent configuration: OK, passed 100
   tests.
+ circular references are detected: OK, passed 100 tests.
+ all generated Talos configs have security hardening enabled: OK, passed
   100 tests.
+ validator detects missing required fields: OK, passed 50 tests.
+ validator accepts valid CIDR notation: OK, passed 50 tests.
+ validator rejects invalid CIDR notation: OK, passed 50 tests.
+ validator enforces enum constraints: OK, passed 50 tests.
+ validator enforces port range constraints: OK, passed 50 tests.
+ validator enforces email format: OK, passed 50 tests.
2026/02/01 16:09:53 ⚠️  Deprecation Warnings:
2026/02/01 16:09:53 ━━━━━━━━━━━━━━━━━━━━━━━━━━━━━━━━━━━━━━━━━━━━━━━━━━━━━━━━━━━━━━━━━━
2026/02/01 16:09:53 
  Field: schema_version
2026/02/01 16:09:53   Warning: v1 configuration schema is deprecated and will be removed in a future release
2026/02/01 16:09:53   Action: Migrate to v2 using: opencenter cluster migrate-config <config-file>
2026/02/01 16:09:53 ━━━━━━━━━━━━━━━━━━━━━━━━━━━━━━━━━━━━━━━━━━━━━━━━━━━━━━━━━━━━━━━━━━
2026/02/01 16:09:53 
To migrate to v2, run: opencenter cluster migrate-config <config-file>
2026/02/01 16:09:53 For more information, see: docs/cluster-config/migration-guide.md
FAIL
coverage: 68.6% of statements
FAIL	github.com/rackerlabs/opencenter-cli/internal/config	44.435s
ok  	github.com/rackerlabs/opencenter-cli/internal/config/defaults	0.549s	coverage: 87.8% of statements
FAIL	github.com/rackerlabs/opencenter-cli/internal/config/flags [build failed]
	github.com/rackerlabs/opencenter-cli/internal/config/registry		coverage: 0.0% of statements
ok  	github.com/rackerlabs/opencenter-cli/internal/config/services	1.015s	coverage: 87.0% of statements
+ VRRP IP only in infrastructure.networking: OK, passed 100 tests.
+ provider-specific settings only in matching cloud section: OK, passed
   100 tests.
! infrastructure networking fields only in infrastructure.networking: Gave
   up after only 95 passed tests. 477 tests were discarded.
! compute configuration only in infrastructure.compute: Gave up after only
   98 passed tests. 492 tests were discarded.
+ storage configuration only in infrastructure.storage: OK, passed 100
   tests.
--- FAIL: TestProperty_ConfigurationStructureInvariants (0.21s)
    properties.go:57: failed with initial seed: 1769983749941381000
! Kamaji requires master_count to be zero: Gave up after only 96 passed
   tests. 482 tests were discarded.
+ Kamaji requires vrrp_enabled to be false: OK, passed 100 tests.
+ Kamaji requires kube_vip_enabled to be false: OK, passed 100 tests.
+ Kamaji control plane replicas must be odd: OK, passed 100 tests.
+ Kamaji requires at least one worker pool: OK, passed 100 tests.
+ Kamaji worker pool bootstrap_provider matches OS: OK, passed 100 tests.
+ Kamaji Talos worker pools require talos_version: OK, passed 100 tests.
+ Kamaji worker pool count is positive: OK, passed 100 tests.
+ Kamaji autoscaling constraints are valid: OK, passed 100 tests.
--- FAIL: TestProperty_KamajiDeploymentConstraints (0.21s)
    properties.go:57: failed with initial seed: 1769983750152233000
+ valid provider-deployment combinations are accepted: OK, passed 100
   tests.
+ kubespray supports all providers: OK, passed 100 tests.
+ talos does not support baremetal: OK, passed 100 tests.
+ kamaji does not support baremetal: OK, passed 100 tests.
+ deployment methods requiring masters reject master_count=0: OK, passed
   100 tests.
+ parse-serialize-parse produces equivalent structs: OK, passed 100 tests.
2026/02/01 16:09:10 [WARN] No defaults found for provider 'gcp' region 'sjc3': region 'sjc3' not found for provider 'gcp'
2026/02/01 16:09:10 [WARN] Continuing without applying provider-region defaults
2026/02/01 16:09:10 [DEBUG] Applied default for OpenCenter.Infrastructure.Compute.FlavorBastion: t3.small (source: provider_region)
2026/02/01 16:09:10 [DEBUG] Applied default for OpenCenter.Infrastructure.Compute.FlavorWorkerWindows: t3.xlarge (source: provider_region)
2026/02/01 16:09:10 [DEBUG] Applied default slice for OpenCenter.Infrastructure.Cloud.AWS.AvailabilityZones (source: provider_region)
2026/02/01 16:09:10 [WARN] No defaults found for provider 'openstack' region 'us-east-1': region 'us-east-1' not found for provider 'openstack'
2026/02/01 16:09:10 [WARN] Continuing without applying provider-region defaults
2026/02/01 16:09:10 [DEBUG] Applied default for OpenCenter.Infrastructure.Compute.FlavorBastion: t3.small (source: provider_region)
2026/02/01 16:09:10 [DEBUG] Applied default for OpenCenter.Infrastructure.Compute.FlavorWorkerWindows: t3.xlarge (source: provider_region)
2026/02/01 16:09:10 [DEBUG] Applied default slice for OpenCenter.Infrastructure.Cloud.AWS.AvailabilityZones (source: provider_region)
2026/02/01 16:09:10 [WARN] No defaults found for provider 'openstack' region 'us-west-2': region 'us-west-2' not found for provider 'openstack'
2026/02/01 16:09:10 [WARN] Continuing without applying provider-region defaults
2026/02/01 16:09:10 [WARN] No defaults found for provider 'gcp' region 'iad3': region 'iad3' not found for provider 'gcp'
2026/02/01 16:09:10 [WARN] Continuing without applying provider-region defaults
2026/02/01 16:09:10 [WARN] No defaults found for provider 'aws' region 'dfw3': region 'dfw3' not found for provider 'aws'
2026/02/01 16:09:10 [WARN] Continuing without applying provider-region defaults
2026/02/01 16:09:10 [WARN] No defaults found for provider 'gcp' region 'us-west-2': region 'us-west-2' not found for provider 'gcp'
2026/02/01 16:09:10 [WARN] Continuing without applying provider-region defaults
2026/02/01 16:09:10 [WARN] No defaults found for provider 'gcp' region 'us-west-2': region 'us-west-2' not found for provider 'gcp'
2026/02/01 16:09:10 [WARN] Continuing without applying provider-region defaults
2026/02/01 16:09:10 [WARN] No defaults found for provider 'openstack' region 'us-west-2': region 'us-west-2' not found for provider 'openstack'
2026/02/01 16:09:10 [WARN] Continuing without applying provider-region defaults
2026/02/01 16:09:10 [DEBUG] Applied default for OpenCenter.Infrastructure.Compute.FlavorBastion: gp.0.2.2 (source: provider_region)
2026/02/01 16:09:10 [DEBUG] Applied default for OpenCenter.Infrastructure.Compute.FlavorWorkerWindows: gp.5.4.16 (source: provider_region)
2026/02/01 16:09:10 [DEBUG] Applied default slice for OpenCenter.Infrastructure.Cloud.OpenStack.AvailabilityZones (source: provider_region)
2026/02/01 16:09:10 [WARN] No defaults found for provider 'openstack' region 'us-west-2': region 'us-west-2' not found for provider 'openstack'
2026/02/01 16:09:10 [WARN] Continuing without applying provider-region defaults
2026/02/01 16:09:10 [WARN] No defaults found for provider 'gcp' region 'iad3': region 'iad3' not found for provider 'gcp'
2026/02/01 16:09:10 [WARN] Continuing without applying provider-region defaults
2026/02/01 16:09:10 [WARN] No defaults found for provider 'aws' region 'dfw3': region 'dfw3' not found for provider 'aws'
2026/02/01 16:09:10 [WARN] Continuing without applying provider-region defaults
2026/02/01 16:09:10 [WARN] No defaults found for provider 'gcp' region 'dfw3': region 'dfw3' not found for provider 'gcp'
2026/02/01 16:09:10 [WARN] Continuing without applying provider-region defaults
2026/02/01 16:09:10 [WARN] No defaults found for provider 'aws' region 'sjc3': region 'sjc3' not found for provider 'aws'
2026/02/01 16:09:10 [WARN] Continuing without applying provider-region defaults
2026/02/01 16:09:10 [DEBUG] Applied default for OpenCenter.Infrastructure.Compute.FlavorBastion: t3.small (source: provider_region)
2026/02/01 16:09:10 [DEBUG] Applied default for OpenCenter.Infrastructure.Compute.FlavorWorkerWindows: t3.xlarge (source: provider_region)
2026/02/01 16:09:10 [DEBUG] Applied default slice for OpenCenter.Infrastructure.Cloud.AWS.AvailabilityZones (source: provider_region)
2026/02/01 16:09:10 [DEBUG] Applied default for OpenCenter.Infrastructure.Compute.FlavorBastion: gp.0.2.2 (source: provider_region)
2026/02/01 16:09:10 [DEBUG] Applied default for OpenCenter.Infrastructure.Compute.FlavorWorkerWindows: gp.5.4.16 (source: provider_region)
2026/02/01 16:09:10 [DEBUG] Applied default slice for OpenCenter.Infrastructure.Cloud.OpenStack.AvailabilityZones (source: provider_region)
2026/02/01 16:09:10 [WARN] No defaults found for provider 'aws' region 'sjc3': region 'sjc3' not found for provider 'aws'
2026/02/01 16:09:10 [WARN] Continuing without applying provider-region defaults
2026/02/01 16:09:10 [DEBUG] Applied default for OpenCenter.Infrastructure.Compute.FlavorBastion: t3.small (source: provider_region)
2026/02/01 16:09:10 [DEBUG] Applied default for OpenCenter.Infrastructure.Compute.FlavorWorkerWindows: t3.xlarge (source: provider_region)
2026/02/01 16:09:10 [DEBUG] Applied default slice for OpenCenter.Infrastructure.Cloud.AWS.AvailabilityZones (source: provider_region)
2026/02/01 16:09:10 [WARN] No defaults found for provider 'gcp' region 'us-west-2': region 'us-west-2' not found for provider 'gcp'
2026/02/01 16:09:10 [WARN] Continuing without applying provider-region defaults
2026/02/01 16:09:10 [WARN] No defaults found for provider 'gcp' region 'us-east-1': region 'us-east-1' not found for provider 'gcp'
2026/02/01 16:09:10 [WARN] Continuing without applying provider-region defaults
2026/02/01 16:09:10 [DEBUG] Applied default for OpenCenter.Infrastructure.Compute.FlavorBastion: gp.0.2.2 (source: provider_region)
2026/02/01 16:09:10 [DEBUG] Applied default for OpenCenter.Infrastructure.Compute.FlavorWorkerWindows: gp.5.4.16 (source: provider_region)
2026/02/01 16:09:10 [DEBUG] Applied default slice for OpenCenter.Infrastructure.Cloud.OpenStack.AvailabilityZones (source: provider_region)
2026/02/01 16:09:10 [WARN] No defaults found for provider 'aws' region 'sjc3': region 'sjc3' not found for provider 'aws'
2026/02/01 16:09:10 [WARN] Continuing without applying provider-region defaults
2026/02/01 16:09:10 [WARN] No defaults found for provider 'gcp' region 'iad3': region 'iad3' not found for provider 'gcp'
2026/02/01 16:09:10 [WARN] Continuing without applying provider-region defaults
2026/02/01 16:09:10 [WARN] No defaults found for provider 'aws' region 'iad3': region 'iad3' not found for provider 'aws'
2026/02/01 16:09:10 [WARN] Continuing without applying provider-region defaults
2026/02/01 16:09:10 [DEBUG] Applied default for OpenCenter.Infrastructure.Compute.FlavorBastion: gp.0.2.2 (source: provider_region)
2026/02/01 16:09:10 [DEBUG] Applied default for OpenCenter.Infrastructure.Compute.FlavorWorkerWindows: gp.5.4.16 (source: provider_region)
2026/02/01 16:09:10 [DEBUG] Applied default slice for OpenCenter.Infrastructure.Cloud.OpenStack.AvailabilityZones (source: provider_region)
2026/02/01 16:09:10 [WARN] No defaults found for provider 'openstack' region 'us-west-2': region 'us-west-2' not found for provider 'openstack'
2026/02/01 16:09:10 [WARN] Continuing without applying provider-region defaults
2026/02/01 16:09:10 [DEBUG] Applied default for OpenCenter.Infrastructure.Compute.FlavorBastion: gp.0.2.2 (source: provider_region)
2026/02/01 16:09:10 [DEBUG] Applied default for OpenCenter.Infrastructure.Compute.FlavorWorkerWindows: gp.5.4.16 (source: provider_region)
2026/02/01 16:09:10 [DEBUG] Applied default slice for OpenCenter.Infrastructure.Cloud.OpenStack.AvailabilityZones (source: provider_region)
2026/02/01 16:09:10 [WARN] No defaults found for provider 'gcp' region 'iad3': region 'iad3' not found for provider 'gcp'
2026/02/01 16:09:10 [WARN] Continuing without applying provider-region defaults
2026/02/01 16:09:10 [WARN] No defaults found for provider 'openstack' region 'us-west-2': region 'us-west-2' not found for provider 'openstack'
2026/02/01 16:09:10 [WARN] Continuing without applying provider-region defaults
2026/02/01 16:09:10 [WARN] No defaults found for provider 'openstack' region 'us-west-2': region 'us-west-2' not found for provider 'openstack'
2026/02/01 16:09:10 [WARN] Continuing without applying provider-region defaults
2026/02/01 16:09:10 [WARN] No defaults found for provider 'gcp' region 'us-east-1': region 'us-east-1' not found for provider 'gcp'
2026/02/01 16:09:10 [WARN] Continuing without applying provider-region defaults
2026/02/01 16:09:10 [WARN] No defaults found for provider 'aws' region 'sjc3': region 'sjc3' not found for provider 'aws'
2026/02/01 16:09:10 [WARN] Continuing without applying provider-region defaults
2026/02/01 16:09:10 [WARN] No defaults found for provider 'openstack' region 'us-west-2': region 'us-west-2' not found for provider 'openstack'
2026/02/01 16:09:10 [WARN] Continuing without applying provider-region defaults
2026/02/01 16:09:10 [WARN] No defaults found for provider 'aws' region 'iad3': region 'iad3' not found for provider 'aws'
2026/02/01 16:09:10 [WARN] Continuing without applying provider-region defaults
2026/02/01 16:09:10 [WARN] No defaults found for provider 'aws' region 'iad3': region 'iad3' not found for provider 'aws'
2026/02/01 16:09:10 [WARN] Continuing without applying provider-region defaults
2026/02/01 16:09:10 [WARN] No defaults found for provider 'openstack' region 'us-west-2': region 'us-west-2' not found for provider 'openstack'
2026/02/01 16:09:10 [WARN] Continuing without applying provider-region defaults
2026/02/01 16:09:10 [DEBUG] Applied default for OpenCenter.Infrastructure.Compute.FlavorBastion: gp.0.2.2 (source: provider_region)
2026/02/01 16:09:10 [DEBUG] Applied default for OpenCenter.Infrastructure.Compute.FlavorWorkerWindows: gp.5.4.16 (source: provider_region)
2026/02/01 16:09:10 [DEBUG] Applied default slice for OpenCenter.Infrastructure.Cloud.OpenStack.AvailabilityZones (source: provider_region)
2026/02/01 16:09:10 [WARN] No defaults found for provider 'aws' region 'iad3': region 'iad3' not found for provider 'aws'
2026/02/01 16:09:10 [WARN] Continuing without applying provider-region defaults
2026/02/01 16:09:10 [DEBUG] Applied default for OpenCenter.Infrastructure.Compute.FlavorBastion: t3.small (source: provider_region)
2026/02/01 16:09:10 [DEBUG] Applied default for OpenCenter.Infrastructure.Compute.FlavorWorkerWindows: t3.xlarge (source: provider_region)
2026/02/01 16:09:10 [DEBUG] Applied default slice for OpenCenter.Infrastructure.Cloud.AWS.AvailabilityZones (source: provider_region)
2026/02/01 16:09:10 [DEBUG] Applied default for OpenCenter.Infrastructure.Compute.FlavorBastion: gp.0.2.2 (source: provider_region)
2026/02/01 16:09:10 [DEBUG] Applied default for OpenCenter.Infrastructure.Compute.FlavorWorkerWindows: gp.5.4.16 (source: provider_region)
2026/02/01 16:09:10 [DEBUG] Applied default slice for OpenCenter.Infrastructure.Cloud.OpenStack.AvailabilityZones (source: provider_region)
2026/02/01 16:09:10 [WARN] No defaults found for provider 'aws' region 'dfw3': region 'dfw3' not found for provider 'aws'
2026/02/01 16:09:10 [WARN] Continuing without applying provider-region defaults
2026/02/01 16:09:10 [WARN] No defaults found for provider 'gcp' region 'us-west-2': region 'us-west-2' not found for provider 'gcp'
2026/02/01 16:09:10 [WARN] Continuing without applying provider-region defaults
2026/02/01 16:09:10 [WARN] No defaults found for provider 'gcp' region 'sjc3': region 'sjc3' not found for provider 'gcp'
2026/02/01 16:09:10 [WARN] Continuing without applying provider-region defaults
2026/02/01 16:09:10 [WARN] No defaults found for provider 'gcp' region 'dfw3': region 'dfw3' not found for provider 'gcp'
2026/02/01 16:09:10 [WARN] Continuing without applying provider-region defaults
2026/02/01 16:09:10 [WARN] No defaults found for provider 'gcp' region 'us-west-2': region 'us-west-2' not found for provider 'gcp'
2026/02/01 16:09:10 [WARN] Continuing without applying provider-region defaults
2026/02/01 16:09:10 [WARN] No defaults found for provider 'openstack' region 'us-west-2': region 'us-west-2' not found for provider 'openstack'
2026/02/01 16:09:10 [WARN] Continuing without applying provider-region defaults
2026/02/01 16:09:10 [WARN] No defaults found for provider 'gcp' region 'dfw3': region 'dfw3' not found for provider 'gcp'
2026/02/01 16:09:10 [WARN] Continuing without applying provider-region defaults
2026/02/01 16:09:10 [WARN] No defaults found for provider 'openstack' region 'us-west-2': region 'us-west-2' not found for provider 'openstack'
2026/02/01 16:09:10 [WARN] Continuing without applying provider-region defaults
2026/02/01 16:09:10 [WARN] No defaults found for provider 'aws' region 'iad3': region 'iad3' not found for provider 'aws'
2026/02/01 16:09:10 [WARN] Continuing without applying provider-region defaults
2026/02/01 16:09:10 [WARN] No defaults found for provider 'gcp' region 'us-west-2': region 'us-west-2' not found for provider 'gcp'
2026/02/01 16:09:10 [WARN] Continuing without applying provider-region defaults
2026/02/01 16:09:10 [WARN] No defaults found for provider 'aws' region 'sjc3': region 'sjc3' not found for provider 'aws'
2026/02/01 16:09:10 [WARN] Continuing without applying provider-region defaults
2026/02/01 16:09:10 [WARN] No defaults found for provider 'aws' region 'sjc3': region 'sjc3' not found for provider 'aws'
2026/02/01 16:09:10 [WARN] Continuing without applying provider-region defaults
2026/02/01 16:09:10 [WARN] No defaults found for provider 'aws' region 'dfw3': region 'dfw3' not found for provider 'aws'
2026/02/01 16:09:10 [WARN] Continuing without applying provider-region defaults
2026/02/01 16:09:10 [WARN] No defaults found for provider 'gcp' region 'us-west-2': region 'us-west-2' not found for provider 'gcp'
2026/02/01 16:09:10 [WARN] Continuing without applying provider-region defaults
2026/02/01 16:09:10 [WARN] No defaults found for provider 'gcp' region 'us-east-1': region 'us-east-1' not found for provider 'gcp'
2026/02/01 16:09:10 [WARN] Continuing without applying provider-region defaults
2026/02/01 16:09:10 [WARN] No defaults found for provider 'gcp' region 'iad3': region 'iad3' not found for provider 'gcp'
2026/02/01 16:09:10 [WARN] Continuing without applying provider-region defaults
2026/02/01 16:09:10 [WARN] No defaults found for provider 'openstack' region 'us-west-2': region 'us-west-2' not found for provider 'openstack'
2026/02/01 16:09:10 [WARN] Continuing without applying provider-region defaults
2026/02/01 16:09:10 [WARN] No defaults found for provider 'gcp' region 'iad3': region 'iad3' not found for provider 'gcp'
2026/02/01 16:09:10 [WARN] Continuing without applying provider-region defaults
2026/02/01 16:09:10 [WARN] No defaults found for provider 'gcp' region 'us-west-2': region 'us-west-2' not found for provider 'gcp'
2026/02/01 16:09:10 [WARN] Continuing without applying provider-region defaults
2026/02/01 16:09:10 [WARN] No defaults found for provider 'openstack' region 'us-east-1': region 'us-east-1' not found for provider 'openstack'
2026/02/01 16:09:10 [WARN] Continuing without applying provider-region defaults
2026/02/01 16:09:10 [WARN] No defaults found for provider 'aws' region 'iad3': region 'iad3' not found for provider 'aws'
2026/02/01 16:09:10 [WARN] Continuing without applying provider-region defaults
2026/02/01 16:09:10 [WARN] No defaults found for provider 'gcp' region 'dfw3': region 'dfw3' not found for provider 'gcp'
2026/02/01 16:09:10 [WARN] Continuing without applying provider-region defaults
2026/02/01 16:09:10 [DEBUG] Applied default for OpenCenter.Infrastructure.Compute.FlavorBastion: t3.small (source: provider_region)
2026/02/01 16:09:10 [DEBUG] Applied default for OpenCenter.Infrastructure.Compute.FlavorWorkerWindows: t3.xlarge (source: provider_region)
2026/02/01 16:09:10 [DEBUG] Applied default slice for OpenCenter.Infrastructure.Cloud.AWS.AvailabilityZones (source: provider_region)
2026/02/01 16:09:10 [DEBUG] Applied default for OpenCenter.Infrastructure.Compute.FlavorBastion: t3.small (source: provider_region)
2026/02/01 16:09:10 [DEBUG] Applied default for OpenCenter.Infrastructure.Compute.FlavorWorkerWindows: t3.xlarge (source: provider_region)
2026/02/01 16:09:10 [DEBUG] Applied default slice for OpenCenter.Infrastructure.Cloud.AWS.AvailabilityZones (source: provider_region)
2026/02/01 16:09:10 [DEBUG] Applied default for OpenCenter.Infrastructure.Compute.FlavorBastion: gp.0.2.2 (source: provider_region)
2026/02/01 16:09:10 [DEBUG] Applied default for OpenCenter.Infrastructure.Compute.FlavorWorkerWindows: gp.5.4.16 (source: provider_region)
2026/02/01 16:09:10 [DEBUG] Applied default slice for OpenCenter.Infrastructure.Cloud.OpenStack.AvailabilityZones (source: provider_region)
2026/02/01 16:09:10 [WARN] No defaults found for provider 'gcp' region 'us-west-2': region 'us-west-2' not found for provider 'gcp'
2026/02/01 16:09:10 [WARN] Continuing without applying provider-region defaults
2026/02/01 16:09:10 [WARN] No defaults found for provider 'gcp' region 'iad3': region 'iad3' not found for provider 'gcp'
2026/02/01 16:09:10 [WARN] Continuing without applying provider-region defaults
2026/02/01 16:09:10 [WARN] No defaults found for provider 'gcp' region 'sjc3': region 'sjc3' not found for provider 'gcp'
2026/02/01 16:09:10 [WARN] Continuing without applying provider-region defaults
2026/02/01 16:09:10 [WARN] No defaults found for provider 'gcp' region 'us-west-2': region 'us-west-2' not found for provider 'gcp'
2026/02/01 16:09:10 [WARN] Continuing without applying provider-region defaults
2026/02/01 16:09:10 [DEBUG] Applied default for OpenCenter.Infrastructure.Compute.FlavorBastion: gp.0.2.2 (source: provider_region)
2026/02/01 16:09:10 [DEBUG] Applied default for OpenCenter.Infrastructure.Compute.FlavorWorkerWindows: gp.5.4.16 (source: provider_region)
2026/02/01 16:09:10 [DEBUG] Applied default slice for OpenCenter.Infrastructure.Cloud.OpenStack.AvailabilityZones (source: provider_region)
2026/02/01 16:09:10 [WARN] No defaults found for provider 'aws' region 'sjc3': region 'sjc3' not found for provider 'aws'
2026/02/01 16:09:10 [WARN] Continuing without applying provider-region defaults
2026/02/01 16:09:10 [DEBUG] Applied default for OpenCenter.Infrastructure.Compute.FlavorBastion: gp.0.2.2 (source: provider_region)
2026/02/01 16:09:10 [DEBUG] Applied default for OpenCenter.Infrastructure.Compute.FlavorWorkerWindows: gp.5.4.16 (source: provider_region)
2026/02/01 16:09:10 [DEBUG] Applied default slice for OpenCenter.Infrastructure.Cloud.OpenStack.AvailabilityZones (source: provider_region)
2026/02/01 16:09:10 [WARN] No defaults found for provider 'openstack' region 'us-east-1': region 'us-east-1' not found for provider 'openstack'
2026/02/01 16:09:10 [WARN] Continuing without applying provider-region defaults
2026/02/01 16:09:10 [WARN] No defaults found for provider 'gcp' region 'sjc3': region 'sjc3' not found for provider 'gcp'
2026/02/01 16:09:10 [WARN] Continuing without applying provider-region defaults
2026/02/01 16:09:10 [WARN] No defaults found for provider 'gcp' region 'sjc3': region 'sjc3' not found for provider 'gcp'
2026/02/01 16:09:10 [WARN] Continuing without applying provider-region defaults
2026/02/01 16:09:10 [DEBUG] Applied default for OpenCenter.Infrastructure.Compute.FlavorBastion: t3.small (source: provider_region)
2026/02/01 16:09:10 [DEBUG] Applied default for OpenCenter.Infrastructure.Compute.FlavorWorkerWindows: t3.xlarge (source: provider_region)
2026/02/01 16:09:10 [DEBUG] Applied default slice for OpenCenter.Infrastructure.Cloud.AWS.AvailabilityZones (source: provider_region)
2026/02/01 16:09:10 [WARN] No defaults found for provider 'gcp' region 'iad3': region 'iad3' not found for provider 'gcp'
2026/02/01 16:09:10 [WARN] Continuing without applying provider-region defaults
2026/02/01 16:09:10 [DEBUG] Applied default for OpenCenter.Infrastructure.Compute.FlavorBastion: gp.0.2.2 (source: provider_region)
2026/02/01 16:09:10 [DEBUG] Applied default for OpenCenter.Infrastructure.Compute.FlavorWorkerWindows: gp.5.4.16 (source: provider_region)
2026/02/01 16:09:10 [DEBUG] Applied default slice for OpenCenter.Infrastructure.Cloud.OpenStack.AvailabilityZones (source: provider_region)
2026/02/01 16:09:10 [WARN] No defaults found for provider 'gcp' region 'sjc3': region 'sjc3' not found for provider 'gcp'
2026/02/01 16:09:10 [WARN] Continuing without applying provider-region defaults
2026/02/01 16:09:10 [DEBUG] Applied default for OpenCenter.Infrastructure.Compute.FlavorBastion: gp.0.2.2 (source: provider_region)
2026/02/01 16:09:10 [DEBUG] Applied default for OpenCenter.Infrastructure.Compute.FlavorWorkerWindows: gp.5.4.16 (source: provider_region)
2026/02/01 16:09:10 [DEBUG] Applied default slice for OpenCenter.Infrastructure.Cloud.OpenStack.AvailabilityZones (source: provider_region)
2026/02/01 16:09:10 [DEBUG] Applied default for OpenCenter.Infrastructure.Compute.FlavorBastion: gp.0.2.2 (source: provider_region)
2026/02/01 16:09:10 [DEBUG] Applied default for OpenCenter.Infrastructure.Compute.FlavorWorkerWindows: gp.5.4.16 (source: provider_region)
2026/02/01 16:09:10 [DEBUG] Applied default slice for OpenCenter.Infrastructure.Cloud.OpenStack.AvailabilityZones (source: provider_region)
2026/02/01 16:09:10 [WARN] No defaults found for provider 'gcp' region 'us-west-2': region 'us-west-2' not found for provider 'gcp'
2026/02/01 16:09:10 [WARN] Continuing without applying provider-region defaults
2026/02/01 16:09:10 [DEBUG] Applied default for OpenCenter.Infrastructure.Compute.FlavorBastion: gp.0.2.2 (source: provider_region)
2026/02/01 16:09:10 [DEBUG] Applied default for OpenCenter.Infrastructure.Compute.FlavorWorkerWindows: gp.5.4.16 (source: provider_region)
2026/02/01 16:09:10 [DEBUG] Applied default slice for OpenCenter.Infrastructure.Cloud.OpenStack.AvailabilityZones (source: provider_region)
2026/02/01 16:09:10 [DEBUG] Applied default for OpenCenter.Infrastructure.Compute.FlavorBastion: gp.0.2.2 (source: provider_region)
2026/02/01 16:09:10 [DEBUG] Applied default for OpenCenter.Infrastructure.Compute.FlavorWorkerWindows: gp.5.4.16 (source: provider_region)
2026/02/01 16:09:10 [DEBUG] Applied default slice for OpenCenter.Infrastructure.Cloud.OpenStack.AvailabilityZones (source: provider_region)
2026/02/01 16:09:10 [DEBUG] Applied default for OpenCenter.Infrastructure.Compute.FlavorBastion: gp.0.2.2 (source: provider_region)
2026/02/01 16:09:10 [DEBUG] Applied default for OpenCenter.Infrastructure.Compute.FlavorWorkerWindows: gp.5.4.16 (source: provider_region)
2026/02/01 16:09:10 [DEBUG] Applied default slice for OpenCenter.Infrastructure.Cloud.OpenStack.AvailabilityZones (source: provider_region)
2026/02/01 16:09:10 [DEBUG] Applied default for OpenCenter.Infrastructure.Compute.FlavorBastion: gp.0.2.2 (source: provider_region)
2026/02/01 16:09:10 [DEBUG] Applied default for OpenCenter.Infrastructure.Compute.FlavorWorkerWindows: gp.5.4.16 (source: provider_region)
2026/02/01 16:09:10 [DEBUG] Applied default slice for OpenCenter.Infrastructure.Cloud.OpenStack.AvailabilityZones (source: provider_region)
2026/02/01 16:09:10 [DEBUG] Applied default for OpenCenter.Infrastructure.Compute.FlavorBastion: gp.0.2.2 (source: provider_region)
2026/02/01 16:09:10 [DEBUG] Applied default for OpenCenter.Infrastructure.Compute.FlavorWorkerWindows: gp.5.4.16 (source: provider_region)
2026/02/01 16:09:10 [DEBUG] Applied default slice for OpenCenter.Infrastructure.Cloud.OpenStack.AvailabilityZones (source: provider_region)
2026/02/01 16:09:10 [WARN] No defaults found for provider 'gcp' region 'iad3': region 'iad3' not found for provider 'gcp'
2026/02/01 16:09:10 [WARN] Continuing without applying provider-region defaults
2026/02/01 16:09:10 [DEBUG] Applied default for OpenCenter.Infrastructure.Compute.FlavorBastion: t3.small (source: provider_region)
2026/02/01 16:09:10 [DEBUG] Applied default for OpenCenter.Infrastructure.Compute.FlavorWorkerWindows: t3.xlarge (source: provider_region)
2026/02/01 16:09:10 [DEBUG] Applied default slice for OpenCenter.Infrastructure.Cloud.AWS.AvailabilityZones (source: provider_region)
2026/02/01 16:09:10 [WARN] No defaults found for provider 'openstack' region 'us-east-1': region 'us-east-1' not found for provider 'openstack'
2026/02/01 16:09:10 [WARN] Continuing without applying provider-region defaults
2026/02/01 16:09:10 [WARN] No defaults found for provider 'gcp' region 'us-west-2': region 'us-west-2' not found for provider 'gcp'
2026/02/01 16:09:10 [WARN] Continuing without applying provider-region defaults
2026/02/01 16:09:10 [WARN] No defaults found for provider 'openstack' region 'us-east-1': region 'us-east-1' not found for provider 'openstack'
2026/02/01 16:09:10 [WARN] Continuing without applying provider-region defaults
2026/02/01 16:09:10 [DEBUG] Applied default for OpenCenter.Infrastructure.Compute.FlavorBastion: t3.small (source: provider_region)
2026/02/01 16:09:10 [DEBUG] Applied default for OpenCenter.Infrastructure.Compute.FlavorWorkerWindows: t3.xlarge (source: provider_region)
2026/02/01 16:09:10 [DEBUG] Applied default slice for OpenCenter.Infrastructure.Cloud.AWS.AvailabilityZones (source: provider_region)
2026/02/01 16:09:10 [WARN] No defaults found for provider 'openstack' region 'us-west-2': region 'us-west-2' not found for provider 'openstack'
2026/02/01 16:09:10 [WARN] Continuing without applying provider-region defaults
2026/02/01 16:09:10 [DEBUG] Applied default for OpenCenter.Infrastructure.Compute.FlavorBastion: t3.small (source: provider_region)
2026/02/01 16:09:10 [DEBUG] Applied default for OpenCenter.Infrastructure.Compute.FlavorWorkerWindows: t3.xlarge (source: provider_region)
2026/02/01 16:09:10 [DEBUG] Applied default slice for OpenCenter.Infrastructure.Cloud.AWS.AvailabilityZones (source: provider_region)
2026/02/01 16:09:10 [WARN] No defaults found for provider 'aws' region 'dfw3': region 'dfw3' not found for provider 'aws'
2026/02/01 16:09:10 [WARN] Continuing without applying provider-region defaults
2026/02/01 16:09:10 [WARN] No defaults found for provider 'gcp' region 'us-west-2': region 'us-west-2' not found for provider 'gcp'
2026/02/01 16:09:10 [WARN] Continuing without applying provider-region defaults
2026/02/01 16:09:10 [WARN] No defaults found for provider 'gcp' region 'dfw3': region 'dfw3' not found for provider 'gcp'
2026/02/01 16:09:10 [WARN] Continuing without applying provider-region defaults
+ loader round-trip produces equivalent structs: OK, passed 100 tests.
2026/02/01 16:09:10 [DEBUG] Applied default for OpenCenter.Infrastructure.Compute.FlavorBastion: gp.0.2.2 (source: provider_region)
2026/02/01 16:09:10 [DEBUG] Applied default for OpenCenter.Infrastructure.Compute.FlavorWorkerWindows: gp.5.4.16 (source: provider_region)
2026/02/01 16:09:10 [DEBUG] Applied default for OpenCenter.Infrastructure.Cloud.OpenStack.ImageID: 799dcf97-3656-4361-8187-13ab1b295e33 (source: provider_region)
--- FAIL: TestConfigLoader_LoadFromBytes_ValidConfig (0.00s)
    loader_test.go:106: Failed to load valid config: stage 5 (validate): schema validation failed: Key: 'Config.Deployment.Method' Error:Field validation for 'Method' failed on the 'required' tag
2026/02/01 16:09:10 [DEBUG] Applied default slice for OpenCenter.Infrastructure.Networking.DNSNameservers (source: provider_region)
2026/02/01 16:09:10 [DEBUG] Applied default slice for OpenCenter.Infrastructure.Networking.NTPServers (source: provider_region)
2026/02/01 16:09:10 [DEBUG] Applied default for OpenCenter.Infrastructure.Compute.FlavorBastion: gp.0.2.2 (source: provider_region)
2026/02/01 16:09:10 [DEBUG] Applied default for OpenCenter.Infrastructure.Compute.FlavorMaster: gp.0.4.8 (source: provider_region)
2026/02/01 16:09:10 [DEBUG] Applied default for OpenCenter.Infrastructure.Compute.FlavorWorker: gp.0.4.16 (source: provider_region)
2026/02/01 16:09:10 [DEBUG] Applied default for OpenCenter.Infrastructure.Compute.FlavorWorkerWindows: gp.5.4.16 (source: provider_region)
2026/02/01 16:09:10 [DEBUG] Applied default for OpenCenter.Infrastructure.Storage.DefaultStorageClass: csi-cinder-sc-delete (source: provider_region)
2026/02/01 16:09:10 [DEBUG] Applied default for OpenCenter.Infrastructure.Compute.FlavorBastion: gp.0.2.2 (source: provider_region)
2026/02/01 16:09:10 [DEBUG] Applied default for OpenCenter.Infrastructure.Compute.FlavorWorkerWindows: gp.5.4.16 (source: provider_region)
--- FAIL: TestConfigLoader_SaveToFile (0.01s)
    loader_test.go:295: Failed to load saved config: stage 5 (validate): schema validation failed: Key: 'Config.Deployment.Method' Error:Field validation for 'Method' failed on the 'required' tag
2026/02/01 16:09:10 [DEBUG] Applied default for OpenCenter.Infrastructure.Compute.FlavorBastion: gp.0.2.2 (source: provider_region)
2026/02/01 16:09:10 [DEBUG] Applied default for OpenCenter.Infrastructure.Compute.FlavorWorkerWindows: gp.5.4.16 (source: provider_region)
2026/02/01 16:09:10 [DEBUG] Applied default for OpenCenter.Infrastructure.Cloud.OpenStack.ImageID: 799dcf97-3656-4361-8187-13ab1b295e33 (source: provider_region)
2026/02/01 16:09:10 [DEBUG] Applied default slice for OpenCenter.Infrastructure.Cloud.OpenStack.AvailabilityZones (source: provider_region)
--- FAIL: TestConfigLoader_ExportEffectiveConfig (0.00s)
    loader_test.go:382: Failed to load config: stage 5 (validate): schema validation failed: Key: 'Config.Deployment.Method' Error:Field validation for 'Method' failed on the 'required' tag
2026/02/01 16:09:10 [DEBUG] Applied default slice for OpenCenter.Infrastructure.Networking.DNSNameservers (source: provider_region)
2026/02/01 16:09:10 [DEBUG] Applied default slice for OpenCenter.Infrastructure.Networking.NTPServers (source: provider_region)
2026/02/01 16:09:10 [DEBUG] Applied default for OpenCenter.Infrastructure.Compute.FlavorBastion: gp.0.2.2 (source: provider_region)
2026/02/01 16:09:10 [DEBUG] Applied default for OpenCenter.Infrastructure.Compute.FlavorMaster: gp.0.4.8 (source: provider_region)
2026/02/01 16:09:10 [DEBUG] Applied default for OpenCenter.Infrastructure.Compute.FlavorWorker: gp.0.4.16 (source: provider_region)
2026/02/01 16:09:10 [DEBUG] Applied default for OpenCenter.Infrastructure.Compute.FlavorWorkerWindows: gp.5.4.16 (source: provider_region)
2026/02/01 16:09:10 [DEBUG] Applied default for OpenCenter.Infrastructure.Storage.DefaultStorageClass: csi-cinder-sc-delete (source: provider_region)
+ VRRP IP relocated from cluster.networking to infrastructure.networking:
   OK, passed 100 tests.
Elapsed time: 3.23375ms
+ Networking settings relocated from cluster.networking to
   infrastructure.networking: OK, passed 100 tests.
Elapsed time: 14.210459ms
+ Compute settings relocated from cluster.kubernetes to
   infrastructure.compute: OK, passed 100 tests.
Elapsed time: 1.784666ms
+ Storage settings relocated from opencenter.storage to
   infrastructure.storage: OK, passed 100 tests.
Elapsed time: 197.209µs
+ SSH settings relocated from cluster to infrastructure.ssh: OK, passed
   100 tests.
Elapsed time: 278.333µs
+ Implicit defaults become explicit after migration: OK, passed 50 tests.
Elapsed time: 2.83ms
+ single provider section is valid: OK, passed 100 tests.
+ multiple provider sections are rejected: OK, passed 100 tests.
+ provider mismatch is rejected: OK, passed 100 tests.
FAIL
coverage: 55.4% of statements
FAIL	github.com/rackerlabs/opencenter-cli/internal/config/v2	1.048s
ok  	github.com/rackerlabs/opencenter-cli/internal/core/config	1.372s	coverage: 60.2% of statements
ok  	github.com/rackerlabs/opencenter-cli/internal/core/config/migration	1.205s	coverage: 85.9% of statements
ok  	github.com/rackerlabs/opencenter-cli/internal/core/config/strategies	1.234s	coverage: 82.2% of statements
ok  	github.com/rackerlabs/opencenter-cli/internal/core/paths	2.195s	coverage: 80.3% of statements
ok  	github.com/rackerlabs/opencenter-cli/internal/core/validation	1.272s	coverage: 88.3% of statements
ok  	github.com/rackerlabs/opencenter-cli/internal/core/validation/validators	1.496s	coverage: 69.5% of statements
ok  	github.com/rackerlabs/opencenter-cli/internal/credentials	0.865s	coverage: 28.6% of statements
ok  	github.com/rackerlabs/opencenter-cli/internal/di	1.276s	coverage: 91.4% of statements
ok  	github.com/rackerlabs/opencenter-cli/internal/gitops	4.719s	coverage: 62.7% of statements
ok  	github.com/rackerlabs/opencenter-cli/internal/gitops/stages	2.061s	coverage: 69.8% of statements
ok  	github.com/rackerlabs/opencenter-cli/internal/observability	0.730s	coverage: 23.4% of statements
! backup includes all required components: Falsified after 0 passed tests.
ARG_0: c
ARG_0_ORIGINAL (1 shrinks): jc
--- FAIL: TestProperty_BackupCompleteness (0.14s)
    properties.go:57: failed with initial seed: 1769983754802007000
! backup then restore produces equivalent configuration: Falsified after 0
   passed tests.
ARG_0: b
ARG_0_ORIGINAL (2 shrinks): b-0
ARG_1: 񣕫
ARG_1_ORIGINAL (1 shrinks): 񸬀񣕫
ARG_2: C0xvh8Xe
ARG_2_ORIGINAL (1 shrinks): C0xvh8Xel
--- FAIL: TestProperty_BackupRestorationRoundTrip (0.16s)
    properties.go:57: failed with initial seed: 1769983754939225000
! encrypted backup cannot be read without passphrase: Falsified after 1
   passed tests.
ARG_0: q-
ARG_0_ORIGINAL (2 shrinks): nq--
ARG_1: eJ6zPaYb
--- FAIL: TestProperty_BackupEncryption (0.23s)
    properties.go:57: failed with initial seed: 1769983755101803000
! backup integrity is verified with SHA-256 checksum: Falsified after 0
   passed tests.
ARG_0: s-
--- FAIL: TestProperty_BackupIntegrity (0.02s)
    properties.go:57: failed with initial seed: 1769983755333454000
+ drift report queries all resource types: OK, passed 100 tests.
+ drift severity is correctly classified: OK, passed 100 tests.
+ drift report summary is accurate: OK, passed 100 tests.
+ non-reconcilable drift marks report as non-reconcilable: OK, passed 100
   tests.
+ empty drift report has zero severity: OK, passed 100 tests.
+ drift detection handles provider errors gracefully: OK, passed 100 tests.
+ drift report includes timestamp: OK, passed 100 tests.
+ drift report includes unique ID: OK, passed 100 tests.
+ reconciliation requires reconcilable drift: OK, passed 100 tests.
+ dry-run mode doesn't modify resources: OK, passed 100 tests.
FAIL
coverage: 44.2% of statements
FAIL	github.com/rackerlabs/opencenter-cli/internal/operations	1.700s
ok  	github.com/rackerlabs/opencenter-cli/internal/plugins	2.825s	coverage: 83.1% of statements
ok  	github.com/rackerlabs/opencenter-cli/internal/provision	1.748s	coverage: 86.4% of statements
ok  	github.com/rackerlabs/opencenter-cli/internal/resilience	156.646s	coverage: 74.3% of statements
ok  	github.com/rackerlabs/opencenter-cli/internal/security	37.316s	coverage: 77.1% of statements
ok  	github.com/rackerlabs/opencenter-cli/internal/services	1.807s	coverage: 88.9% of statements
ok  	github.com/rackerlabs/opencenter-cli/internal/services/plugins	1.245s	coverage: 68.8% of statements
ok  	github.com/rackerlabs/opencenter-cli/internal/sops	65.963s	coverage: 43.9% of statements
ok  	github.com/rackerlabs/opencenter-cli/internal/talos	0.787s	coverage: 73.9% of statements
ok  	github.com/rackerlabs/opencenter-cli/internal/talos/generator	4.402s	coverage: 83.0% of statements
ok  	github.com/rackerlabs/opencenter-cli/internal/talos/pulumi	0.718s	coverage: 67.6% of statements
ok  	github.com/rackerlabs/opencenter-cli/internal/talos/validator	0.423s	coverage: 80.1% of statements

=== Duplicate Overlay Names Error ===
overlay conflicts detected: duplicate overlay name detected: 'my-overlay' appears at positions 0 and 1
Conflict: Each overlay must have a unique name within a composition
Resolution: Rename one of the overlays to a unique name
Example: Change 'my-overlay' to 'my-overlay-v2' or 'my-overlay-alt'
Impact: Duplicate names prevent proper overlay ordering and application


=== Provider Conflict Error ===
overlay aws-overlay is incompatible with base template: incompatible cloud providers detected
Conflict: Overlay 'aws-overlay' targets provider 'aws', but base template 'base-template' targets provider 'openstack'
Reason: Templates designed for different cloud providers have incompatible resource definitions
Resolution Options:
  1. Use an overlay designed for provider 'openstack'
  2. Use a base template designed for provider 'aws'
  3. Create a provider-agnostic overlay (remove provider specification)
Examples:
  - For OpenStack: Use overlays with provider='openstack'
  - For AWS: Use overlays with provider='aws'
  - For multi-provider: Use overlays with provider=''
Impact: Provider mismatches will result in invalid infrastructure configurations


=== Type Mismatch Error ===
overlay infra-overlay is incompatible with base template: incompatible template types detected
Conflict: Overlay 'infra-overlay' has type 'infrastructure', but base template 'service-base' has type 'service'
Reason: Overlays should be of type 'overlay' or compatible with the base template type
Resolution Options:
  1. Change overlay type to 'overlay' in its template definition
  2. Use a base template of type 'infrastructure' instead
  3. Convert the overlay to match the base template type
Impact: Type mismatches may cause rendering failures or unexpected output


=== Multiple Provider Conflict Error ===
overlay gcp-overlay is incompatible with base template: incompatible cloud providers detected
Conflict: Overlay 'gcp-overlay' targets provider 'gcp', but base template 'base-template' targets provider 'openstack'
Reason: Templates designed for different cloud providers have incompatible resource definitions
Resolution Options:
  1. Use an overlay designed for provider 'openstack'
  2. Use a base template designed for provider 'gcp'
  3. Create a provider-agnostic overlay (remove provider specification)
Examples:
  - For OpenStack: Use overlays with provider='openstack'
  - For AWS: Use overlays with provider='aws'
  - For multi-provider: Use overlays with provider=''
Impact: Provider mismatches will result in invalid infrastructure configurations

--- FAIL: TestRegisterRealGitOpsTemplates (0.00s)
    embedded_integration_test.go:40: Registered 137 templates from gitops.Files
    embedded_integration_test.go:42:   - Makefile (type: infrastructure, provider: , services: [])
    embedded_integration_test.go:42:   - kustomization (type: service, provider: , services: [])
    embedded_integration_test.go:42:   - main-baremetal.tf (type: infrastructure, provider: baremetal, services: [])
    embedded_integration_test.go:42:   - main-default.tf (type: infrastructure, provider: , services: [])
    embedded_integration_test.go:42:   - managed-services.alert-proxy.account-service-token-secret.yaml (type: service, provider: , services: [alert-proxy])
    embedded_integration_test.go:42:   - managed-services.alert-proxy.alert-manager-url-secret.yaml (type: service, provider: , services: [alert-proxy])
    embedded_integration_test.go:42:   - managed-services.alert-proxy.core-account-id-secret.yaml (type: service, provider: , services: [alert-proxy])
    embedded_integration_test.go:42:   - managed-services.alert-proxy.helm-values.override-values.yaml (type: service, provider: , services: [alert-proxy])
    embedded_integration_test.go:42:   - managed-services.alert-proxy.http-route-fqdn-secret.yaml (type: service, provider: , services: [alert-proxy])
    embedded_integration_test.go:42:   - managed-services.alert-proxy.kustomization (type: service, provider: , services: [alert-proxy])
    embedded_integration_test.go:42:   - managed-services.alert-proxy.namespace (type: service, provider: , services: [alert-proxy])
    embedded_integration_test.go:42:   - managed-services.alert-proxy.overseer-core-device-id-secret.yaml (type: service, provider: , services: [alert-proxy])
    embedded_integration_test.go:42:   - managed-services.fluxcd.alert-proxy.yaml (type: service, provider: , services: [alert-proxy fluxcd])
    embedded_integration_test.go:42:   - managed-services.fluxcd.kustomization.yaml (type: service, provider: , services: [fluxcd])
    embedded_integration_test.go:42:   - managed-services.fluxcd.sources.yaml (type: service, provider: , services: [fluxcd])
    embedded_integration_test.go:42:   - managed-services.sources.kustomization.yaml (type: service, provider: , services: [])
    embedded_integration_test.go:42:   - managed-services.sources.opencenter-alert-proxy.yaml (type: service, provider: , services: [alert-proxy])
    embedded_integration_test.go:42:   - services.calico.helm-values.override_values.yaml (type: service, provider: , services: [calico])
    embedded_integration_test.go:42:   - services.cert-manager.helm-values.override-values (type: service, provider: , services: [cert-manager])
    embedded_integration_test.go:42:   - services.cert-manager.kustomization.yaml (type: service, provider: , services: [cert-manager])
    embedded_integration_test.go:42:   - services.cert-manager.letsencrypt-issuer.yaml (type: service, provider: , services: [cert-manager])
    embedded_integration_test.go:42:   - services.cert-manager.opencenter-aws-credentials-secret.yaml (type: service, provider: aws, services: [cert-manager])
    embedded_integration_test.go:42:   - services.cert-manager.rackspace-ca-issuer (type: service, provider: , services: [cert-manager])
    embedded_integration_test.go:42:   - services.cert-manager.rackspace-selfsigned-ca.yaml (type: service, provider: , services: [cert-manager])
    embedded_integration_test.go:42:   - services.cert-manager.rackspace-selfsigned-issuer (type: service, provider: , services: [cert-manager])
    embedded_integration_test.go:42:   - services.etcd-backup.etcd-backup-kustomization (type: service, provider: , services: [etcd-backup])
    embedded_integration_test.go:42:   - services.fluxcd.cert-manager.yaml (type: service, provider: , services: [cert-manager fluxcd])
    embedded_integration_test.go:42:   - services.fluxcd.external-snapshotter.yaml (type: service, provider: , services: [fluxcd])
    embedded_integration_test.go:42:   - services.fluxcd.gateway-api.yaml (type: service, provider: , services: [fluxcd])
    embedded_integration_test.go:42:   - services.fluxcd.gateway.yaml (type: service, provider: , services: [fluxcd])
    embedded_integration_test.go:42:   - services.fluxcd.harbor.yaml (type: service, provider: , services: [fluxcd])
    embedded_integration_test.go:42:   - services.fluxcd.headlamp.yaml (type: service, provider: , services: [headlamp fluxcd])
    embedded_integration_test.go:42:   - services.fluxcd.keycloak.yaml (type: service, provider: , services: [keycloak fluxcd])
    embedded_integration_test.go:42:   - services.fluxcd.kube-prometheus-stack.yaml (type: service, provider: , services: [prometheus fluxcd])
    embedded_integration_test.go:42:   - services.fluxcd.kustomization.yaml (type: service, provider: , services: [fluxcd])
    embedded_integration_test.go:42:   - services.fluxcd.kyverno.yaml (type: service, provider: , services: [fluxcd])
    embedded_integration_test.go:42:   - services.fluxcd.loki.yaml (type: service, provider: , services: [loki fluxcd])
    embedded_integration_test.go:42:   - services.fluxcd.longhorn.yaml (type: service, provider: , services: [fluxcd])
    embedded_integration_test.go:42:   - services.fluxcd.metallb.yaml (type: service, provider: , services: [fluxcd])
    embedded_integration_test.go:42:   - services.fluxcd.observability-namespace.yaml (type: service, provider: , services: [fluxcd])
    embedded_integration_test.go:42:   - services.fluxcd.olm.yaml (type: service, provider: , services: [fluxcd])
    embedded_integration_test.go:42:   - services.fluxcd.openstack-ccm.yaml (type: service, provider: openstack, services: [fluxcd])
    embedded_integration_test.go:42:   - services.fluxcd.openstack-csi.yaml (type: service, provider: openstack, services: [fluxcd])
    embedded_integration_test.go:42:   - services.fluxcd.opentelemetry-kube-stack.yaml (type: service, provider: , services: [fluxcd])
    embedded_integration_test.go:42:   - services.fluxcd.postgres-operator.yaml (type: service, provider: , services: [fluxcd])
    embedded_integration_test.go:42:   - services.fluxcd.rbac-manager.yaml (type: service, provider: , services: [fluxcd])
    embedded_integration_test.go:42:   - services.fluxcd.sealed-secrets.yaml (type: service, provider: , services: [fluxcd])
    embedded_integration_test.go:42:   - services.fluxcd.sources.yaml (type: service, provider: , services: [fluxcd])
    embedded_integration_test.go:42:   - services.fluxcd.tempo.yaml (type: service, provider: , services: [fluxcd])
    embedded_integration_test.go:42:   - services.fluxcd.velero.yaml (type: service, provider: , services: [velero fluxcd])
    embedded_integration_test.go:42:   - services.fluxcd.vsphere-csi.yaml (type: service, provider: vsphere, services: [vsphere-csi fluxcd])
    embedded_integration_test.go:42:   - services.fluxcd.weave-gitops.yaml (type: service, provider: , services: [weave-gitops fluxcd])
    embedded_integration_test.go:42:   - services.gateway-api.helm-values.override-values (type: service, provider: , services: [])
    embedded_integration_test.go:42:   - services.gateway-api.kustomization (type: service, provider: , services: [])
    embedded_integration_test.go:42:   - services.gateway.gateway-class.yaml (type: service, provider: , services: [])
    embedded_integration_test.go:42:   - services.gateway.gateway.yaml (type: service, provider: , services: [])
    embedded_integration_test.go:42:   - services.gateway.kustomization (type: service, provider: , services: [])
    embedded_integration_test.go:42:   - services.gateway.namespace.yaml (type: service, provider: , services: [])
    embedded_integration_test.go:42:   - services.headlamp.helm-values.override-values.yaml (type: service, provider: , services: [headlamp])
    embedded_integration_test.go:42:   - services.headlamp.httproute.yaml (type: service, provider: , services: [headlamp])
    embedded_integration_test.go:42:   - services.headlamp.kustomization.yaml (type: service, provider: , services: [headlamp])
    embedded_integration_test.go:42:   - services.keycloak.00-postgres.kustomization (type: service, provider: , services: [keycloak])
    embedded_integration_test.go:42:   - services.keycloak.00-postgres.postgres-cluster.yaml (type: service, provider: , services: [keycloak])
    embedded_integration_test.go:42:   - services.keycloak.10-operator.kustomization (type: service, provider: , services: [keycloak])
    embedded_integration_test.go:42:   - services.keycloak.20-keycloak.httproute.yaml (type: service, provider: , services: [keycloak])
    embedded_integration_test.go:42:   - services.keycloak.20-keycloak.keycloak-backup-cronjob.yaml (type: service, provider: , services: [keycloak])
    embedded_integration_test.go:42:   - services.keycloak.20-keycloak.keycloak-cr-patch.yaml (type: service, provider: , services: [keycloak])
    embedded_integration_test.go:42:   - services.keycloak.20-keycloak.keycloak-hpa.yaml (type: service, provider: , services: [keycloak])
    embedded_integration_test.go:42:   - services.keycloak.20-keycloak.kustomization (type: service, provider: , services: [keycloak])
    embedded_integration_test.go:42:   - services.keycloak.20-keycloak.kustomization.yaml (type: service, provider: , services: [keycloak])
    embedded_integration_test.go:42:   - services.keycloak.20-keycloak.opencenter-realm.yaml (type: service, provider: , services: [keycloak])
    embedded_integration_test.go:42:   - services.kube-prometheus-stack.alertmanager-routes.yaml (type: service, provider: , services: [prometheus])
    embedded_integration_test.go:42:   - services.kube-prometheus-stack.custom-alertmanager-routes.yaml (type: service, provider: , services: [prometheus])
    embedded_integration_test.go:42:   - services.kube-prometheus-stack.custom-grafana-routes.yaml (type: service, provider: , services: [prometheus grafana])
    embedded_integration_test.go:42:   - services.kube-prometheus-stack.custom-prometheus-routes.yaml (type: service, provider: , services: [prometheus])
    embedded_integration_test.go:42:   - services.kube-prometheus-stack.gateway-oidc-secret (type: service, provider: , services: [prometheus])
    embedded_integration_test.go:42:   - services.kube-prometheus-stack.grafana-admin-password.yaml (type: service, provider: , services: [prometheus grafana])
    embedded_integration_test.go:42:   - services.kube-prometheus-stack.helm-values.override-values.yaml (type: service, provider: , services: [prometheus])
    embedded_integration_test.go:42:   - services.kube-prometheus-stack.kustomization (type: service, provider: , services: [prometheus])
    embedded_integration_test.go:42:   - services.kube-prometheus-stack.prometheus-security-policy (type: service, provider: , services: [prometheus])
    embedded_integration_test.go:42:   - services.kyverno.kustomization (type: service, provider: , services: [])
    embedded_integration_test.go:42:   - services.loki.helm-values.override-values.yaml (type: service, provider: , services: [loki])
    embedded_integration_test.go:42:   - services.loki.kustomization (type: service, provider: , services: [loki])
    embedded_integration_test.go:42:   - services.longhorn.helm-values.override-values (type: service, provider: , services: [])
    embedded_integration_test.go:42:   - services.longhorn.kustomization (type: service, provider: , services: [])
    embedded_integration_test.go:42:   - services.longhorn.longhorn-http-route.yaml (type: service, provider: , services: [])
    embedded_integration_test.go:42:   - services.metallb.helm-values.override-values (type: service, provider: , services: [])
    embedded_integration_test.go:42:   - services.metallb.ipaddresspool (type: service, provider: , services: [])
    embedded_integration_test.go:42:   - services.metallb.kustomization (type: service, provider: , services: [])
    embedded_integration_test.go:42:   - services.metallb.l2advertisement (type: service, provider: , services: [])
    embedded_integration_test.go:42:   - services.olm.kustomization (type: service, provider: , services: [])
    embedded_integration_test.go:42:   - services.olm.netpol (type: service, provider: , services: [])
    embedded_integration_test.go:42:   - services.olm.patches (type: service, provider: , services: [])
    embedded_integration_test.go:42:   - services.openstack-ccm.helm-values.override-values (type: service, provider: openstack, services: [])
    embedded_integration_test.go:42:   - services.openstack-ccm.kustomization (type: service, provider: openstack, services: [])
    embedded_integration_test.go:42:   - services.openstack-csi.helm-values.override-values (type: service, provider: openstack, services: [])
    embedded_integration_test.go:42:   - services.openstack-csi.kustomization (type: service, provider: openstack, services: [])
    embedded_integration_test.go:42:   - services.opentelemetry-kube-stack.helm-values.override-values.yaml (type: service, provider: , services: [])
    embedded_integration_test.go:42:   - services.opentelemetry-kube-stack.kustomization (type: service, provider: , services: [])
    embedded_integration_test.go:42:   - services.postgres-operator.helm-values.override-values (type: service, provider: , services: [])
    embedded_integration_test.go:42:   - services.postgres-operator.kustomization (type: service, provider: , services: [])
    embedded_integration_test.go:42:   - services.sealed-secrets.helm-values.override-values (type: service, provider: , services: [])
    embedded_integration_test.go:42:   - services.sealed-secrets.kustomization (type: service, provider: , services: [])
    embedded_integration_test.go:42:   - services.sources.kustomization.yaml (type: service, provider: , services: [])
    embedded_integration_test.go:42:   - services.sources.opencenter-cert-manager.yaml (type: service, provider: , services: [cert-manager])
    embedded_integration_test.go:42:   - services.sources.opencenter-external-snapshotter.yaml (type: service, provider: , services: [])
    embedded_integration_test.go:42:   - services.sources.opencenter-gateway-api.yaml (type: service, provider: , services: [])
    embedded_integration_test.go:42:   - services.sources.opencenter-harbor.yaml (type: service, provider: , services: [])
    embedded_integration_test.go:42:   - services.sources.opencenter-headlamp.yaml (type: service, provider: , services: [headlamp])
    embedded_integration_test.go:42:   - services.sources.opencenter-keycloak-config.yaml (type: service, provider: , services: [keycloak])
    embedded_integration_test.go:42:   - services.sources.opencenter-keycloak.yaml (type: service, provider: , services: [keycloak])
    embedded_integration_test.go:42:   - services.sources.opencenter-kube-prometheus-stack.yaml (type: service, provider: , services: [prometheus])
    embedded_integration_test.go:42:   - services.sources.opencenter-kyverno.yaml (type: service, provider: , services: [])
    embedded_integration_test.go:42:   - services.sources.opencenter-metallb.yaml (type: service, provider: , services: [])
    embedded_integration_test.go:42:   - services.sources.opencenter-observability.yaml (type: service, provider: , services: [])
    embedded_integration_test.go:42:   - services.sources.opencenter-olm-config.yaml (type: service, provider: , services: [])
    embedded_integration_test.go:42:   - services.sources.opencenter-olm.yaml (type: service, provider: , services: [])
    embedded_integration_test.go:42:   - services.sources.opencenter-openstack-ccm.yaml (type: service, provider: openstack, services: [])
    embedded_integration_test.go:42:   - services.sources.opencenter-openstack-csi.yaml (type: service, provider: openstack, services: [])
    embedded_integration_test.go:42:   - services.sources.opencenter-postgres-operator.yaml (type: service, provider: , services: [])
    embedded_integration_test.go:42:   - services.sources.opencenter-rbac-manager.yaml (type: service, provider: , services: [])
    embedded_integration_test.go:42:   - services.sources.opencenter-sealed-secrets.yaml (type: service, provider: , services: [])
    embedded_integration_test.go:42:   - services.sources.opencenter-velero.yaml (type: service, provider: , services: [velero])
    embedded_integration_test.go:42:   - services.sources.opencenter-vsphere-csi.yaml (type: service, provider: vsphere, services: [vsphere-csi])
    embedded_integration_test.go:42:   - services.sources.opencenter-weave-gitops.yaml (type: service, provider: , services: [weave-gitops])
    embedded_integration_test.go:42:   - services.tempo.helm-values.override-values.yaml (type: service, provider: , services: [])
    embedded_integration_test.go:42:   - services.tempo.kustomization (type: service, provider: , services: [])
    embedded_integration_test.go:42:   - services.velero.helm-values.override-values (type: service, provider: , services: [velero])
    embedded_integration_test.go:42:   - services.velero.kustomization (type: service, provider: , services: [velero])
    embedded_integration_test.go:42:   - services.velero.velero-credentials (type: service, provider: , services: [velero])
    embedded_integration_test.go:42:   - services.vsphere-csi.helm-values.override-values.yaml (type: service, provider: vsphere, services: [vsphere-csi])
    embedded_integration_test.go:42:   - services.vsphere-csi.kustomization (type: service, provider: vsphere, services: [vsphere-csi])
    embedded_integration_test.go:42:   - services.vsphere-csi.storageclass-delete.yaml (type: service, provider: vsphere, services: [vsphere-csi])
    embedded_integration_test.go:42:   - services.vsphere-csi.storageclass-retain.yaml (type: service, provider: vsphere, services: [vsphere-csi])
    embedded_integration_test.go:42:   - services.vsphere-csi.vsphere-config-secret (type: service, provider: vsphere, services: [vsphere-csi])
    embedded_integration_test.go:42:   - services.vsphere-csi.vsphere-cpi-secret (type: service, provider: vsphere, services: [vsphere-csi])
    embedded_integration_test.go:42:   - variables.tf (type: infrastructure, provider: , services: [])
    embedded_integration_test.go:73: 
        	Error Trace:	/Users/victor.palma/projects/rackspace/openCenter-cli/internal/template/embedded_integration_test.go:73
        	Error:      	Received unexpected error:
        	            	template main.tf not found
        	Test:       	TestRegisterRealGitOpsTemplates
        	Messages:   	expected template main.tf should be registered
+ dependencies always come before dependents: OK, passed 100 tests.
+ resolving dependencies multiple times produces same order: OK, passed
   100 tests.
+ circular dependencies are always detected: OK, passed 100 tests.
+ transitive dependencies are included in resolution: OK, passed 100 tests.
+ templates with no dependencies resolve to themselves: OK, passed 100
   tests.
+ shared dependencies appear only once: OK, passed 100 tests.
+ provider filter returns only compatible templates: OK, passed 100 tests.
+ universal templates are included for all providers: OK, passed 100 tests.
+ incompatible provider templates are excluded: OK, passed 100 tests.
+ templates are sorted by priority descending: OK, passed 100 tests.
+ dangerous functions are rejected during validation: OK, passed 100 tests.
+ safe functions are accepted during validation: OK, passed 100 tests.
+ templates with dangerous function calls fail to render: OK, passed 100
   tests.
+ only safe functions are in the function map: OK, passed 100 tests.
! templates timeout after specified duration: Falsified after 37 passed
   tests.
ARG_0: 16
+ valid templates render successfully within timeout: OK, passed 100 tests.
+ invalid templates fail validation before rendering: OK, passed 100 tests.
+ templates with undefined functions fail validation: OK, passed 100 tests.
+ default timeout is 30 seconds: OK, passed 100 tests.
--- FAIL: TestProperty_TemplateInputValidation (1.71s)
    properties.go:57: failed with initial seed: 1769983760784477000
FAIL
coverage: 74.1% of statements
FAIL	github.com/rackerlabs/opencenter-cli/internal/template	2.870s
ok  	github.com/rackerlabs/opencenter-cli/internal/testing	9.284s	coverage: 80.5% of statements
ok  	github.com/rackerlabs/opencenter-cli/internal/tofu	0.881s	coverage: 60.9% of statements
ok  	github.com/rackerlabs/opencenter-cli/internal/ui	0.600s	coverage: 63.0% of statements
ok  	github.com/rackerlabs/opencenter-cli/internal/util	1.156s	coverage: 100.0% of statements
ok  	github.com/rackerlabs/opencenter-cli/internal/util/crypto	0.400s	coverage: 13.8% of statements
ok  	github.com/rackerlabs/opencenter-cli/internal/util/errors	0.473s	coverage: 96.4% of statements
	github.com/rackerlabs/opencenter-cli/internal/util/files		coverage: 0.0% of statements
ok  	github.com/rackerlabs/opencenter-cli/internal/util/metrics	0.531s	coverage: 99.0% of statements
	github.com/rackerlabs/opencenter-cli/internal/util/security		coverage: 0.0% of statements
ok  	github.com/rackerlabs/opencenter-cli/internal/util/template	0.437s	coverage: 49.1% of statements
FAIL
